<!doctype html public "-//w3c//dtd html 4.0 transitional//en">
<html><head>
<title>Static Call Graph - [..\..\out\Firmware\FDC2301_Firmware.axf]</title></head>
<body><HR>
<H1>Static Call Graph for image ..\..\out\Firmware\FDC2301_Firmware.axf</H1><HR>
<BR><P>#&#060CALLGRAPH&#062# ARM Linker, 5040049: Last Updated: Tue Dec 29 10:13:21 2015
<BR><P>
<H3>Maximum Stack Usage =       5216 bytes + Unknown(Functions without stacksize, Cycles, Untraceable Function Pointers)</H3><H3>
Call chain for Maximum Stack Depth:</H3>
keydo_JobSongSet &rArr; GetAudioLength &rArr; mp3_ReadFromFile &rArr; mp3_ReadFromFSFile &rArr; ID3v2_ReadFromFile &rArr; ReadHeader &rArr; f_read &rArr; get_fat &rArr; move_window &rArr; sync_window &rArr; disk_write &rArr; usb_disk_write &rArr; ch375_WriteSec &rArr; wr_usb_data &rArr; xWriteCH375Data
<P>
<H3>
Functions with no stack information
</H3><UL>
 <LI><a href="#[132]">__user_initial_stackheap</a>
</UL>
</UL>
<P>
<H3>
Mutually Recursive functions
</H3> <LI><a href="#[20]">ADC1_2_IRQHandler</a>&nbsp;&nbsp;&nbsp;&rArr;&nbsp;&nbsp;&nbsp;<a href="#[20]">ADC1_2_IRQHandler</a><BR>
</UL>
<P>
<H3>
Function Pointers
</H3><UL>
 <LI><a href="#[20]">ADC1_2_IRQHandler</a> from startup_stm32f10x_hd.o(.text) referenced from startup_stm32f10x_hd.o(RESET)
 <LI><a href="#[3d]">ADC3_IRQHandler</a> from startup_stm32f10x_hd.o(.text) referenced from startup_stm32f10x_hd.o(RESET)
 <LI><a href="#[8]">BusFault_Handler</a> from stm32f10x_it.o(i.BusFault_Handler) referenced from startup_stm32f10x_hd.o(RESET)
 <LI><a href="#[23]">CAN1_RX1_IRQHandler</a> from startup_stm32f10x_hd.o(.text) referenced from startup_stm32f10x_hd.o(RESET)
 <LI><a href="#[24]">CAN1_SCE_IRQHandler</a> from startup_stm32f10x_hd.o(.text) referenced from startup_stm32f10x_hd.o(RESET)
 <LI><a href="#[19]">DMA1_Channel1_IRQHandler</a> from startup_stm32f10x_hd.o(.text) referenced from startup_stm32f10x_hd.o(RESET)
 <LI><a href="#[1a]">DMA1_Channel2_IRQHandler</a> from startup_stm32f10x_hd.o(.text) referenced from startup_stm32f10x_hd.o(RESET)
 <LI><a href="#[1b]">DMA1_Channel3_IRQHandler</a> from startup_stm32f10x_hd.o(.text) referenced from startup_stm32f10x_hd.o(RESET)
 <LI><a href="#[1c]">DMA1_Channel4_IRQHandler</a> from startup_stm32f10x_hd.o(.text) referenced from startup_stm32f10x_hd.o(RESET)
 <LI><a href="#[1d]">DMA1_Channel5_IRQHandler</a> from startup_stm32f10x_hd.o(.text) referenced from startup_stm32f10x_hd.o(RESET)
 <LI><a href="#[1e]">DMA1_Channel6_IRQHandler</a> from startup_stm32f10x_hd.o(.text) referenced from startup_stm32f10x_hd.o(RESET)
 <LI><a href="#[1f]">DMA1_Channel7_IRQHandler</a> from startup_stm32f10x_hd.o(.text) referenced from startup_stm32f10x_hd.o(RESET)
 <LI><a href="#[46]">DMA2_Channel1_IRQHandler</a> from startup_stm32f10x_hd.o(.text) referenced from startup_stm32f10x_hd.o(RESET)
 <LI><a href="#[47]">DMA2_Channel2_IRQHandler</a> from startup_stm32f10x_hd.o(.text) referenced from startup_stm32f10x_hd.o(RESET)
 <LI><a href="#[48]">DMA2_Channel3_IRQHandler</a> from startup_stm32f10x_hd.o(.text) referenced from startup_stm32f10x_hd.o(RESET)
 <LI><a href="#[49]">DMA2_Channel4_5_IRQHandler</a> from startup_stm32f10x_hd.o(.text) referenced from startup_stm32f10x_hd.o(RESET)
 <LI><a href="#[b]">DebugMon_Handler</a> from stm32f10x_it.o(i.DebugMon_Handler) referenced from startup_stm32f10x_hd.o(RESET)
 <LI><a href="#[14]">EXTI0_IRQHandler</a> from startup_stm32f10x_hd.o(.text) referenced from startup_stm32f10x_hd.o(RESET)
 <LI><a href="#[36]">EXTI15_10_IRQHandler</a> from stm32f10x_it.o(i.EXTI15_10_IRQHandler) referenced from startup_stm32f10x_hd.o(RESET)
 <LI><a href="#[15]">EXTI1_IRQHandler</a> from startup_stm32f10x_hd.o(.text) referenced from startup_stm32f10x_hd.o(RESET)
 <LI><a href="#[16]">EXTI2_IRQHandler</a> from startup_stm32f10x_hd.o(.text) referenced from startup_stm32f10x_hd.o(RESET)
 <LI><a href="#[17]">EXTI3_IRQHandler</a> from stm32f10x_it.o(i.EXTI3_IRQHandler) referenced from startup_stm32f10x_hd.o(RESET)
 <LI><a href="#[18]">EXTI4_IRQHandler</a> from startup_stm32f10x_hd.o(.text) referenced from startup_stm32f10x_hd.o(RESET)
 <LI><a href="#[25]">EXTI9_5_IRQHandler</a> from stm32f10x_it.o(i.EXTI9_5_IRQHandler) referenced from startup_stm32f10x_hd.o(RESET)
 <LI><a href="#[12]">FLASH_IRQHandler</a> from startup_stm32f10x_hd.o(.text) referenced from startup_stm32f10x_hd.o(RESET)
 <LI><a href="#[3e]">FSMC_IRQHandler</a> from startup_stm32f10x_hd.o(.text) referenced from startup_stm32f10x_hd.o(RESET)
 <LI><a href="#[6]">HardFault_Handler</a> from stm32f10x_it.o(i.HardFault_Handler) referenced from startup_stm32f10x_hd.o(RESET)
 <LI><a href="#[2e]">I2C1_ER_IRQHandler</a> from startup_stm32f10x_hd.o(.text) referenced from startup_stm32f10x_hd.o(RESET)
 <LI><a href="#[2d]">I2C1_EV_IRQHandler</a> from startup_stm32f10x_hd.o(.text) referenced from startup_stm32f10x_hd.o(RESET)
 <LI><a href="#[30]">I2C2_ER_IRQHandler</a> from startup_stm32f10x_hd.o(.text) referenced from startup_stm32f10x_hd.o(RESET)
 <LI><a href="#[2f]">I2C2_EV_IRQHandler</a> from startup_stm32f10x_hd.o(.text) referenced from startup_stm32f10x_hd.o(RESET)
 <LI><a href="#[94]">InitBjSet</a> from menu.o(i.InitBjSet) referenced from menu.o(.constdata)
 <LI><a href="#[80]">InitGroupList</a> from menu.o(i.InitGroupList) referenced from menu.o(.constdata)
 <LI><a href="#[83]">InitIntercutTask</a> from menu.o(i.InitIntercutTask) referenced from menu.o(.constdata)
 <LI><a href="#[7d]">InitJobEdit</a> from menu.o(i.InitJobEdit) referenced from menu.o(.constdata)
 <LI><a href="#[97]">InitJobSongSet</a> from menu.o(i.InitJobSongSet) referenced from menu.o(.constdata)
 <LI><a href="#[9a]">InitJobTunerSet</a> from menu.o(i.InitJobTunerSet) referenced from menu.o(.constdata)
 <LI><a href="#[6c]">InitMainMenu</a> from menu.o(i.InitMainMenu) referenced from menu.o(.constdata)
 <LI><a href="#[89]">InitPhoneTask</a> from menu.o(i.InitPhoneTask) referenced from menu.o(.constdata)
 <LI><a href="#[5e]">InitPlayAUX</a> from menu.o(i.InitPlayAUX) referenced from menu.o(.constdata)
 <LI><a href="#[5b]">InitPlayMem</a> from menu.o(i.InitPlayMem) referenced from menu.o(.constdata)
 <LI><a href="#[61]">InitPlayUSB</a> from menu.o(i.InitPlayUSB) referenced from menu.o(.constdata)
 <LI><a href="#[58]">InitPlayeTuner</a> from menu.o(i.InitPlayeTuner) referenced from menu.o(.constdata)
 <LI><a href="#[a6]">InitPortCtrlParam</a> from menu.o(i.InitPortCtrlParam) referenced from menu.o(.constdata)
 <LI><a href="#[a3]">InitPortEditParam</a> from menu.o(i.InitPortEditParam) referenced from menu.o(.constdata)
 <LI><a href="#[72]">InitSongViewMenu</a> from menu.o(i.InitSongViewMenu) referenced from menu.o(.constdata)
 <LI><a href="#[9d]">InitSpecialJobEdit</a> from menu.o(i.InitSpecialJobEdit) referenced from menu.o(.constdata)
 <LI><a href="#[75]">InitSystemSet</a> from menu.o(i.InitSystemSet) referenced from menu.o(.constdata)
 <LI><a href="#[6f]">InitTaskMannagerMenu</a> from menu.o(i.InitTaskMannagerMenu) referenced from menu.o(.constdata)
 <LI><a href="#[7a]">InitTaskView</a> from menu.o(i.InitTaskView) referenced from menu.o(.constdata)
 <LI><a href="#[a0]">InitTaskViewList</a> from menu.o(i.InitTaskViewList) referenced from menu.o(.constdata)
 <LI><a href="#[86]">InitYkTask</a> from menu.o(i.InitYkTask) referenced from menu.o(.constdata)
 <LI><a href="#[7]">MemManage_Handler</a> from stm32f10x_it.o(i.MemManage_Handler) referenced from startup_stm32f10x_hd.o(RESET)
 <LI><a href="#[5]">NMI_Handler</a> from stm32f10x_it.o(i.NMI_Handler) referenced from startup_stm32f10x_hd.o(RESET)
 <LI><a href="#[f]">PVD_IRQHandler</a> from startup_stm32f10x_hd.o(.text) referenced from startup_stm32f10x_hd.o(RESET)
 <LI><a href="#[c]">PendSV_Handler</a> from stm32f10x_it.o(i.PendSV_Handler) referenced from startup_stm32f10x_hd.o(RESET)
 <LI><a href="#[13]">RCC_IRQHandler</a> from startup_stm32f10x_hd.o(.text) referenced from startup_stm32f10x_hd.o(RESET)
 <LI><a href="#[37]">RTCAlarm_IRQHandler</a> from startup_stm32f10x_hd.o(.text) referenced from startup_stm32f10x_hd.o(RESET)
 <LI><a href="#[11]">RTC_IRQHandler</a> from startup_stm32f10x_hd.o(.text) referenced from startup_stm32f10x_hd.o(RESET)
 <LI><a href="#[4]">Reset_Handler</a> from startup_stm32f10x_hd.o(.text) referenced from startup_stm32f10x_hd.o(RESET)
 <LI><a href="#[3f]">SDIO_IRQHandler</a> from stm32f10x_it.o(i.SDIO_IRQHandler) referenced from startup_stm32f10x_hd.o(RESET)
 <LI><a href="#[31]">SPI1_IRQHandler</a> from startup_stm32f10x_hd.o(.text) referenced from startup_stm32f10x_hd.o(RESET)
 <LI><a href="#[32]">SPI2_IRQHandler</a> from startup_stm32f10x_hd.o(.text) referenced from startup_stm32f10x_hd.o(RESET)
 <LI><a href="#[41]">SPI3_IRQHandler</a> from startup_stm32f10x_hd.o(.text) referenced from startup_stm32f10x_hd.o(RESET)
 <LI><a href="#[a]">SVC_Handler</a> from stm32f10x_it.o(i.SVC_Handler) referenced from startup_stm32f10x_hd.o(RESET)
 <LI><a href="#[d]">SysTick_Handler</a> from stm32f10x_it.o(i.SysTick_Handler) referenced from startup_stm32f10x_hd.o(RESET)
 <LI><a href="#[4a]">SystemInit_ExtMemCtl</a> from startup_stm32f10x_hd.o(.text) referenced from startup_stm32f10x_hd.o(.text)
 <LI><a href="#[10]">TAMPER_IRQHandler</a> from startup_stm32f10x_hd.o(.text) referenced from startup_stm32f10x_hd.o(RESET)
 <LI><a href="#[26]">TIM1_BRK_IRQHandler</a> from startup_stm32f10x_hd.o(.text) referenced from startup_stm32f10x_hd.o(RESET)
 <LI><a href="#[29]">TIM1_CC_IRQHandler</a> from startup_stm32f10x_hd.o(.text) referenced from startup_stm32f10x_hd.o(RESET)
 <LI><a href="#[28]">TIM1_TRG_COM_IRQHandler</a> from startup_stm32f10x_hd.o(.text) referenced from startup_stm32f10x_hd.o(RESET)
 <LI><a href="#[27]">TIM1_UP_IRQHandler</a> from startup_stm32f10x_hd.o(.text) referenced from startup_stm32f10x_hd.o(RESET)
 <LI><a href="#[2a]">TIM2_IRQHandler</a> from startup_stm32f10x_hd.o(.text) referenced from startup_stm32f10x_hd.o(RESET)
 <LI><a href="#[2b]">TIM3_IRQHandler</a> from startup_stm32f10x_hd.o(.text) referenced from startup_stm32f10x_hd.o(RESET)
 <LI><a href="#[2c]">TIM4_IRQHandler</a> from startup_stm32f10x_hd.o(.text) referenced from startup_stm32f10x_hd.o(RESET)
 <LI><a href="#[40]">TIM5_IRQHandler</a> from startup_stm32f10x_hd.o(.text) referenced from startup_stm32f10x_hd.o(RESET)
 <LI><a href="#[44]">TIM6_IRQHandler</a> from startup_stm32f10x_hd.o(.text) referenced from startup_stm32f10x_hd.o(RESET)
 <LI><a href="#[45]">TIM7_IRQHandler</a> from startup_stm32f10x_hd.o(.text) referenced from startup_stm32f10x_hd.o(RESET)
 <LI><a href="#[39]">TIM8_BRK_IRQHandler</a> from startup_stm32f10x_hd.o(.text) referenced from startup_stm32f10x_hd.o(RESET)
 <LI><a href="#[3c]">TIM8_CC_IRQHandler</a> from startup_stm32f10x_hd.o(.text) referenced from startup_stm32f10x_hd.o(RESET)
 <LI><a href="#[3b]">TIM8_TRG_COM_IRQHandler</a> from startup_stm32f10x_hd.o(.text) referenced from startup_stm32f10x_hd.o(RESET)
 <LI><a href="#[3a]">TIM8_UP_IRQHandler</a> from startup_stm32f10x_hd.o(.text) referenced from startup_stm32f10x_hd.o(RESET)
 <LI><a href="#[42]">UART4_IRQHandler</a> from startup_stm32f10x_hd.o(.text) referenced from startup_stm32f10x_hd.o(RESET)
 <LI><a href="#[43]">UART5_IRQHandler</a> from startup_stm32f10x_hd.o(.text) referenced from startup_stm32f10x_hd.o(RESET)
 <LI><a href="#[33]">USART1_IRQHandler</a> from stm32f10x_it.o(i.USART1_IRQHandler) referenced from startup_stm32f10x_hd.o(RESET)
 <LI><a href="#[34]">USART2_IRQHandler</a> from stm32f10x_it.o(i.USART2_IRQHandler) referenced from startup_stm32f10x_hd.o(RESET)
 <LI><a href="#[35]">USART3_IRQHandler</a> from startup_stm32f10x_hd.o(.text) referenced from startup_stm32f10x_hd.o(RESET)
 <LI><a href="#[38]">USBWakeUp_IRQHandler</a> from startup_stm32f10x_hd.o(.text) referenced from startup_stm32f10x_hd.o(RESET)
 <LI><a href="#[21]">USB_HP_CAN1_TX_IRQHandler</a> from stm32f10x_it.o(i.USB_HP_CAN1_TX_IRQHandler) referenced from startup_stm32f10x_hd.o(RESET)
 <LI><a href="#[22]">USB_LP_CAN1_RX0_IRQHandler</a> from stm32f10x_it.o(i.USB_LP_CAN1_RX0_IRQHandler) referenced from startup_stm32f10x_hd.o(RESET)
 <LI><a href="#[9]">UsageFault_Handler</a> from stm32f10x_it.o(i.UsageFault_Handler) referenced from startup_stm32f10x_hd.o(RESET)
 <LI><a href="#[e]">WWDG_IRQHandler</a> from startup_stm32f10x_hd.o(.text) referenced from startup_stm32f10x_hd.o(RESET)
 <LI><a href="#[a8]">__main</a> from __main.o(!!!main) referenced from startup_stm32f10x_hd.o(.text)
 <LI><a href="#[4e]">_get_lc_ctype</a> from lc_ctype_c.o(locale$$code) referenced from rt_ctype_table.o(.text)
 <LI><a href="#[4d]">_printf_input_char</a> from _printf_char_common.o(.text) referenced from _printf_char_common.o(.text)
 <LI><a href="#[4c]">_sputc</a> from _sputc.o(.text) referenced 2 times from c89vsprintf.o(.text)
 <LI><a href="#[95]">dspBjSet</a> from menu.o(i.dspBjSet) referenced from menu.o(.constdata)
 <LI><a href="#[56]">dspDesktop</a> from menu.o(i.dspDesktop) referenced from menu.o(.constdata)
 <LI><a href="#[81]">dspGroupList</a> from menu.o(i.dspGroupList) referenced from menu.o(.constdata)
 <LI><a href="#[84]">dspIntercutTask</a> from menu.o(i.dspIntercutTask) referenced from menu.o(.constdata)
 <LI><a href="#[7e]">dspJobEdit</a> from menu.o(i.dspJobEdit) referenced from menu.o(.constdata)
 <LI><a href="#[98]">dspJobSongSet</a> from menu.o(i.dspJobSongSet) referenced from menu.o(.constdata)
 <LI><a href="#[9b]">dspJobTunerSet</a> from menu.o(i.dspJobTunerSet) referenced from menu.o(.constdata)
 <LI><a href="#[6d]">dspMainMenu</a> from menu.o(i.dspMainMenu) referenced from menu.o(.constdata)
 <LI><a href="#[6a]">dspPasswordInput</a> from menu.o(i.dspPasswordInput) referenced from menu.o(.constdata)
 <LI><a href="#[92]">dspPasswordSet</a> from menu.o(i.dspPasswordSet) referenced from menu.o(.constdata)
 <LI><a href="#[8a]">dspPhoneTask</a> from menu.o(i.dspPhoneTask) referenced from menu.o(.constdata)
 <LI><a href="#[5f]">dspPlayAUX</a> from menu.o(i.dspPlayAUX) referenced from menu.o(.constdata)
 <LI><a href="#[68]">dspPlayBj</a> from menu.o(i.dspPlayBj) referenced from menu.o(.constdata)
 <LI><a href="#[5c]">dspPlayMem</a> from menu.o(i.dspPlayMem) referenced from menu.o(.constdata)
 <LI><a href="#[64]">dspPlayPhone</a> from menu.o(i.dspPlayPhone) referenced from menu.o(.constdata)
 <LI><a href="#[59]">dspPlayTuner</a> from menu.o(i.dspPlayTuner) referenced from menu.o(.constdata)
 <LI><a href="#[62]">dspPlayUSB</a> from menu.o(i.dspPlayUSB) referenced from menu.o(.constdata)
 <LI><a href="#[66]">dspPlayYj</a> from menu.o(i.dspPlayYj) referenced from menu.o(.constdata)
 <LI><a href="#[a7]">dspPortCtrl</a> from menu.o(i.dspPortCtrl) referenced from menu.o(.constdata)
 <LI><a href="#[a4]">dspPortEdit</a> from menu.o(i.dspPortEdit) referenced from menu.o(.constdata)
 <LI><a href="#[8c]">dspSongViewMem</a> from menu.o(i.dspSongViewMem) referenced from menu.o(.constdata)
 <LI><a href="#[73]">dspSongViewMenu</a> from menu.o(i.dspSongViewMenu) referenced from menu.o(.constdata)
 <LI><a href="#[8e]">dspSongViewUSB</a> from menu.o(i.dspSongViewUSB) referenced from menu.o(.constdata)
 <LI><a href="#[9e]">dspSpecialJobEdit</a> from menu.o(i.dspSpecialJobEdit) referenced from menu.o(.constdata)
 <LI><a href="#[78]">dspSpecialMode</a> from menu.o(i.dspSpecialMode) referenced from menu.o(.constdata)
 <LI><a href="#[76]">dspSystemSet</a> from menu.o(i.dspSystemSet) referenced from menu.o(.constdata)
 <LI><a href="#[70]">dspTaskManagerMenu</a> from menu.o(i.dspTaskManagerMenu) referenced from menu.o(.constdata)
 <LI><a href="#[7b]">dspTaskView</a> from menu.o(i.dspTaskView) referenced from menu.o(.constdata)
 <LI><a href="#[a1]">dspTaskViewList</a> from menu.o(i.dspTaskViewList) referenced from menu.o(.constdata)
 <LI><a href="#[90]">dspTimeSet</a> from menu.o(i.dspTimeSet) referenced from menu.o(.constdata)
 <LI><a href="#[87]">dspYkTask</a> from menu.o(i.dspYkTask) referenced from menu.o(.constdata)
 <LI><a href="#[50]">itgCompareDate</a> from task.o(i.itgCompareDate) referenced from task.o(i.itgInit)
 <LI><a href="#[93]">keydo_BjSet</a> from menu.o(i.keydo_BjSet) referenced from menu.o(.constdata)
 <LI><a href="#[55]">keydo_Desktop</a> from menu.o(i.keydo_Desktop) referenced from menu.o(.constdata)
 <LI><a href="#[7f]">keydo_GroupList</a> from menu.o(i.keydo_GroupList) referenced from menu.o(.constdata)
 <LI><a href="#[82]">keydo_IntercutTask</a> from menu.o(i.keydo_IntercutTask) referenced from menu.o(.constdata)
 <LI><a href="#[7c]">keydo_JobEdit</a> from menu.o(i.keydo_JobEdit) referenced from menu.o(.constdata)
 <LI><a href="#[96]">keydo_JobSongSet</a> from menu.o(i.keydo_JobSongSet) referenced from menu.o(.constdata)
 <LI><a href="#[99]">keydo_JobTunerSet</a> from menu.o(i.keydo_JobTunerSet) referenced from menu.o(.constdata)
 <LI><a href="#[6b]">keydo_MainMenu</a> from menu.o(i.keydo_MainMenu) referenced from menu.o(.constdata)
 <LI><a href="#[69]">keydo_PasswordInput</a> from menu.o(i.keydo_PasswordInput) referenced from menu.o(.constdata)
 <LI><a href="#[91]">keydo_PasswordSet</a> from menu.o(i.keydo_PasswordSet) referenced from menu.o(.constdata)
 <LI><a href="#[88]">keydo_PhoneTask</a> from menu.o(i.keydo_PhoneTask) referenced from menu.o(.constdata)
 <LI><a href="#[5d]">keydo_PlayAUX</a> from menu.o(i.keydo_PlayAUX) referenced from menu.o(.constdata)
 <LI><a href="#[67]">keydo_PlayBj</a> from menu.o(i.keydo_PlayBj) referenced from menu.o(.constdata)
 <LI><a href="#[5a]">keydo_PlayMem</a> from menu.o(i.keydo_PlayMem) referenced from menu.o(.constdata)
 <LI><a href="#[63]">keydo_PlayPhone</a> from menu.o(i.keydo_PlayPhone) referenced from menu.o(.constdata)
 <LI><a href="#[57]">keydo_PlayTuner</a> from menu.o(i.keydo_PlayTuner) referenced from menu.o(.constdata)
 <LI><a href="#[60]">keydo_PlayUSB</a> from menu.o(i.keydo_PlayUSB) referenced from menu.o(.constdata)
 <LI><a href="#[65]">keydo_PlayYj</a> from menu.o(i.keydo_PlayYj) referenced from menu.o(.constdata)
 <LI><a href="#[a5]">keydo_PortCtrl</a> from menu.o(i.keydo_PortCtrl) referenced from menu.o(.constdata)
 <LI><a href="#[a2]">keydo_PortEdit</a> from menu.o(i.keydo_PortEdit) referenced from menu.o(.constdata)
 <LI><a href="#[8b]">keydo_SongViewMem</a> from menu.o(i.keydo_SongViewMem) referenced from menu.o(.constdata)
 <LI><a href="#[71]">keydo_SongViewMenu</a> from menu.o(i.keydo_SongViewMenu) referenced from menu.o(.constdata)
 <LI><a href="#[8d]">keydo_SongViewUSB</a> from menu.o(i.keydo_SongViewUSB) referenced from menu.o(.constdata)
 <LI><a href="#[9c]">keydo_SpecialJobEdit</a> from menu.o(i.keydo_SpecialJobEdit) referenced from menu.o(.constdata)
 <LI><a href="#[77]">keydo_SpecialMode</a> from menu.o(i.keydo_SpecialMode) referenced from menu.o(.constdata)
 <LI><a href="#[74]">keydo_SystemSet</a> from menu.o(i.keydo_SystemSet) referenced from menu.o(.constdata)
 <LI><a href="#[6e]">keydo_TaskManagerMenu</a> from menu.o(i.keydo_TaskManagerMenu) referenced from menu.o(.constdata)
 <LI><a href="#[79]">keydo_TaskView</a> from menu.o(i.keydo_TaskView) referenced from menu.o(.constdata)
 <LI><a href="#[9f]">keydo_TaskViewList</a> from menu.o(i.keydo_TaskViewList) referenced from menu.o(.constdata)
 <LI><a href="#[8f]">keydo_TimeSet</a> from menu.o(i.keydo_TimeSet) referenced from menu.o(.constdata)
 <LI><a href="#[85]">keydo_YkTask</a> from menu.o(i.keydo_YkTask) referenced from menu.o(.constdata)
 <LI><a href="#[51]">rtgCompareDate</a> from task.o(i.rtgCompareDate) referenced from task.o(i.rtgInit)
 <LI><a href="#[4f]">show_curSongName</a> from menu.o(i.show_curSongName) referenced from menu.o(i.DspSongName)
 <LI><a href="#[52]">tglCompareDate</a> from task.o(i.tglCompareDate) referenced from task.o(i.tglInit)
 <LI><a href="#[53]">tjgCompareStartTime</a> from task.o(i.tjgCompareStartTime) referenced from task.o(i.tjgInit)
 <LI><a href="#[54]">tjglCompare</a> from task.o(i.tjglCompare) referenced from task.o(i.tjglInit)
</UL>
<P>
<H3>
Global Symbols
</H3>
<P><STRONG><a name="[a8]"></a>__main</STRONG> (Thumb, 8 bytes, Stack size 0 bytes, __main.o(!!!main))
<BR><BR>[Calls]<UL><LI><a href="#[aa]">&gt;&gt;</a>&nbsp;&nbsp;&nbsp;__rt_entry
<LI><a href="#[a9]">&gt;&gt;</a>&nbsp;&nbsp;&nbsp;__scatterload
</UL>

<P><STRONG><a name="[a9]"></a>__scatterload</STRONG> (Thumb, 0 bytes, Stack size unknown bytes, __scatter.o(!!!scatter))
<BR><BR>[Called By]<UL><LI><a href="#[a8]">&gt;&gt;</a>&nbsp;&nbsp;&nbsp;__main
</UL>

<P><STRONG><a name="[ab]"></a>__scatterload_rt2</STRONG> (Thumb, 44 bytes, Stack size unknown bytes, __scatter.o(!!!scatter), UNUSED)
<BR><BR>[Calls]<UL><LI><a href="#[aa]">&gt;&gt;</a>&nbsp;&nbsp;&nbsp;__rt_entry
</UL>

<P><STRONG><a name="[372]"></a>__scatterload_rt2_thumb_only</STRONG> (Thumb, 0 bytes, Stack size unknown bytes, __scatter.o(!!!scatter), UNUSED)

<P><STRONG><a name="[373]"></a>__scatterload_null</STRONG> (Thumb, 0 bytes, Stack size unknown bytes, __scatter.o(!!!scatter), UNUSED)

<P><STRONG><a name="[374]"></a>__decompress</STRONG> (Thumb, 90 bytes, Stack size unknown bytes, __dczerorl2.o(!!dczerorl2), UNUSED)

<P><STRONG><a name="[375]"></a>__decompress1</STRONG> (Thumb, 0 bytes, Stack size unknown bytes, __dczerorl2.o(!!dczerorl2), UNUSED)

<P><STRONG><a name="[376]"></a>__scatterload_zeroinit</STRONG> (Thumb, 28 bytes, Stack size unknown bytes, __scatter_zi.o(!!handler_zi), UNUSED)

<P><STRONG><a name="[ac]"></a>_printf_n</STRONG> (Thumb, 0 bytes, Stack size unknown bytes, _printf_n.o(.ARM.Collect$$_printf_percent$$00000001))
<BR><BR>[Calls]<UL><LI><a href="#[ad]">&gt;&gt;</a>&nbsp;&nbsp;&nbsp;_printf_charcount
</UL>

<P><STRONG><a name="[117]"></a>_printf_percent</STRONG> (Thumb, 0 bytes, Stack size unknown bytes, _printf_percent.o(.ARM.Collect$$_printf_percent$$00000000))
<BR><BR>[Called By]<UL><LI><a href="#[115]">&gt;&gt;</a>&nbsp;&nbsp;&nbsp;__printf
</UL>

<P><STRONG><a name="[ae]"></a>_printf_p</STRONG> (Thumb, 0 bytes, Stack size unknown bytes, _printf_p.o(.ARM.Collect$$_printf_percent$$00000002))
<BR><BR>[Stack]<UL><LI>Max Depth = 64 + Unknown Stack Size
<LI>Call Chain = _printf_p &rArr; _printf_hex_ptr &rArr; _printf_longlong_hex &rArr; _printf_int_common &rArr; _printf_post_padding
</UL>
<BR>[Calls]<UL><LI><a href="#[af]">&gt;&gt;</a>&nbsp;&nbsp;&nbsp;_printf_hex_ptr
</UL>

<P><STRONG><a name="[b0]"></a>_printf_f</STRONG> (Thumb, 0 bytes, Stack size unknown bytes, _printf_f.o(.ARM.Collect$$_printf_percent$$00000003))
<BR><BR>[Stack]<UL><LI>Max Depth = 320 + Unknown Stack Size
<LI>Call Chain = _printf_f &rArr; _printf_fp_dec &rArr; _printf_fp_dec_real &rArr; _fp_digits &rArr; _btod_etento &rArr; _btod_emul &rArr; _e2e
</UL>
<BR>[Calls]<UL><LI><a href="#[b1]">&gt;&gt;</a>&nbsp;&nbsp;&nbsp;_printf_fp_dec
</UL>

<P><STRONG><a name="[b2]"></a>_printf_e</STRONG> (Thumb, 0 bytes, Stack size unknown bytes, _printf_e.o(.ARM.Collect$$_printf_percent$$00000004))
<BR><BR>[Stack]<UL><LI>Max Depth = 320 + Unknown Stack Size
<LI>Call Chain = _printf_e &rArr; _printf_fp_dec &rArr; _printf_fp_dec_real &rArr; _fp_digits &rArr; _btod_etento &rArr; _btod_emul &rArr; _e2e
</UL>
<BR>[Calls]<UL><LI><a href="#[b1]">&gt;&gt;</a>&nbsp;&nbsp;&nbsp;_printf_fp_dec
</UL>

<P><STRONG><a name="[b3]"></a>_printf_g</STRONG> (Thumb, 0 bytes, Stack size unknown bytes, _printf_g.o(.ARM.Collect$$_printf_percent$$00000005))
<BR><BR>[Stack]<UL><LI>Max Depth = 320 + Unknown Stack Size
<LI>Call Chain = _printf_g &rArr; _printf_fp_dec &rArr; _printf_fp_dec_real &rArr; _fp_digits &rArr; _btod_etento &rArr; _btod_emul &rArr; _e2e
</UL>
<BR>[Calls]<UL><LI><a href="#[b1]">&gt;&gt;</a>&nbsp;&nbsp;&nbsp;_printf_fp_dec
</UL>

<P><STRONG><a name="[377]"></a>_printf_a</STRONG> (Thumb, 0 bytes, Stack size unknown bytes, _printf_a.o(.ARM.Collect$$_printf_percent$$00000006))

<P><STRONG><a name="[378]"></a>_printf_ll</STRONG> (Thumb, 0 bytes, Stack size unknown bytes, _printf_ll.o(.ARM.Collect$$_printf_percent$$00000007))

<P><STRONG><a name="[b4]"></a>_printf_i</STRONG> (Thumb, 0 bytes, Stack size unknown bytes, _printf_i.o(.ARM.Collect$$_printf_percent$$00000008))
<BR><BR>[Stack]<UL><LI>Max Depth = 72 + Unknown Stack Size
<LI>Call Chain = _printf_i &rArr; _printf_int_dec &rArr; _printf_int_common &rArr; _printf_post_padding
</UL>
<BR>[Calls]<UL><LI><a href="#[b5]">&gt;&gt;</a>&nbsp;&nbsp;&nbsp;_printf_int_dec
</UL>

<P><STRONG><a name="[b6]"></a>_printf_d</STRONG> (Thumb, 0 bytes, Stack size unknown bytes, _printf_d.o(.ARM.Collect$$_printf_percent$$00000009))
<BR><BR>[Stack]<UL><LI>Max Depth = 72 + Unknown Stack Size
<LI>Call Chain = _printf_d &rArr; _printf_int_dec &rArr; _printf_int_common &rArr; _printf_post_padding
</UL>
<BR>[Calls]<UL><LI><a href="#[b5]">&gt;&gt;</a>&nbsp;&nbsp;&nbsp;_printf_int_dec
</UL>

<P><STRONG><a name="[b7]"></a>_printf_u</STRONG> (Thumb, 0 bytes, Stack size unknown bytes, _printf_u.o(.ARM.Collect$$_printf_percent$$0000000A))
<BR><BR>[Stack]<UL><LI>Max Depth = 72 + Unknown Stack Size
<LI>Call Chain = _printf_u &rArr; _printf_int_dec &rArr; _printf_int_common &rArr; _printf_post_padding
</UL>
<BR>[Calls]<UL><LI><a href="#[b5]">&gt;&gt;</a>&nbsp;&nbsp;&nbsp;_printf_int_dec
</UL>

<P><STRONG><a name="[b8]"></a>_printf_o</STRONG> (Thumb, 0 bytes, Stack size unknown bytes, _printf_o.o(.ARM.Collect$$_printf_percent$$0000000B))
<BR><BR>[Stack]<UL><LI>Max Depth = 64 + Unknown Stack Size
<LI>Call Chain = _printf_o &rArr; _printf_int_oct &rArr; _printf_longlong_oct &rArr; _printf_int_common &rArr; _printf_post_padding
</UL>
<BR>[Calls]<UL><LI><a href="#[b9]">&gt;&gt;</a>&nbsp;&nbsp;&nbsp;_printf_int_oct
</UL>

<P><STRONG><a name="[ba]"></a>_printf_x</STRONG> (Thumb, 0 bytes, Stack size unknown bytes, _printf_x.o(.ARM.Collect$$_printf_percent$$0000000C))
<BR><BR>[Stack]<UL><LI>Max Depth = 80 + Unknown Stack Size
<LI>Call Chain = _printf_x &rArr; _printf_int_hex &rArr; _printf_longlong_hex &rArr; _printf_int_common &rArr; _printf_post_padding
</UL>
<BR>[Calls]<UL><LI><a href="#[bb]">&gt;&gt;</a>&nbsp;&nbsp;&nbsp;_printf_int_hex
</UL>

<P><STRONG><a name="[bc]"></a>_printf_lli</STRONG> (Thumb, 0 bytes, Stack size unknown bytes, _printf_lli.o(.ARM.Collect$$_printf_percent$$0000000D))
<BR><BR>[Stack]<UL><LI>Max Depth = 72 + Unknown Stack Size
<LI>Call Chain = _printf_lli &rArr; _printf_longlong_dec &rArr; _printf_int_common &rArr; _printf_post_padding
</UL>
<BR>[Calls]<UL><LI><a href="#[bd]">&gt;&gt;</a>&nbsp;&nbsp;&nbsp;_printf_longlong_dec
</UL>

<P><STRONG><a name="[be]"></a>_printf_lld</STRONG> (Thumb, 0 bytes, Stack size unknown bytes, _printf_lld.o(.ARM.Collect$$_printf_percent$$0000000E))
<BR><BR>[Stack]<UL><LI>Max Depth = 72 + Unknown Stack Size
<LI>Call Chain = _printf_lld &rArr; _printf_longlong_dec &rArr; _printf_int_common &rArr; _printf_post_padding
</UL>
<BR>[Calls]<UL><LI><a href="#[bd]">&gt;&gt;</a>&nbsp;&nbsp;&nbsp;_printf_longlong_dec
</UL>

<P><STRONG><a name="[bf]"></a>_printf_llu</STRONG> (Thumb, 0 bytes, Stack size unknown bytes, _printf_llu.o(.ARM.Collect$$_printf_percent$$0000000F))
<BR><BR>[Stack]<UL><LI>Max Depth = 72 + Unknown Stack Size
<LI>Call Chain = _printf_llu &rArr; _printf_longlong_dec &rArr; _printf_int_common &rArr; _printf_post_padding
</UL>
<BR>[Calls]<UL><LI><a href="#[bd]">&gt;&gt;</a>&nbsp;&nbsp;&nbsp;_printf_longlong_dec
</UL>

<P><STRONG><a name="[c0]"></a>_printf_llo</STRONG> (Thumb, 0 bytes, Stack size unknown bytes, _printf_llo.o(.ARM.Collect$$_printf_percent$$00000010))
<BR><BR>[Stack]<UL><LI>Max Depth = 56 + Unknown Stack Size
<LI>Call Chain = _printf_llo &rArr; _printf_ll_oct &rArr; _printf_longlong_oct &rArr; _printf_int_common &rArr; _printf_post_padding
</UL>
<BR>[Calls]<UL><LI><a href="#[c1]">&gt;&gt;</a>&nbsp;&nbsp;&nbsp;_printf_ll_oct
</UL>

<P><STRONG><a name="[c2]"></a>_printf_llx</STRONG> (Thumb, 0 bytes, Stack size unknown bytes, _printf_llx.o(.ARM.Collect$$_printf_percent$$00000011))
<BR><BR>[Stack]<UL><LI>Max Depth = 64 + Unknown Stack Size
<LI>Call Chain = _printf_llx &rArr; _printf_ll_hex &rArr; _printf_longlong_hex &rArr; _printf_int_common &rArr; _printf_post_padding
</UL>
<BR>[Calls]<UL><LI><a href="#[c3]">&gt;&gt;</a>&nbsp;&nbsp;&nbsp;_printf_ll_hex
</UL>

<P><STRONG><a name="[379]"></a>_printf_l</STRONG> (Thumb, 0 bytes, Stack size unknown bytes, _printf_l.o(.ARM.Collect$$_printf_percent$$00000012))

<P><STRONG><a name="[c4]"></a>_printf_c</STRONG> (Thumb, 0 bytes, Stack size unknown bytes, _printf_c.o(.ARM.Collect$$_printf_percent$$00000013))
<BR><BR>[Stack]<UL><LI>Max Depth = 40 + Unknown Stack Size
<LI>Call Chain = _printf_c &rArr; _printf_char &rArr; _printf_cs_common &rArr; _printf_str &rArr; _printf_post_padding
</UL>
<BR>[Calls]<UL><LI><a href="#[c5]">&gt;&gt;</a>&nbsp;&nbsp;&nbsp;_printf_char
</UL>

<P><STRONG><a name="[c6]"></a>_printf_s</STRONG> (Thumb, 0 bytes, Stack size unknown bytes, _printf_s.o(.ARM.Collect$$_printf_percent$$00000014))
<BR><BR>[Stack]<UL><LI>Max Depth = 40 + Unknown Stack Size
<LI>Call Chain = _printf_s &rArr; _printf_string &rArr; _printf_cs_common &rArr; _printf_str &rArr; _printf_post_padding
</UL>
<BR>[Calls]<UL><LI><a href="#[c7]">&gt;&gt;</a>&nbsp;&nbsp;&nbsp;_printf_string
</UL>

<P><STRONG><a name="[c8]"></a>_printf_lc</STRONG> (Thumb, 0 bytes, Stack size unknown bytes, _printf_lc.o(.ARM.Collect$$_printf_percent$$00000015))
<BR><BR>[Stack]<UL><LI>Max Depth = 88 + Unknown Stack Size
<LI>Call Chain = _printf_lc &rArr; _printf_wchar &rArr; _printf_lcs_common &rArr; _printf_wctomb &rArr; _wcrtomb &rArr; __rt_ctype_table
</UL>
<BR>[Calls]<UL><LI><a href="#[c9]">&gt;&gt;</a>&nbsp;&nbsp;&nbsp;_printf_wchar
</UL>

<P><STRONG><a name="[ca]"></a>_printf_ls</STRONG> (Thumb, 0 bytes, Stack size unknown bytes, _printf_ls.o(.ARM.Collect$$_printf_percent$$00000016))
<BR><BR>[Stack]<UL><LI>Max Depth = 88 + Unknown Stack Size
<LI>Call Chain = _printf_ls &rArr; _printf_wstring &rArr; _printf_lcs_common &rArr; _printf_wctomb &rArr; _wcrtomb &rArr; __rt_ctype_table
</UL>
<BR>[Calls]<UL><LI><a href="#[cb]">&gt;&gt;</a>&nbsp;&nbsp;&nbsp;_printf_wstring
</UL>

<P><STRONG><a name="[37a]"></a>_printf_percent_end</STRONG> (Thumb, 0 bytes, Stack size unknown bytes, _printf_percent_end.o(.ARM.Collect$$_printf_percent$$00000017))

<P><STRONG><a name="[d6]"></a>__rt_lib_init</STRONG> (Thumb, 0 bytes, Stack size unknown bytes, libinit.o(.ARM.Collect$$libinit$$00000000))
<BR><BR>[Called By]<UL><LI><a href="#[d5]">&gt;&gt;</a>&nbsp;&nbsp;&nbsp;__rt_entry_li
</UL>

<P><STRONG><a name="[37b]"></a>__rt_lib_init_fp_1</STRONG> (Thumb, 0 bytes, Stack size unknown bytes, libinit2.o(.ARM.Collect$$libinit$$00000002))

<P><STRONG><a name="[37c]"></a>__rt_lib_init_heap_1</STRONG> (Thumb, 0 bytes, Stack size unknown bytes, libinit2.o(.ARM.Collect$$libinit$$00000008))

<P><STRONG><a name="[cc]"></a>__rt_lib_init_rand_2</STRONG> (Thumb, 0 bytes, Stack size unknown bytes, libinit2.o(.ARM.Collect$$libinit$$0000000B))
<BR><BR>[Stack]<UL><LI>Max Depth = 8 + Unknown Stack Size
<LI>Call Chain = __rt_lib_init_rand_2 &rArr; _rand_init &rArr; srand
</UL>
<BR>[Calls]<UL><LI><a href="#[cd]">&gt;&gt;</a>&nbsp;&nbsp;&nbsp;_rand_init
</UL>

<P><STRONG><a name="[37d]"></a>__rt_lib_init_user_alloc_1</STRONG> (Thumb, 0 bytes, Stack size unknown bytes, libinit2.o(.ARM.Collect$$libinit$$0000000A))

<P><STRONG><a name="[ce]"></a>__rt_lib_init_lc_common</STRONG> (Thumb, 0 bytes, Stack size unknown bytes, libinit2.o(.ARM.Collect$$libinit$$0000000D))
<BR><BR>[Calls]<UL><LI><a href="#[cf]">&gt;&gt;</a>&nbsp;&nbsp;&nbsp;__rt_locale
</UL>

<P><STRONG><a name="[37e]"></a>__rt_lib_init_rand_1</STRONG> (Thumb, 0 bytes, Stack size unknown bytes, libinit2.o(.ARM.Collect$$libinit$$0000000C))

<P><STRONG><a name="[37f]"></a>__rt_lib_init_lc_collate_1</STRONG> (Thumb, 0 bytes, Stack size unknown bytes, libinit2.o(.ARM.Collect$$libinit$$0000000F))

<P><STRONG><a name="[d0]"></a>__rt_lib_init_lc_ctype_2</STRONG> (Thumb, 0 bytes, Stack size unknown bytes, libinit2.o(.ARM.Collect$$libinit$$00000010))
<BR><BR>[Stack]<UL><LI>Max Depth = 8 + Unknown Stack Size
<LI>Call Chain = __rt_lib_init_lc_ctype_2 &rArr; _get_lc_ctype
</UL>
<BR>[Calls]<UL><LI><a href="#[4e]">&gt;&gt;</a>&nbsp;&nbsp;&nbsp;_get_lc_ctype
</UL>

<P><STRONG><a name="[380]"></a>__rt_lib_init_lc_ctype_1</STRONG> (Thumb, 0 bytes, Stack size unknown bytes, libinit2.o(.ARM.Collect$$libinit$$00000011))

<P><STRONG><a name="[381]"></a>__rt_lib_init_lc_monetary_1</STRONG> (Thumb, 0 bytes, Stack size unknown bytes, libinit2.o(.ARM.Collect$$libinit$$00000013))

<P><STRONG><a name="[d1]"></a>__rt_lib_init_lc_numeric_2</STRONG> (Thumb, 0 bytes, Stack size unknown bytes, libinit2.o(.ARM.Collect$$libinit$$00000014))
<BR><BR>[Stack]<UL><LI>Max Depth = 8 + Unknown Stack Size
<LI>Call Chain = __rt_lib_init_lc_numeric_2 &rArr; _get_lc_numeric
</UL>
<BR>[Calls]<UL><LI><a href="#[d2]">&gt;&gt;</a>&nbsp;&nbsp;&nbsp;_get_lc_numeric
</UL>

<P><STRONG><a name="[382]"></a>__rt_lib_init_alloca_1</STRONG> (Thumb, 0 bytes, Stack size unknown bytes, libinit2.o(.ARM.Collect$$libinit$$0000002C))

<P><STRONG><a name="[383]"></a>__rt_lib_init_argv_1</STRONG> (Thumb, 0 bytes, Stack size unknown bytes, libinit2.o(.ARM.Collect$$libinit$$0000002A))

<P><STRONG><a name="[384]"></a>__rt_lib_init_atexit_1</STRONG> (Thumb, 0 bytes, Stack size unknown bytes, libinit2.o(.ARM.Collect$$libinit$$00000019))

<P><STRONG><a name="[385]"></a>__rt_lib_init_clock_1</STRONG> (Thumb, 0 bytes, Stack size unknown bytes, libinit2.o(.ARM.Collect$$libinit$$0000001F))

<P><STRONG><a name="[386]"></a>__rt_lib_init_cpp_1</STRONG> (Thumb, 0 bytes, Stack size unknown bytes, libinit2.o(.ARM.Collect$$libinit$$00000030))

<P><STRONG><a name="[387]"></a>__rt_lib_init_exceptions_1</STRONG> (Thumb, 0 bytes, Stack size unknown bytes, libinit2.o(.ARM.Collect$$libinit$$0000002E))

<P><STRONG><a name="[388]"></a>__rt_lib_init_fp_trap_1</STRONG> (Thumb, 0 bytes, Stack size unknown bytes, libinit2.o(.ARM.Collect$$libinit$$0000001D))

<P><STRONG><a name="[389]"></a>__rt_lib_init_getenv_1</STRONG> (Thumb, 0 bytes, Stack size unknown bytes, libinit2.o(.ARM.Collect$$libinit$$00000021))

<P><STRONG><a name="[38a]"></a>__rt_lib_init_lc_numeric_1</STRONG> (Thumb, 0 bytes, Stack size unknown bytes, libinit2.o(.ARM.Collect$$libinit$$00000015))

<P><STRONG><a name="[38b]"></a>__rt_lib_init_lc_time_1</STRONG> (Thumb, 0 bytes, Stack size unknown bytes, libinit2.o(.ARM.Collect$$libinit$$00000017))

<P><STRONG><a name="[38c]"></a>__rt_lib_init_return</STRONG> (Thumb, 0 bytes, Stack size unknown bytes, libinit2.o(.ARM.Collect$$libinit$$00000031))

<P><STRONG><a name="[38d]"></a>__rt_lib_init_signal_1</STRONG> (Thumb, 0 bytes, Stack size unknown bytes, libinit2.o(.ARM.Collect$$libinit$$0000001B))

<P><STRONG><a name="[38e]"></a>__rt_lib_init_stdio_1</STRONG> (Thumb, 0 bytes, Stack size unknown bytes, libinit2.o(.ARM.Collect$$libinit$$00000023))

<P><STRONG><a name="[db]"></a>__rt_lib_shutdown</STRONG> (Thumb, 0 bytes, Stack size unknown bytes, libshutdown.o(.ARM.Collect$$libshutdown$$00000000))
<BR><BR>[Called By]<UL><LI><a href="#[da]">&gt;&gt;</a>&nbsp;&nbsp;&nbsp;__rt_exit_ls
</UL>

<P><STRONG><a name="[38f]"></a>__rt_lib_shutdown_fp_trap_1</STRONG> (Thumb, 0 bytes, Stack size unknown bytes, libshutdown2.o(.ARM.Collect$$libshutdown$$00000006))

<P><STRONG><a name="[390]"></a>__rt_lib_shutdown_heap_1</STRONG> (Thumb, 0 bytes, Stack size unknown bytes, libshutdown2.o(.ARM.Collect$$libshutdown$$0000000E))

<P><STRONG><a name="[391]"></a>__rt_lib_shutdown_return</STRONG> (Thumb, 0 bytes, Stack size unknown bytes, libshutdown2.o(.ARM.Collect$$libshutdown$$0000000F))

<P><STRONG><a name="[392]"></a>__rt_lib_shutdown_signal_1</STRONG> (Thumb, 0 bytes, Stack size unknown bytes, libshutdown2.o(.ARM.Collect$$libshutdown$$00000009))

<P><STRONG><a name="[393]"></a>__rt_lib_shutdown_stdio_1</STRONG> (Thumb, 0 bytes, Stack size unknown bytes, libshutdown2.o(.ARM.Collect$$libshutdown$$00000003))

<P><STRONG><a name="[394]"></a>__rt_lib_shutdown_user_alloc_1</STRONG> (Thumb, 0 bytes, Stack size unknown bytes, libshutdown2.o(.ARM.Collect$$libshutdown$$0000000B))

<P><STRONG><a name="[aa]"></a>__rt_entry</STRONG> (Thumb, 0 bytes, Stack size unknown bytes, rtentry.o(.ARM.Collect$$rtentry$$00000000))
<BR><BR>[Called By]<UL><LI><a href="#[a8]">&gt;&gt;</a>&nbsp;&nbsp;&nbsp;__main
<LI><a href="#[ab]">&gt;&gt;</a>&nbsp;&nbsp;&nbsp;__scatterload_rt2
</UL>

<P><STRONG><a name="[395]"></a>__rt_entry_presh_1</STRONG> (Thumb, 0 bytes, Stack size unknown bytes, rtentry2.o(.ARM.Collect$$rtentry$$00000002))

<P><STRONG><a name="[d3]"></a>__rt_entry_sh</STRONG> (Thumb, 0 bytes, Stack size unknown bytes, rtentry4.o(.ARM.Collect$$rtentry$$00000004))
<BR><BR>[Stack]<UL><LI>Max Depth = 8 + Unknown Stack Size
<LI>Call Chain = __rt_entry_sh &rArr; __user_setup_stackheap
</UL>
<BR>[Calls]<UL><LI><a href="#[d4]">&gt;&gt;</a>&nbsp;&nbsp;&nbsp;__user_setup_stackheap
</UL>

<P><STRONG><a name="[d5]"></a>__rt_entry_li</STRONG> (Thumb, 0 bytes, Stack size unknown bytes, rtentry2.o(.ARM.Collect$$rtentry$$0000000A))
<BR><BR>[Calls]<UL><LI><a href="#[d6]">&gt;&gt;</a>&nbsp;&nbsp;&nbsp;__rt_lib_init
</UL>

<P><STRONG><a name="[396]"></a>__rt_entry_postsh_1</STRONG> (Thumb, 0 bytes, Stack size unknown bytes, rtentry2.o(.ARM.Collect$$rtentry$$00000009))

<P><STRONG><a name="[d7]"></a>__rt_entry_main</STRONG> (Thumb, 0 bytes, Stack size unknown bytes, rtentry2.o(.ARM.Collect$$rtentry$$0000000D))
<BR><BR>[Stack]<UL><LI>Max Depth = 2272 + Unknown Stack Size
<LI>Call Chain = __rt_entry_main &rArr; main &rArr; menu_OnTimer &rArr; AutoRemoteTaskDo &rArr; openRemoteTaskGroup &rArr; openRemoteTask &rArr; tuner_setBand &rArr; tuner_SaveParam &rArr; STMFLASH_Write &rArr; STMFLASH_Write_NoCheck &rArr; FLASH_ProgramHalfWord &rArr; FLASH_WaitForLastOperation &rArr; delay
</UL>
<BR>[Calls]<UL><LI><a href="#[d8]">&gt;&gt;</a>&nbsp;&nbsp;&nbsp;main
<LI><a href="#[d9]">&gt;&gt;</a>&nbsp;&nbsp;&nbsp;exit
</UL>

<P><STRONG><a name="[397]"></a>__rt_entry_postli_1</STRONG> (Thumb, 0 bytes, Stack size unknown bytes, rtentry2.o(.ARM.Collect$$rtentry$$0000000C))

<P><STRONG><a name="[133]"></a>__rt_exit</STRONG> (Thumb, 0 bytes, Stack size unknown bytes, rtexit.o(.ARM.Collect$$rtexit$$00000000))
<BR><BR>[Called By]<UL><LI><a href="#[d9]">&gt;&gt;</a>&nbsp;&nbsp;&nbsp;exit
</UL>

<P><STRONG><a name="[da]"></a>__rt_exit_ls</STRONG> (Thumb, 0 bytes, Stack size unknown bytes, rtexit2.o(.ARM.Collect$$rtexit$$00000003))
<BR><BR>[Calls]<UL><LI><a href="#[db]">&gt;&gt;</a>&nbsp;&nbsp;&nbsp;__rt_lib_shutdown
</UL>

<P><STRONG><a name="[398]"></a>__rt_exit_prels_1</STRONG> (Thumb, 0 bytes, Stack size unknown bytes, rtexit2.o(.ARM.Collect$$rtexit$$00000002))

<P><STRONG><a name="[dc]"></a>__rt_exit_exit</STRONG> (Thumb, 0 bytes, Stack size unknown bytes, rtexit2.o(.ARM.Collect$$rtexit$$00000004))
<BR><BR>[Calls]<UL><LI><a href="#[dd]">&gt;&gt;</a>&nbsp;&nbsp;&nbsp;_sys_exit
</UL>

<P><STRONG><a name="[327]"></a>rand</STRONG> (Thumb, 48 bytes, Stack size 0 bytes, rand.o(.emb_text))
<BR><BR>[Called By]<UL><LI><a href="#[255]">&gt;&gt;</a>&nbsp;&nbsp;&nbsp;random
</UL>

<P><STRONG><a name="[4a]"></a>SystemInit_ExtMemCtl</STRONG> (Thumb, 2 bytes, Stack size 0 bytes, startup_stm32f10x_hd.o(.text))
<BR>[Address Reference Count : 1]<UL><LI> startup_stm32f10x_hd.o(.text)
</UL>
<P><STRONG><a name="[4]"></a>Reset_Handler</STRONG> (Thumb, 14 bytes, Stack size 0 bytes, startup_stm32f10x_hd.o(.text))
<BR>[Address Reference Count : 1]<UL><LI> startup_stm32f10x_hd.o(RESET)
</UL>
<P><STRONG><a name="[20]"></a>ADC1_2_IRQHandler</STRONG> (Thumb, 0 bytes, Stack size 0 bytes, startup_stm32f10x_hd.o(.text))
<BR><BR>[Calls]<UL><LI><a href="#[20]">&gt;&gt;</a>&nbsp;&nbsp;&nbsp;ADC1_2_IRQHandler
</UL>
<BR>[Called By]<UL><LI><a href="#[20]">&gt;&gt;</a>&nbsp;&nbsp;&nbsp;ADC1_2_IRQHandler
</UL>
<BR>[Address Reference Count : 1]<UL><LI> startup_stm32f10x_hd.o(RESET)
</UL>
<P><STRONG><a name="[3d]"></a>ADC3_IRQHandler</STRONG> (Thumb, 0 bytes, Stack size 0 bytes, startup_stm32f10x_hd.o(.text))
<BR>[Address Reference Count : 1]<UL><LI> startup_stm32f10x_hd.o(RESET)
</UL>
<P><STRONG><a name="[23]"></a>CAN1_RX1_IRQHandler</STRONG> (Thumb, 0 bytes, Stack size 0 bytes, startup_stm32f10x_hd.o(.text))
<BR>[Address Reference Count : 1]<UL><LI> startup_stm32f10x_hd.o(RESET)
</UL>
<P><STRONG><a name="[24]"></a>CAN1_SCE_IRQHandler</STRONG> (Thumb, 0 bytes, Stack size 0 bytes, startup_stm32f10x_hd.o(.text))
<BR>[Address Reference Count : 1]<UL><LI> startup_stm32f10x_hd.o(RESET)
</UL>
<P><STRONG><a name="[19]"></a>DMA1_Channel1_IRQHandler</STRONG> (Thumb, 0 bytes, Stack size 0 bytes, startup_stm32f10x_hd.o(.text))
<BR>[Address Reference Count : 1]<UL><LI> startup_stm32f10x_hd.o(RESET)
</UL>
<P><STRONG><a name="[1a]"></a>DMA1_Channel2_IRQHandler</STRONG> (Thumb, 0 bytes, Stack size 0 bytes, startup_stm32f10x_hd.o(.text))
<BR>[Address Reference Count : 1]<UL><LI> startup_stm32f10x_hd.o(RESET)
</UL>
<P><STRONG><a name="[1b]"></a>DMA1_Channel3_IRQHandler</STRONG> (Thumb, 0 bytes, Stack size 0 bytes, startup_stm32f10x_hd.o(.text))
<BR>[Address Reference Count : 1]<UL><LI> startup_stm32f10x_hd.o(RESET)
</UL>
<P><STRONG><a name="[1c]"></a>DMA1_Channel4_IRQHandler</STRONG> (Thumb, 0 bytes, Stack size 0 bytes, startup_stm32f10x_hd.o(.text))
<BR>[Address Reference Count : 1]<UL><LI> startup_stm32f10x_hd.o(RESET)
</UL>
<P><STRONG><a name="[1d]"></a>DMA1_Channel5_IRQHandler</STRONG> (Thumb, 0 bytes, Stack size 0 bytes, startup_stm32f10x_hd.o(.text))
<BR>[Address Reference Count : 1]<UL><LI> startup_stm32f10x_hd.o(RESET)
</UL>
<P><STRONG><a name="[1e]"></a>DMA1_Channel6_IRQHandler</STRONG> (Thumb, 0 bytes, Stack size 0 bytes, startup_stm32f10x_hd.o(.text))
<BR>[Address Reference Count : 1]<UL><LI> startup_stm32f10x_hd.o(RESET)
</UL>
<P><STRONG><a name="[1f]"></a>DMA1_Channel7_IRQHandler</STRONG> (Thumb, 0 bytes, Stack size 0 bytes, startup_stm32f10x_hd.o(.text))
<BR>[Address Reference Count : 1]<UL><LI> startup_stm32f10x_hd.o(RESET)
</UL>
<P><STRONG><a name="[46]"></a>DMA2_Channel1_IRQHandler</STRONG> (Thumb, 0 bytes, Stack size 0 bytes, startup_stm32f10x_hd.o(.text))
<BR>[Address Reference Count : 1]<UL><LI> startup_stm32f10x_hd.o(RESET)
</UL>
<P><STRONG><a name="[47]"></a>DMA2_Channel2_IRQHandler</STRONG> (Thumb, 0 bytes, Stack size 0 bytes, startup_stm32f10x_hd.o(.text))
<BR>[Address Reference Count : 1]<UL><LI> startup_stm32f10x_hd.o(RESET)
</UL>
<P><STRONG><a name="[48]"></a>DMA2_Channel3_IRQHandler</STRONG> (Thumb, 0 bytes, Stack size 0 bytes, startup_stm32f10x_hd.o(.text))
<BR>[Address Reference Count : 1]<UL><LI> startup_stm32f10x_hd.o(RESET)
</UL>
<P><STRONG><a name="[49]"></a>DMA2_Channel4_5_IRQHandler</STRONG> (Thumb, 0 bytes, Stack size 0 bytes, startup_stm32f10x_hd.o(.text))
<BR>[Address Reference Count : 1]<UL><LI> startup_stm32f10x_hd.o(RESET)
</UL>
<P><STRONG><a name="[14]"></a>EXTI0_IRQHandler</STRONG> (Thumb, 0 bytes, Stack size 0 bytes, startup_stm32f10x_hd.o(.text))
<BR>[Address Reference Count : 1]<UL><LI> startup_stm32f10x_hd.o(RESET)
</UL>
<P><STRONG><a name="[15]"></a>EXTI1_IRQHandler</STRONG> (Thumb, 0 bytes, Stack size 0 bytes, startup_stm32f10x_hd.o(.text))
<BR>[Address Reference Count : 1]<UL><LI> startup_stm32f10x_hd.o(RESET)
</UL>
<P><STRONG><a name="[16]"></a>EXTI2_IRQHandler</STRONG> (Thumb, 0 bytes, Stack size 0 bytes, startup_stm32f10x_hd.o(.text))
<BR>[Address Reference Count : 1]<UL><LI> startup_stm32f10x_hd.o(RESET)
</UL>
<P><STRONG><a name="[18]"></a>EXTI4_IRQHandler</STRONG> (Thumb, 0 bytes, Stack size 0 bytes, startup_stm32f10x_hd.o(.text))
<BR>[Address Reference Count : 1]<UL><LI> startup_stm32f10x_hd.o(RESET)
</UL>
<P><STRONG><a name="[12]"></a>FLASH_IRQHandler</STRONG> (Thumb, 0 bytes, Stack size 0 bytes, startup_stm32f10x_hd.o(.text))
<BR>[Address Reference Count : 1]<UL><LI> startup_stm32f10x_hd.o(RESET)
</UL>
<P><STRONG><a name="[3e]"></a>FSMC_IRQHandler</STRONG> (Thumb, 0 bytes, Stack size 0 bytes, startup_stm32f10x_hd.o(.text))
<BR>[Address Reference Count : 1]<UL><LI> startup_stm32f10x_hd.o(RESET)
</UL>
<P><STRONG><a name="[2e]"></a>I2C1_ER_IRQHandler</STRONG> (Thumb, 0 bytes, Stack size 0 bytes, startup_stm32f10x_hd.o(.text))
<BR>[Address Reference Count : 1]<UL><LI> startup_stm32f10x_hd.o(RESET)
</UL>
<P><STRONG><a name="[2d]"></a>I2C1_EV_IRQHandler</STRONG> (Thumb, 0 bytes, Stack size 0 bytes, startup_stm32f10x_hd.o(.text))
<BR>[Address Reference Count : 1]<UL><LI> startup_stm32f10x_hd.o(RESET)
</UL>
<P><STRONG><a name="[30]"></a>I2C2_ER_IRQHandler</STRONG> (Thumb, 0 bytes, Stack size 0 bytes, startup_stm32f10x_hd.o(.text))
<BR>[Address Reference Count : 1]<UL><LI> startup_stm32f10x_hd.o(RESET)
</UL>
<P><STRONG><a name="[2f]"></a>I2C2_EV_IRQHandler</STRONG> (Thumb, 0 bytes, Stack size 0 bytes, startup_stm32f10x_hd.o(.text))
<BR>[Address Reference Count : 1]<UL><LI> startup_stm32f10x_hd.o(RESET)
</UL>
<P><STRONG><a name="[f]"></a>PVD_IRQHandler</STRONG> (Thumb, 0 bytes, Stack size 0 bytes, startup_stm32f10x_hd.o(.text))
<BR>[Address Reference Count : 1]<UL><LI> startup_stm32f10x_hd.o(RESET)
</UL>
<P><STRONG><a name="[13]"></a>RCC_IRQHandler</STRONG> (Thumb, 0 bytes, Stack size 0 bytes, startup_stm32f10x_hd.o(.text))
<BR>[Address Reference Count : 1]<UL><LI> startup_stm32f10x_hd.o(RESET)
</UL>
<P><STRONG><a name="[37]"></a>RTCAlarm_IRQHandler</STRONG> (Thumb, 0 bytes, Stack size 0 bytes, startup_stm32f10x_hd.o(.text))
<BR>[Address Reference Count : 1]<UL><LI> startup_stm32f10x_hd.o(RESET)
</UL>
<P><STRONG><a name="[11]"></a>RTC_IRQHandler</STRONG> (Thumb, 0 bytes, Stack size 0 bytes, startup_stm32f10x_hd.o(.text))
<BR>[Address Reference Count : 1]<UL><LI> startup_stm32f10x_hd.o(RESET)
</UL>
<P><STRONG><a name="[31]"></a>SPI1_IRQHandler</STRONG> (Thumb, 0 bytes, Stack size 0 bytes, startup_stm32f10x_hd.o(.text))
<BR>[Address Reference Count : 1]<UL><LI> startup_stm32f10x_hd.o(RESET)
</UL>
<P><STRONG><a name="[32]"></a>SPI2_IRQHandler</STRONG> (Thumb, 0 bytes, Stack size 0 bytes, startup_stm32f10x_hd.o(.text))
<BR>[Address Reference Count : 1]<UL><LI> startup_stm32f10x_hd.o(RESET)
</UL>
<P><STRONG><a name="[41]"></a>SPI3_IRQHandler</STRONG> (Thumb, 0 bytes, Stack size 0 bytes, startup_stm32f10x_hd.o(.text))
<BR>[Address Reference Count : 1]<UL><LI> startup_stm32f10x_hd.o(RESET)
</UL>
<P><STRONG><a name="[10]"></a>TAMPER_IRQHandler</STRONG> (Thumb, 0 bytes, Stack size 0 bytes, startup_stm32f10x_hd.o(.text))
<BR>[Address Reference Count : 1]<UL><LI> startup_stm32f10x_hd.o(RESET)
</UL>
<P><STRONG><a name="[26]"></a>TIM1_BRK_IRQHandler</STRONG> (Thumb, 0 bytes, Stack size 0 bytes, startup_stm32f10x_hd.o(.text))
<BR>[Address Reference Count : 1]<UL><LI> startup_stm32f10x_hd.o(RESET)
</UL>
<P><STRONG><a name="[29]"></a>TIM1_CC_IRQHandler</STRONG> (Thumb, 0 bytes, Stack size 0 bytes, startup_stm32f10x_hd.o(.text))
<BR>[Address Reference Count : 1]<UL><LI> startup_stm32f10x_hd.o(RESET)
</UL>
<P><STRONG><a name="[28]"></a>TIM1_TRG_COM_IRQHandler</STRONG> (Thumb, 0 bytes, Stack size 0 bytes, startup_stm32f10x_hd.o(.text))
<BR>[Address Reference Count : 1]<UL><LI> startup_stm32f10x_hd.o(RESET)
</UL>
<P><STRONG><a name="[27]"></a>TIM1_UP_IRQHandler</STRONG> (Thumb, 0 bytes, Stack size 0 bytes, startup_stm32f10x_hd.o(.text))
<BR>[Address Reference Count : 1]<UL><LI> startup_stm32f10x_hd.o(RESET)
</UL>
<P><STRONG><a name="[2a]"></a>TIM2_IRQHandler</STRONG> (Thumb, 0 bytes, Stack size 0 bytes, startup_stm32f10x_hd.o(.text))
<BR>[Address Reference Count : 1]<UL><LI> startup_stm32f10x_hd.o(RESET)
</UL>
<P><STRONG><a name="[2b]"></a>TIM3_IRQHandler</STRONG> (Thumb, 0 bytes, Stack size 0 bytes, startup_stm32f10x_hd.o(.text))
<BR>[Address Reference Count : 1]<UL><LI> startup_stm32f10x_hd.o(RESET)
</UL>
<P><STRONG><a name="[2c]"></a>TIM4_IRQHandler</STRONG> (Thumb, 0 bytes, Stack size 0 bytes, startup_stm32f10x_hd.o(.text))
<BR>[Address Reference Count : 1]<UL><LI> startup_stm32f10x_hd.o(RESET)
</UL>
<P><STRONG><a name="[40]"></a>TIM5_IRQHandler</STRONG> (Thumb, 0 bytes, Stack size 0 bytes, startup_stm32f10x_hd.o(.text))
<BR>[Address Reference Count : 1]<UL><LI> startup_stm32f10x_hd.o(RESET)
</UL>
<P><STRONG><a name="[44]"></a>TIM6_IRQHandler</STRONG> (Thumb, 0 bytes, Stack size 0 bytes, startup_stm32f10x_hd.o(.text))
<BR>[Address Reference Count : 1]<UL><LI> startup_stm32f10x_hd.o(RESET)
</UL>
<P><STRONG><a name="[45]"></a>TIM7_IRQHandler</STRONG> (Thumb, 0 bytes, Stack size 0 bytes, startup_stm32f10x_hd.o(.text))
<BR>[Address Reference Count : 1]<UL><LI> startup_stm32f10x_hd.o(RESET)
</UL>
<P><STRONG><a name="[39]"></a>TIM8_BRK_IRQHandler</STRONG> (Thumb, 0 bytes, Stack size 0 bytes, startup_stm32f10x_hd.o(.text))
<BR>[Address Reference Count : 1]<UL><LI> startup_stm32f10x_hd.o(RESET)
</UL>
<P><STRONG><a name="[3c]"></a>TIM8_CC_IRQHandler</STRONG> (Thumb, 0 bytes, Stack size 0 bytes, startup_stm32f10x_hd.o(.text))
<BR>[Address Reference Count : 1]<UL><LI> startup_stm32f10x_hd.o(RESET)
</UL>
<P><STRONG><a name="[3b]"></a>TIM8_TRG_COM_IRQHandler</STRONG> (Thumb, 0 bytes, Stack size 0 bytes, startup_stm32f10x_hd.o(.text))
<BR>[Address Reference Count : 1]<UL><LI> startup_stm32f10x_hd.o(RESET)
</UL>
<P><STRONG><a name="[3a]"></a>TIM8_UP_IRQHandler</STRONG> (Thumb, 0 bytes, Stack size 0 bytes, startup_stm32f10x_hd.o(.text))
<BR>[Address Reference Count : 1]<UL><LI> startup_stm32f10x_hd.o(RESET)
</UL>
<P><STRONG><a name="[42]"></a>UART4_IRQHandler</STRONG> (Thumb, 0 bytes, Stack size 0 bytes, startup_stm32f10x_hd.o(.text))
<BR>[Address Reference Count : 1]<UL><LI> startup_stm32f10x_hd.o(RESET)
</UL>
<P><STRONG><a name="[43]"></a>UART5_IRQHandler</STRONG> (Thumb, 0 bytes, Stack size 0 bytes, startup_stm32f10x_hd.o(.text))
<BR>[Address Reference Count : 1]<UL><LI> startup_stm32f10x_hd.o(RESET)
</UL>
<P><STRONG><a name="[35]"></a>USART3_IRQHandler</STRONG> (Thumb, 0 bytes, Stack size 0 bytes, startup_stm32f10x_hd.o(.text))
<BR>[Address Reference Count : 1]<UL><LI> startup_stm32f10x_hd.o(RESET)
</UL>
<P><STRONG><a name="[38]"></a>USBWakeUp_IRQHandler</STRONG> (Thumb, 0 bytes, Stack size 0 bytes, startup_stm32f10x_hd.o(.text))
<BR>[Address Reference Count : 1]<UL><LI> startup_stm32f10x_hd.o(RESET)
</UL>
<P><STRONG><a name="[e]"></a>WWDG_IRQHandler</STRONG> (Thumb, 0 bytes, Stack size 0 bytes, startup_stm32f10x_hd.o(.text))
<BR>[Address Reference Count : 1]<UL><LI> startup_stm32f10x_hd.o(RESET)
</UL>
<P><STRONG><a name="[132]"></a>__user_initial_stackheap</STRONG> (Thumb, 0 bytes, Stack size unknown bytes, startup_stm32f10x_hd.o(.text))
<BR><BR>[Called By]<UL><LI><a href="#[d4]">&gt;&gt;</a>&nbsp;&nbsp;&nbsp;__user_setup_stackheap
</UL>

<P><STRONG><a name="[15c]"></a>CH375GetVer</STRONG> (Thumb, 4 bytes, Stack size 0 bytes, CH375MAI.O(.text))
<BR><BR>[Called By]<UL><LI><a href="#[15b]">&gt;&gt;</a>&nbsp;&nbsp;&nbsp;CH375LibInit
</UL>

<P><STRONG><a name="[fa]"></a>CH375s01</STRONG> (Thumb, 32 bytes, Stack size 0 bytes, CH375MAI.O(.text), UNUSED)
<BR><BR>[Called By]<UL><LI><a href="#[f9]">&gt;&gt;</a>&nbsp;&nbsp;&nbsp;CH375s08
</UL>

<P><STRONG><a name="[de]"></a>CH375s17</STRONG> (Thumb, 44 bytes, Stack size 16 bytes, CH375MAI.O(.text))
<BR><BR>[Stack]<UL><LI>Max Depth = 24<LI>Call Chain = CH375s17 &rArr; xWriteCH375Cmd
</UL>
<BR>[Calls]<UL><LI><a href="#[df]">&gt;&gt;</a>&nbsp;&nbsp;&nbsp;xWriteCH375Cmd
<LI><a href="#[e0]">&gt;&gt;</a>&nbsp;&nbsp;&nbsp;xReadCH375Data
</UL>
<BR>[Called By]<UL><LI><a href="#[f4]">&gt;&gt;</a>&nbsp;&nbsp;&nbsp;CH375s06
<LI><a href="#[e3]">&gt;&gt;</a>&nbsp;&nbsp;&nbsp;CH375s42
</UL>

<P><STRONG><a name="[e1]"></a>CH375s18</STRONG> (Thumb, 46 bytes, Stack size 16 bytes, CH375MAI.O(.text), UNUSED)
<BR><BR>[Calls]<UL><LI><a href="#[e2]">&gt;&gt;</a>&nbsp;&nbsp;&nbsp;xWriteCH375Data
<LI><a href="#[df]">&gt;&gt;</a>&nbsp;&nbsp;&nbsp;xWriteCH375Cmd
</UL>
<BR>[Called By]<UL><LI><a href="#[f6]">&gt;&gt;</a>&nbsp;&nbsp;&nbsp;CH375s07
</UL>

<P><STRONG><a name="[e4]"></a>CH375DirtyBuffer</STRONG> (Thumb, 16 bytes, Stack size 0 bytes, CH375MAI.O(.text))
<BR><BR>[Called By]<UL><LI><a href="#[106]">&gt;&gt;</a>&nbsp;&nbsp;&nbsp;CH375FileCreate
<LI><a href="#[f9]">&gt;&gt;</a>&nbsp;&nbsp;&nbsp;CH375s08
<LI><a href="#[f6]">&gt;&gt;</a>&nbsp;&nbsp;&nbsp;CH375s07
<LI><a href="#[f4]">&gt;&gt;</a>&nbsp;&nbsp;&nbsp;CH375s06
<LI><a href="#[e3]">&gt;&gt;</a>&nbsp;&nbsp;&nbsp;CH375s42
</UL>

<P><STRONG><a name="[e3]"></a>CH375s42</STRONG> (Thumb, 16 bytes, Stack size 8 bytes, CH375MAI.O(.text))
<BR><BR>[Stack]<UL><LI>Max Depth = 32<LI>Call Chain = CH375s42 &rArr; CH375s17 &rArr; xWriteCH375Cmd
</UL>
<BR>[Calls]<UL><LI><a href="#[e4]">&gt;&gt;</a>&nbsp;&nbsp;&nbsp;CH375DirtyBuffer
<LI><a href="#[de]">&gt;&gt;</a>&nbsp;&nbsp;&nbsp;CH375s17
</UL>
<BR>[Called By]<UL><LI><a href="#[f8]">&gt;&gt;</a>&nbsp;&nbsp;&nbsp;CH375s25
<LI><a href="#[f1]">&gt;&gt;</a>&nbsp;&nbsp;&nbsp;CH375s23
</UL>

<P><STRONG><a name="[e5]"></a>CH375s49</STRONG> (Thumb, 42 bytes, Stack size 8 bytes, CH375MAI.O(.text))
<BR><BR>[Stack]<UL><LI>Max Depth = 16<LI>Call Chain = CH375s49 &rArr; xDelay100uS
</UL>
<BR>[Calls]<UL><LI><a href="#[e6]">&gt;&gt;</a>&nbsp;&nbsp;&nbsp;xDelay100uS
</UL>
<BR>[Called By]<UL><LI><a href="#[ec]">&gt;&gt;</a>&nbsp;&nbsp;&nbsp;CH375Init
<LI><a href="#[109]">&gt;&gt;</a>&nbsp;&nbsp;&nbsp;CH375DiskReady
<LI><a href="#[f8]">&gt;&gt;</a>&nbsp;&nbsp;&nbsp;CH375s25
<LI><a href="#[ea]">&gt;&gt;</a>&nbsp;&nbsp;&nbsp;CH375Reset
</UL>

<P><STRONG><a name="[e7]"></a>CH375s40</STRONG> (Thumb, 28 bytes, Stack size 8 bytes, CH375MAI.O(.text))
<BR><BR>[Stack]<UL><LI>Max Depth = 16<LI>Call Chain = CH375s40 &rArr; xWriteCH375Data
</UL>
<BR>[Calls]<UL><LI><a href="#[e2]">&gt;&gt;</a>&nbsp;&nbsp;&nbsp;xWriteCH375Data
<LI><a href="#[df]">&gt;&gt;</a>&nbsp;&nbsp;&nbsp;xWriteCH375Cmd
<LI><a href="#[e0]">&gt;&gt;</a>&nbsp;&nbsp;&nbsp;xReadCH375Data
</UL>
<BR>[Called By]<UL><LI><a href="#[e8]">&gt;&gt;</a>&nbsp;&nbsp;&nbsp;CH375DiskConnect
<LI><a href="#[f3]">&gt;&gt;</a>&nbsp;&nbsp;&nbsp;CH375s47
<LI><a href="#[f1]">&gt;&gt;</a>&nbsp;&nbsp;&nbsp;CH375s23
<LI><a href="#[ed]">&gt;&gt;</a>&nbsp;&nbsp;&nbsp;CH375s13
</UL>

<P><STRONG><a name="[e8]"></a>CH375DiskConnect</STRONG> (Thumb, 70 bytes, Stack size 8 bytes, CH375MAI.O(.text))
<BR><BR>[Stack]<UL><LI>Max Depth = 24<LI>Call Chain = CH375DiskConnect &rArr; CH375s40 &rArr; xWriteCH375Data
</UL>
<BR>[Calls]<UL><LI><a href="#[df]">&gt;&gt;</a>&nbsp;&nbsp;&nbsp;xWriteCH375Cmd
<LI><a href="#[e0]">&gt;&gt;</a>&nbsp;&nbsp;&nbsp;xReadCH375Data
<LI><a href="#[e7]">&gt;&gt;</a>&nbsp;&nbsp;&nbsp;CH375s40
</UL>
<BR>[Called By]<UL><LI><a href="#[240]">&gt;&gt;</a>&nbsp;&nbsp;&nbsp;ch375_DiskIsReady
<LI><a href="#[109]">&gt;&gt;</a>&nbsp;&nbsp;&nbsp;CH375DiskReady
<LI><a href="#[f1]">&gt;&gt;</a>&nbsp;&nbsp;&nbsp;CH375s23
<LI><a href="#[e9]">&gt;&gt;</a>&nbsp;&nbsp;&nbsp;CH375s05
</UL>

<P><STRONG><a name="[e9]"></a>CH375s05</STRONG> (Thumb, 50 bytes, Stack size 16 bytes, CH375MAI.O(.text))
<BR><BR>[Stack]<UL><LI>Max Depth = 40<LI>Call Chain = CH375s05 &rArr; CH375DiskConnect &rArr; CH375s40 &rArr; xWriteCH375Data
</UL>
<BR>[Calls]<UL><LI><a href="#[e8]">&gt;&gt;</a>&nbsp;&nbsp;&nbsp;CH375DiskConnect
</UL>
<BR>[Called By]<UL><LI><a href="#[106]">&gt;&gt;</a>&nbsp;&nbsp;&nbsp;CH375FileCreate
<LI><a href="#[105]">&gt;&gt;</a>&nbsp;&nbsp;&nbsp;CH375FileErase
<LI><a href="#[104]">&gt;&gt;</a>&nbsp;&nbsp;&nbsp;CH375FileClose
<LI><a href="#[101]">&gt;&gt;</a>&nbsp;&nbsp;&nbsp;CH375FileOpen
<LI><a href="#[f9]">&gt;&gt;</a>&nbsp;&nbsp;&nbsp;CH375s08
<LI><a href="#[f1]">&gt;&gt;</a>&nbsp;&nbsp;&nbsp;CH375s23
</UL>

<P><STRONG><a name="[ea]"></a>CH375Reset</STRONG> (Thumb, 52 bytes, Stack size 8 bytes, CH375MAI.O(.text))
<BR><BR>[Stack]<UL><LI>Max Depth = 24<LI>Call Chain = CH375Reset &rArr; CH375s49 &rArr; xDelay100uS
</UL>
<BR>[Calls]<UL><LI><a href="#[df]">&gt;&gt;</a>&nbsp;&nbsp;&nbsp;xWriteCH375Cmd
<LI><a href="#[e0]">&gt;&gt;</a>&nbsp;&nbsp;&nbsp;xReadCH375Data
<LI><a href="#[e5]">&gt;&gt;</a>&nbsp;&nbsp;&nbsp;CH375s49
</UL>
<BR>[Called By]<UL><LI><a href="#[ec]">&gt;&gt;</a>&nbsp;&nbsp;&nbsp;CH375Init
</UL>

<P><STRONG><a name="[eb]"></a>CH375s43</STRONG> (Thumb, 26 bytes, Stack size 16 bytes, CH375MAI.O(.text))
<BR><BR>[Stack]<UL><LI>Max Depth = 24<LI>Call Chain = CH375s43 &rArr; xWriteCH375Data
</UL>
<BR>[Calls]<UL><LI><a href="#[e2]">&gt;&gt;</a>&nbsp;&nbsp;&nbsp;xWriteCH375Data
<LI><a href="#[df]">&gt;&gt;</a>&nbsp;&nbsp;&nbsp;xWriteCH375Cmd
</UL>
<BR>[Called By]<UL><LI><a href="#[ec]">&gt;&gt;</a>&nbsp;&nbsp;&nbsp;CH375Init
</UL>

<P><STRONG><a name="[ec]"></a>CH375Init</STRONG> (Thumb, 186 bytes, Stack size 8 bytes, CH375MAI.O(.text))
<BR><BR>[Stack]<UL><LI>Max Depth = 32<LI>Call Chain = CH375Init &rArr; CH375s43 &rArr; xWriteCH375Data
</UL>
<BR>[Calls]<UL><LI><a href="#[df]">&gt;&gt;</a>&nbsp;&nbsp;&nbsp;xWriteCH375Cmd
<LI><a href="#[e0]">&gt;&gt;</a>&nbsp;&nbsp;&nbsp;xReadCH375Data
<LI><a href="#[eb]">&gt;&gt;</a>&nbsp;&nbsp;&nbsp;CH375s43
<LI><a href="#[ea]">&gt;&gt;</a>&nbsp;&nbsp;&nbsp;CH375Reset
<LI><a href="#[e5]">&gt;&gt;</a>&nbsp;&nbsp;&nbsp;CH375s49
</UL>
<BR>[Called By]<UL><LI><a href="#[15b]">&gt;&gt;</a>&nbsp;&nbsp;&nbsp;CH375LibInit
</UL>

<P><STRONG><a name="[ed]"></a>CH375s13</STRONG> (Thumb, 142 bytes, Stack size 8 bytes, CH375MAI.O(.text))
<BR><BR>[Stack]<UL><LI>Max Depth = 24<LI>Call Chain = CH375s13 &rArr; CH375s40 &rArr; xWriteCH375Data
</UL>
<BR>[Calls]<UL><LI><a href="#[df]">&gt;&gt;</a>&nbsp;&nbsp;&nbsp;xWriteCH375Cmd
<LI><a href="#[e0]">&gt;&gt;</a>&nbsp;&nbsp;&nbsp;xReadCH375Data
<LI><a href="#[ee]">&gt;&gt;</a>&nbsp;&nbsp;&nbsp;xQueryInterrupt
<LI><a href="#[e6]">&gt;&gt;</a>&nbsp;&nbsp;&nbsp;xDelay100uS
<LI><a href="#[e7]">&gt;&gt;</a>&nbsp;&nbsp;&nbsp;CH375s40
</UL>
<BR>[Called By]<UL><LI><a href="#[109]">&gt;&gt;</a>&nbsp;&nbsp;&nbsp;CH375DiskReady
<LI><a href="#[f6]">&gt;&gt;</a>&nbsp;&nbsp;&nbsp;CH375s07
<LI><a href="#[f4]">&gt;&gt;</a>&nbsp;&nbsp;&nbsp;CH375s06
<LI><a href="#[f1]">&gt;&gt;</a>&nbsp;&nbsp;&nbsp;CH375s23
</UL>

<P><STRONG><a name="[ef]"></a>CH375s44</STRONG> (Thumb, 50 bytes, Stack size 8 bytes, CH375MAI.O(.text))
<BR><BR>[Stack]<UL><LI>Max Depth = 20<LI>Call Chain = CH375s44 &rArr; xQueryInterrupt &rArr; xWriteCH375Cmd
</UL>
<BR>[Calls]<UL><LI><a href="#[df]">&gt;&gt;</a>&nbsp;&nbsp;&nbsp;xWriteCH375Cmd
<LI><a href="#[ee]">&gt;&gt;</a>&nbsp;&nbsp;&nbsp;xQueryInterrupt
</UL>
<BR>[Called By]<UL><LI><a href="#[109]">&gt;&gt;</a>&nbsp;&nbsp;&nbsp;CH375DiskReady
<LI><a href="#[f8]">&gt;&gt;</a>&nbsp;&nbsp;&nbsp;CH375s25
<LI><a href="#[f3]">&gt;&gt;</a>&nbsp;&nbsp;&nbsp;CH375s47
<LI><a href="#[f1]">&gt;&gt;</a>&nbsp;&nbsp;&nbsp;CH375s23
</UL>

<P><STRONG><a name="[f0]"></a>CH375s41</STRONG> (Thumb, 26 bytes, Stack size 16 bytes, CH375MAI.O(.text))
<BR><BR>[Stack]<UL><LI>Max Depth = 24<LI>Call Chain = CH375s41 &rArr; xWriteCH375Data
</UL>
<BR>[Calls]<UL><LI><a href="#[e2]">&gt;&gt;</a>&nbsp;&nbsp;&nbsp;xWriteCH375Data
<LI><a href="#[df]">&gt;&gt;</a>&nbsp;&nbsp;&nbsp;xWriteCH375Cmd
</UL>
<BR>[Called By]<UL><LI><a href="#[f8]">&gt;&gt;</a>&nbsp;&nbsp;&nbsp;CH375s25
<LI><a href="#[f3]">&gt;&gt;</a>&nbsp;&nbsp;&nbsp;CH375s47
<LI><a href="#[f1]">&gt;&gt;</a>&nbsp;&nbsp;&nbsp;CH375s23
</UL>

<P><STRONG><a name="[f1]"></a>CH375s23</STRONG> (Thumb, 102 bytes, Stack size 8 bytes, CH375MAI.O(.text))
<BR><BR>[Stack]<UL><LI>Max Depth = 48<LI>Call Chain = CH375s23 &rArr; CH375s05 &rArr; CH375DiskConnect &rArr; CH375s40 &rArr; xWriteCH375Data
</UL>
<BR>[Calls]<UL><LI><a href="#[e8]">&gt;&gt;</a>&nbsp;&nbsp;&nbsp;CH375DiskConnect
<LI><a href="#[f0]">&gt;&gt;</a>&nbsp;&nbsp;&nbsp;CH375s41
<LI><a href="#[ef]">&gt;&gt;</a>&nbsp;&nbsp;&nbsp;CH375s44
<LI><a href="#[ed]">&gt;&gt;</a>&nbsp;&nbsp;&nbsp;CH375s13
<LI><a href="#[e9]">&gt;&gt;</a>&nbsp;&nbsp;&nbsp;CH375s05
<LI><a href="#[e7]">&gt;&gt;</a>&nbsp;&nbsp;&nbsp;CH375s40
<LI><a href="#[e3]">&gt;&gt;</a>&nbsp;&nbsp;&nbsp;CH375s42
</UL>
<BR>[Called By]<UL><LI><a href="#[109]">&gt;&gt;</a>&nbsp;&nbsp;&nbsp;CH375DiskReady
<LI><a href="#[f9]">&gt;&gt;</a>&nbsp;&nbsp;&nbsp;CH375s08
</UL>

<P><STRONG><a name="[f5]"></a>CH375s24</STRONG> (Thumb, 32 bytes, Stack size 0 bytes, CH375MAI.O(.text), UNUSED)
<BR><BR>[Called By]<UL><LI><a href="#[f6]">&gt;&gt;</a>&nbsp;&nbsp;&nbsp;CH375s07
<LI><a href="#[f4]">&gt;&gt;</a>&nbsp;&nbsp;&nbsp;CH375s06
</UL>

<P><STRONG><a name="[f3]"></a>CH375s47</STRONG> (Thumb, 552 bytes, Stack size 8 bytes, CH375MAI.O(.text), UNUSED)
<BR><BR>[Calls]<UL><LI><a href="#[e2]">&gt;&gt;</a>&nbsp;&nbsp;&nbsp;xWriteCH375Data
<LI><a href="#[df]">&gt;&gt;</a>&nbsp;&nbsp;&nbsp;xWriteCH375Cmd
<LI><a href="#[f0]">&gt;&gt;</a>&nbsp;&nbsp;&nbsp;CH375s41
<LI><a href="#[ef]">&gt;&gt;</a>&nbsp;&nbsp;&nbsp;CH375s44
<LI><a href="#[e7]">&gt;&gt;</a>&nbsp;&nbsp;&nbsp;CH375s40
<LI><a href="#[f2]">&gt;&gt;</a>&nbsp;&nbsp;&nbsp;CH375s45
</UL>
<BR>[Called By]<UL><LI><a href="#[f6]">&gt;&gt;</a>&nbsp;&nbsp;&nbsp;CH375s07
<LI><a href="#[f4]">&gt;&gt;</a>&nbsp;&nbsp;&nbsp;CH375s06
</UL>

<P><STRONG><a name="[f4]"></a>CH375s06</STRONG> (Thumb, 280 bytes, Stack size 8 bytes, CH375MAI.O(.text), UNUSED)
<BR><BR>[Calls]<UL><LI><a href="#[e2]">&gt;&gt;</a>&nbsp;&nbsp;&nbsp;xWriteCH375Data
<LI><a href="#[df]">&gt;&gt;</a>&nbsp;&nbsp;&nbsp;xWriteCH375Cmd
<LI><a href="#[ee]">&gt;&gt;</a>&nbsp;&nbsp;&nbsp;xQueryInterrupt
<LI><a href="#[f3]">&gt;&gt;</a>&nbsp;&nbsp;&nbsp;CH375s47
<LI><a href="#[f5]">&gt;&gt;</a>&nbsp;&nbsp;&nbsp;CH375s24
<LI><a href="#[ed]">&gt;&gt;</a>&nbsp;&nbsp;&nbsp;CH375s13
<LI><a href="#[e4]">&gt;&gt;</a>&nbsp;&nbsp;&nbsp;CH375DirtyBuffer
<LI><a href="#[de]">&gt;&gt;</a>&nbsp;&nbsp;&nbsp;CH375s17
</UL>
<BR>[Called By]<UL><LI><a href="#[10b]">&gt;&gt;</a>&nbsp;&nbsp;&nbsp;CH375s20
<LI><a href="#[108]">&gt;&gt;</a>&nbsp;&nbsp;&nbsp;CH375FileModify
<LI><a href="#[106]">&gt;&gt;</a>&nbsp;&nbsp;&nbsp;CH375FileCreate
<LI><a href="#[105]">&gt;&gt;</a>&nbsp;&nbsp;&nbsp;CH375FileErase
<LI><a href="#[103]">&gt;&gt;</a>&nbsp;&nbsp;&nbsp;CH375s15
<LI><a href="#[101]">&gt;&gt;</a>&nbsp;&nbsp;&nbsp;CH375FileOpen
<LI><a href="#[100]">&gt;&gt;</a>&nbsp;&nbsp;&nbsp;CH375s12
<LI><a href="#[fd]">&gt;&gt;</a>&nbsp;&nbsp;&nbsp;CH375s10
<LI><a href="#[f9]">&gt;&gt;</a>&nbsp;&nbsp;&nbsp;CH375s08
</UL>

<P><STRONG><a name="[f6]"></a>CH375s07</STRONG> (Thumb, 332 bytes, Stack size 8 bytes, CH375MAI.O(.text), UNUSED)
<BR><BR>[Calls]<UL><LI><a href="#[e2]">&gt;&gt;</a>&nbsp;&nbsp;&nbsp;xWriteCH375Data
<LI><a href="#[df]">&gt;&gt;</a>&nbsp;&nbsp;&nbsp;xWriteCH375Cmd
<LI><a href="#[ee]">&gt;&gt;</a>&nbsp;&nbsp;&nbsp;xQueryInterrupt
<LI><a href="#[f7]">&gt;&gt;</a>&nbsp;&nbsp;&nbsp;xDelayAfterWrite
<LI><a href="#[f3]">&gt;&gt;</a>&nbsp;&nbsp;&nbsp;CH375s47
<LI><a href="#[f5]">&gt;&gt;</a>&nbsp;&nbsp;&nbsp;CH375s24
<LI><a href="#[ed]">&gt;&gt;</a>&nbsp;&nbsp;&nbsp;CH375s13
<LI><a href="#[e4]">&gt;&gt;</a>&nbsp;&nbsp;&nbsp;CH375DirtyBuffer
<LI><a href="#[e1]">&gt;&gt;</a>&nbsp;&nbsp;&nbsp;CH375s18
</UL>
<BR>[Called By]<UL><LI><a href="#[10b]">&gt;&gt;</a>&nbsp;&nbsp;&nbsp;CH375s20
<LI><a href="#[108]">&gt;&gt;</a>&nbsp;&nbsp;&nbsp;CH375FileModify
<LI><a href="#[106]">&gt;&gt;</a>&nbsp;&nbsp;&nbsp;CH375FileCreate
<LI><a href="#[105]">&gt;&gt;</a>&nbsp;&nbsp;&nbsp;CH375FileErase
<LI><a href="#[103]">&gt;&gt;</a>&nbsp;&nbsp;&nbsp;CH375s15
<LI><a href="#[100]">&gt;&gt;</a>&nbsp;&nbsp;&nbsp;CH375s12
<LI><a href="#[fc]">&gt;&gt;</a>&nbsp;&nbsp;&nbsp;CH375s09
</UL>

<P><STRONG><a name="[f8]"></a>CH375s25</STRONG> (Thumb, 208 bytes, Stack size 8 bytes, CH375MAI.O(.text))
<BR><BR>[Stack]<UL><LI>Max Depth = 40<LI>Call Chain = CH375s25 &rArr; CH375s42 &rArr; CH375s17 &rArr; xWriteCH375Cmd
</UL>
<BR>[Calls]<UL><LI><a href="#[f0]">&gt;&gt;</a>&nbsp;&nbsp;&nbsp;CH375s41
<LI><a href="#[ef]">&gt;&gt;</a>&nbsp;&nbsp;&nbsp;CH375s44
<LI><a href="#[e5]">&gt;&gt;</a>&nbsp;&nbsp;&nbsp;CH375s49
<LI><a href="#[e3]">&gt;&gt;</a>&nbsp;&nbsp;&nbsp;CH375s42
</UL>
<BR>[Called By]<UL><LI><a href="#[109]">&gt;&gt;</a>&nbsp;&nbsp;&nbsp;CH375DiskReady
<LI><a href="#[f9]">&gt;&gt;</a>&nbsp;&nbsp;&nbsp;CH375s08
</UL>

<P><STRONG><a name="[f9]"></a>CH375s08</STRONG> (Thumb, 740 bytes, Stack size 24 bytes, CH375MAI.O(.text), UNUSED)
<BR><BR>[Calls]<UL><LI><a href="#[f8]">&gt;&gt;</a>&nbsp;&nbsp;&nbsp;CH375s25
<LI><a href="#[f4]">&gt;&gt;</a>&nbsp;&nbsp;&nbsp;CH375s06
<LI><a href="#[f1]">&gt;&gt;</a>&nbsp;&nbsp;&nbsp;CH375s23
<LI><a href="#[e9]">&gt;&gt;</a>&nbsp;&nbsp;&nbsp;CH375s05
<LI><a href="#[e4]">&gt;&gt;</a>&nbsp;&nbsp;&nbsp;CH375DirtyBuffer
<LI><a href="#[fa]">&gt;&gt;</a>&nbsp;&nbsp;&nbsp;CH375s01
<LI><a href="#[fb]">&gt;&gt;</a>&nbsp;&nbsp;&nbsp;CH375s02
</UL>
<BR>[Called By]<UL><LI><a href="#[101]">&gt;&gt;</a>&nbsp;&nbsp;&nbsp;CH375FileOpen
</UL>

<P><STRONG><a name="[fc]"></a>CH375s09</STRONG> (Thumb, 84 bytes, Stack size 16 bytes, CH375MAI.O(.text), UNUSED)
<BR><BR>[Calls]<UL><LI><a href="#[f6]">&gt;&gt;</a>&nbsp;&nbsp;&nbsp;CH375s07
</UL>
<BR>[Called By]<UL><LI><a href="#[10b]">&gt;&gt;</a>&nbsp;&nbsp;&nbsp;CH375s20
<LI><a href="#[106]">&gt;&gt;</a>&nbsp;&nbsp;&nbsp;CH375FileCreate
<LI><a href="#[105]">&gt;&gt;</a>&nbsp;&nbsp;&nbsp;CH375FileErase
<LI><a href="#[fd]">&gt;&gt;</a>&nbsp;&nbsp;&nbsp;CH375s10
</UL>

<P><STRONG><a name="[fd]"></a>CH375s10</STRONG> (Thumb, 694 bytes, Stack size 32 bytes, CH375MAI.O(.text), UNUSED)
<BR><BR>[Calls]<UL><LI><a href="#[fc]">&gt;&gt;</a>&nbsp;&nbsp;&nbsp;CH375s09
<LI><a href="#[f4]">&gt;&gt;</a>&nbsp;&nbsp;&nbsp;CH375s06
</UL>
<BR>[Called By]<UL><LI><a href="#[10a]">&gt;&gt;</a>&nbsp;&nbsp;&nbsp;CH375s19
<LI><a href="#[106]">&gt;&gt;</a>&nbsp;&nbsp;&nbsp;CH375FileCreate
<LI><a href="#[105]">&gt;&gt;</a>&nbsp;&nbsp;&nbsp;CH375FileErase
<LI><a href="#[101]">&gt;&gt;</a>&nbsp;&nbsp;&nbsp;CH375FileOpen
<LI><a href="#[fe]">&gt;&gt;</a>&nbsp;&nbsp;&nbsp;CH375s48
</UL>

<P><STRONG><a name="[fe]"></a>CH375s48</STRONG> (Thumb, 426 bytes, Stack size 8 bytes, CH375MAI.O(.text), UNUSED)
<BR><BR>[Calls]<UL><LI><a href="#[fd]">&gt;&gt;</a>&nbsp;&nbsp;&nbsp;CH375s10
</UL>
<BR>[Called By]<UL><LI><a href="#[10b]">&gt;&gt;</a>&nbsp;&nbsp;&nbsp;CH375s20
<LI><a href="#[ff]">&gt;&gt;</a>&nbsp;&nbsp;&nbsp;CH375s11
</UL>

<P><STRONG><a name="[ff]"></a>CH375s11</STRONG> (Thumb, 28 bytes, Stack size 8 bytes, CH375MAI.O(.text), UNUSED)
<BR><BR>[Calls]<UL><LI><a href="#[fe]">&gt;&gt;</a>&nbsp;&nbsp;&nbsp;CH375s48
</UL>
<BR>[Called By]<UL><LI><a href="#[106]">&gt;&gt;</a>&nbsp;&nbsp;&nbsp;CH375FileCreate
</UL>

<P><STRONG><a name="[100]"></a>CH375s12</STRONG> (Thumb, 74 bytes, Stack size 8 bytes, CH375MAI.O(.text), UNUSED)
<BR><BR>[Calls]<UL><LI><a href="#[f6]">&gt;&gt;</a>&nbsp;&nbsp;&nbsp;CH375s07
<LI><a href="#[f4]">&gt;&gt;</a>&nbsp;&nbsp;&nbsp;CH375s06
</UL>
<BR>[Called By]<UL><LI><a href="#[106]">&gt;&gt;</a>&nbsp;&nbsp;&nbsp;CH375FileCreate
<LI><a href="#[105]">&gt;&gt;</a>&nbsp;&nbsp;&nbsp;CH375FileErase
</UL>

<P><STRONG><a name="[101]"></a>CH375FileOpen</STRONG> (Thumb, 1358 bytes, Stack size 48 bytes, CH375MAI.O(.text), UNUSED)
<BR><BR>[Calls]<UL><LI><a href="#[df]">&gt;&gt;</a>&nbsp;&nbsp;&nbsp;xWriteCH375Cmd
<LI><a href="#[e0]">&gt;&gt;</a>&nbsp;&nbsp;&nbsp;xReadCH375Data
<LI><a href="#[102]">&gt;&gt;</a>&nbsp;&nbsp;&nbsp;xFileNameEnumer
<LI><a href="#[fd]">&gt;&gt;</a>&nbsp;&nbsp;&nbsp;CH375s10
<LI><a href="#[f9]">&gt;&gt;</a>&nbsp;&nbsp;&nbsp;CH375s08
<LI><a href="#[f4]">&gt;&gt;</a>&nbsp;&nbsp;&nbsp;CH375s06
<LI><a href="#[e9]">&gt;&gt;</a>&nbsp;&nbsp;&nbsp;CH375s05
</UL>
<BR>[Called By]<UL><LI><a href="#[106]">&gt;&gt;</a>&nbsp;&nbsp;&nbsp;CH375FileCreate
<LI><a href="#[105]">&gt;&gt;</a>&nbsp;&nbsp;&nbsp;CH375FileErase
</UL>

<P><STRONG><a name="[103]"></a>CH375s15</STRONG> (Thumb, 70 bytes, Stack size 16 bytes, CH375MAI.O(.text), UNUSED)
<BR><BR>[Calls]<UL><LI><a href="#[f6]">&gt;&gt;</a>&nbsp;&nbsp;&nbsp;CH375s07
<LI><a href="#[f4]">&gt;&gt;</a>&nbsp;&nbsp;&nbsp;CH375s06
</UL>
<BR>[Called By]<UL><LI><a href="#[104]">&gt;&gt;</a>&nbsp;&nbsp;&nbsp;CH375FileClose
</UL>

<P><STRONG><a name="[104]"></a>CH375FileClose</STRONG> (Thumb, 124 bytes, Stack size 8 bytes, CH375MAI.O(.text), UNUSED)
<BR><BR>[Calls]<UL><LI><a href="#[103]">&gt;&gt;</a>&nbsp;&nbsp;&nbsp;CH375s15
<LI><a href="#[e9]">&gt;&gt;</a>&nbsp;&nbsp;&nbsp;CH375s05
</UL>

<P><STRONG><a name="[105]"></a>CH375FileErase</STRONG> (Thumb, 184 bytes, Stack size 32 bytes, CH375MAI.O(.text), UNUSED)
<BR><BR>[Calls]<UL><LI><a href="#[101]">&gt;&gt;</a>&nbsp;&nbsp;&nbsp;CH375FileOpen
<LI><a href="#[100]">&gt;&gt;</a>&nbsp;&nbsp;&nbsp;CH375s12
<LI><a href="#[fd]">&gt;&gt;</a>&nbsp;&nbsp;&nbsp;CH375s10
<LI><a href="#[fc]">&gt;&gt;</a>&nbsp;&nbsp;&nbsp;CH375s09
<LI><a href="#[f6]">&gt;&gt;</a>&nbsp;&nbsp;&nbsp;CH375s07
<LI><a href="#[f4]">&gt;&gt;</a>&nbsp;&nbsp;&nbsp;CH375s06
<LI><a href="#[e9]">&gt;&gt;</a>&nbsp;&nbsp;&nbsp;CH375s05
</UL>
<BR>[Called By]<UL><LI><a href="#[106]">&gt;&gt;</a>&nbsp;&nbsp;&nbsp;CH375FileCreate
</UL>

<P><STRONG><a name="[107]"></a>CH375s14</STRONG> (Thumb, 30 bytes, Stack size 0 bytes, CH375MAI.O(.text), UNUSED)
<BR><BR>[Called By]<UL><LI><a href="#[10a]">&gt;&gt;</a>&nbsp;&nbsp;&nbsp;CH375s19
<LI><a href="#[106]">&gt;&gt;</a>&nbsp;&nbsp;&nbsp;CH375FileCreate
</UL>

<P><STRONG><a name="[106]"></a>CH375FileCreate</STRONG> (Thumb, 834 bytes, Stack size 64 bytes, CH375MAI.O(.text), UNUSED)
<BR><BR>[Calls]<UL><LI><a href="#[107]">&gt;&gt;</a>&nbsp;&nbsp;&nbsp;CH375s14
<LI><a href="#[105]">&gt;&gt;</a>&nbsp;&nbsp;&nbsp;CH375FileErase
<LI><a href="#[101]">&gt;&gt;</a>&nbsp;&nbsp;&nbsp;CH375FileOpen
<LI><a href="#[100]">&gt;&gt;</a>&nbsp;&nbsp;&nbsp;CH375s12
<LI><a href="#[ff]">&gt;&gt;</a>&nbsp;&nbsp;&nbsp;CH375s11
<LI><a href="#[fd]">&gt;&gt;</a>&nbsp;&nbsp;&nbsp;CH375s10
<LI><a href="#[fc]">&gt;&gt;</a>&nbsp;&nbsp;&nbsp;CH375s09
<LI><a href="#[f6]">&gt;&gt;</a>&nbsp;&nbsp;&nbsp;CH375s07
<LI><a href="#[f4]">&gt;&gt;</a>&nbsp;&nbsp;&nbsp;CH375s06
<LI><a href="#[e9]">&gt;&gt;</a>&nbsp;&nbsp;&nbsp;CH375s05
<LI><a href="#[e4]">&gt;&gt;</a>&nbsp;&nbsp;&nbsp;CH375DirtyBuffer
</UL>

<P><STRONG><a name="[108]"></a>CH375FileModify</STRONG> (Thumb, 214 bytes, Stack size 16 bytes, CH375MAI.O(.text), UNUSED)
<BR><BR>[Calls]<UL><LI><a href="#[f6]">&gt;&gt;</a>&nbsp;&nbsp;&nbsp;CH375s07
<LI><a href="#[f4]">&gt;&gt;</a>&nbsp;&nbsp;&nbsp;CH375s06
</UL>

<P><STRONG><a name="[109]"></a>CH375DiskReady</STRONG> (Thumb, 110 bytes, Stack size 8 bytes, CH375MAI.O(.text))
<BR><BR>[Stack]<UL><LI>Max Depth = 56<LI>Call Chain = CH375DiskReady &rArr; CH375s23 &rArr; CH375s05 &rArr; CH375DiskConnect &rArr; CH375s40 &rArr; xWriteCH375Data
</UL>
<BR>[Calls]<UL><LI><a href="#[e8]">&gt;&gt;</a>&nbsp;&nbsp;&nbsp;CH375DiskConnect
<LI><a href="#[f8]">&gt;&gt;</a>&nbsp;&nbsp;&nbsp;CH375s25
<LI><a href="#[f1]">&gt;&gt;</a>&nbsp;&nbsp;&nbsp;CH375s23
<LI><a href="#[ef]">&gt;&gt;</a>&nbsp;&nbsp;&nbsp;CH375s44
<LI><a href="#[ed]">&gt;&gt;</a>&nbsp;&nbsp;&nbsp;CH375s13
<LI><a href="#[e5]">&gt;&gt;</a>&nbsp;&nbsp;&nbsp;CH375s49
</UL>
<BR>[Called By]<UL><LI><a href="#[240]">&gt;&gt;</a>&nbsp;&nbsp;&nbsp;ch375_DiskIsReady
</UL>

<P><STRONG><a name="[10a]"></a>CH375s19</STRONG> (Thumb, 212 bytes, Stack size 8 bytes, CH375MAI.O(.text), UNUSED)
<BR><BR>[Calls]<UL><LI><a href="#[107]">&gt;&gt;</a>&nbsp;&nbsp;&nbsp;CH375s14
<LI><a href="#[fd]">&gt;&gt;</a>&nbsp;&nbsp;&nbsp;CH375s10
</UL>

<P><STRONG><a name="[10b]"></a>CH375s20</STRONG> (Thumb, 118 bytes, Stack size 24 bytes, CH375MAI.O(.text), UNUSED)
<BR><BR>[Calls]<UL><LI><a href="#[fe]">&gt;&gt;</a>&nbsp;&nbsp;&nbsp;CH375s48
<LI><a href="#[fc]">&gt;&gt;</a>&nbsp;&nbsp;&nbsp;CH375s09
<LI><a href="#[f6]">&gt;&gt;</a>&nbsp;&nbsp;&nbsp;CH375s07
<LI><a href="#[f4]">&gt;&gt;</a>&nbsp;&nbsp;&nbsp;CH375s06
</UL>

<P><STRONG><a name="[10c]"></a>__c89vsprintf</STRONG> (Thumb, 32 bytes, Stack size 16 bytes, c89vsprintf.o(.text))
<BR><BR>[Stack]<UL><LI>Max Depth = 120 + Unknown Stack Size
<LI>Call Chain = __c89vsprintf &rArr; _printf_char_common &rArr; __printf
</UL>
<BR>[Calls]<UL><LI><a href="#[4c]">&gt;&gt;</a>&nbsp;&nbsp;&nbsp;_sputc
<LI><a href="#[10d]">&gt;&gt;</a>&nbsp;&nbsp;&nbsp;_printf_char_common
</UL>
<BR>[Called By]<UL><LI><a href="#[197]">&gt;&gt;</a>&nbsp;&nbsp;&nbsp;strfmt
</UL>

<P><STRONG><a name="[10e]"></a>__2sprintf</STRONG> (Thumb, 38 bytes, Stack size 32 bytes, __2sprintf.o(.text))
<BR><BR>[Stack]<UL><LI>Max Depth = 136 + Unknown Stack Size
<LI>Call Chain = __2sprintf &rArr; _printf_char_common &rArr; __printf
</UL>
<BR>[Calls]<UL><LI><a href="#[4c]">&gt;&gt;</a>&nbsp;&nbsp;&nbsp;_sputc
<LI><a href="#[10d]">&gt;&gt;</a>&nbsp;&nbsp;&nbsp;_printf_char_common
</UL>
<BR>[Called By]<UL><LI><a href="#[1e3]">&gt;&gt;</a>&nbsp;&nbsp;&nbsp;Log_Init
<LI><a href="#[13e]">&gt;&gt;</a>&nbsp;&nbsp;&nbsp;AutoRemoteTaskDo
<LI><a href="#[1e4]">&gt;&gt;</a>&nbsp;&nbsp;&nbsp;Log_addDate
</UL>

<P><STRONG><a name="[110]"></a>_printf_pre_padding</STRONG> (Thumb, 44 bytes, Stack size 16 bytes, _printf_pad.o(.text))
<BR><BR>[Stack]<UL><LI>Max Depth = 16<LI>Call Chain = _printf_pre_padding
</UL>
<BR>[Called By]<UL><LI><a href="#[12d]">&gt;&gt;</a>&nbsp;&nbsp;&nbsp;_printf_fp_dec_real
<LI><a href="#[122]">&gt;&gt;</a>&nbsp;&nbsp;&nbsp;_printf_wctomb
<LI><a href="#[114]">&gt;&gt;</a>&nbsp;&nbsp;&nbsp;_printf_int_common
<LI><a href="#[10f]">&gt;&gt;</a>&nbsp;&nbsp;&nbsp;_printf_str
<LI><a href="#[12f]">&gt;&gt;</a>&nbsp;&nbsp;&nbsp;_printf_fp_infnan
</UL>

<P><STRONG><a name="[111]"></a>_printf_post_padding</STRONG> (Thumb, 34 bytes, Stack size 16 bytes, _printf_pad.o(.text))
<BR><BR>[Stack]<UL><LI>Max Depth = 16<LI>Call Chain = _printf_post_padding
</UL>
<BR>[Called By]<UL><LI><a href="#[12d]">&gt;&gt;</a>&nbsp;&nbsp;&nbsp;_printf_fp_dec_real
<LI><a href="#[122]">&gt;&gt;</a>&nbsp;&nbsp;&nbsp;_printf_wctomb
<LI><a href="#[114]">&gt;&gt;</a>&nbsp;&nbsp;&nbsp;_printf_int_common
<LI><a href="#[10f]">&gt;&gt;</a>&nbsp;&nbsp;&nbsp;_printf_str
<LI><a href="#[12f]">&gt;&gt;</a>&nbsp;&nbsp;&nbsp;_printf_fp_infnan
</UL>

<P><STRONG><a name="[10f]"></a>_printf_str</STRONG> (Thumb, 82 bytes, Stack size 16 bytes, _printf_str.o(.text))
<BR><BR>[Stack]<UL><LI>Max Depth = 32<LI>Call Chain = _printf_str &rArr; _printf_post_padding
</UL>
<BR>[Calls]<UL><LI><a href="#[111]">&gt;&gt;</a>&nbsp;&nbsp;&nbsp;_printf_post_padding
<LI><a href="#[110]">&gt;&gt;</a>&nbsp;&nbsp;&nbsp;_printf_pre_padding
</UL>
<BR>[Called By]<UL><LI><a href="#[121]">&gt;&gt;</a>&nbsp;&nbsp;&nbsp;_printf_cs_common
</UL>

<P><STRONG><a name="[b5]"></a>_printf_int_dec</STRONG> (Thumb, 100 bytes, Stack size 24 bytes, _printf_dec.o(.text))
<BR><BR>[Stack]<UL><LI>Max Depth = 72<LI>Call Chain = _printf_int_dec &rArr; _printf_int_common &rArr; _printf_post_padding
</UL>
<BR>[Calls]<UL><LI><a href="#[114]">&gt;&gt;</a>&nbsp;&nbsp;&nbsp;_printf_int_common
<LI><a href="#[113]">&gt;&gt;</a>&nbsp;&nbsp;&nbsp;_printf_truncate_unsigned
<LI><a href="#[112]">&gt;&gt;</a>&nbsp;&nbsp;&nbsp;_printf_truncate_signed
</UL>
<BR>[Called By]<UL><LI><a href="#[b7]">&gt;&gt;</a>&nbsp;&nbsp;&nbsp;_printf_u
<LI><a href="#[b4]">&gt;&gt;</a>&nbsp;&nbsp;&nbsp;_printf_i
<LI><a href="#[b6]">&gt;&gt;</a>&nbsp;&nbsp;&nbsp;_printf_d
</UL>

<P><STRONG><a name="[115]"></a>__printf</STRONG> (Thumb, 388 bytes, Stack size 40 bytes, __printf_flags_ss_wp.o(.text))
<BR><BR>[Stack]<UL><LI>Max Depth = 40 + Unknown Stack Size
<LI>Call Chain = __printf
</UL>
<BR>[Calls]<UL><LI><a href="#[117]">&gt;&gt;</a>&nbsp;&nbsp;&nbsp;_printf_percent
<LI><a href="#[116]">&gt;&gt;</a>&nbsp;&nbsp;&nbsp;_is_digit
</UL>
<BR>[Called By]<UL><LI><a href="#[10d]">&gt;&gt;</a>&nbsp;&nbsp;&nbsp;_printf_char_common
</UL>

<P><STRONG><a name="[118]"></a>srand</STRONG> (Thumb, 42 bytes, Stack size 8 bytes, rand.o(.text))
<BR><BR>[Stack]<UL><LI>Max Depth = 8<LI>Call Chain = srand
</UL>
<BR>[Called By]<UL><LI><a href="#[255]">&gt;&gt;</a>&nbsp;&nbsp;&nbsp;random
<LI><a href="#[cd]">&gt;&gt;</a>&nbsp;&nbsp;&nbsp;_rand_init
</UL>

<P><STRONG><a name="[cd]"></a>_rand_init</STRONG> (Thumb, 4 bytes, Stack size 0 bytes, rand.o(.text))
<BR><BR>[Stack]<UL><LI>Max Depth = 8<LI>Call Chain = _rand_init &rArr; srand
</UL>
<BR>[Calls]<UL><LI><a href="#[118]">&gt;&gt;</a>&nbsp;&nbsp;&nbsp;srand
</UL>
<BR>[Called By]<UL><LI><a href="#[cc]">&gt;&gt;</a>&nbsp;&nbsp;&nbsp;__rt_lib_init_rand_2
</UL>

<P><STRONG><a name="[198]"></a>strncat</STRONG> (Thumb, 36 bytes, Stack size 8 bytes, strncat.o(.text))
<BR><BR>[Stack]<UL><LI>Max Depth = 8<LI>Call Chain = strncat
</UL>
<BR>[Called By]<UL><LI><a href="#[2fc]">&gt;&gt;</a>&nbsp;&nbsp;&nbsp;lcm_RollShowStr
<LI><a href="#[96]">&gt;&gt;</a>&nbsp;&nbsp;&nbsp;keydo_JobSongSet
<LI><a href="#[196]">&gt;&gt;</a>&nbsp;&nbsp;&nbsp;GetDesktopSourceString
</UL>

<P><STRONG><a name="[18f]"></a>memcmp</STRONG> (Thumb, 88 bytes, Stack size 8 bytes, memcmp.o(.text))
<BR><BR>[Stack]<UL><LI>Max Depth = 8<LI>Call Chain = memcmp
</UL>
<BR>[Called By]<UL><LI><a href="#[18b]">&gt;&gt;</a>&nbsp;&nbsp;&nbsp;IsSongFile
<LI><a href="#[192]">&gt;&gt;</a>&nbsp;&nbsp;&nbsp;GetAudioLength
<LI><a href="#[9c]">&gt;&gt;</a>&nbsp;&nbsp;&nbsp;keydo_SpecialJobEdit
<LI><a href="#[7c]">&gt;&gt;</a>&nbsp;&nbsp;&nbsp;keydo_JobEdit
<LI><a href="#[1b6]">&gt;&gt;</a>&nbsp;&nbsp;&nbsp;ID3v2_ReadFromFile
<LI><a href="#[1b2]">&gt;&gt;</a>&nbsp;&nbsp;&nbsp;ID3v1_ReadFromFile
<LI><a href="#[1fe]">&gt;&gt;</a>&nbsp;&nbsp;&nbsp;ReadObject
<LI><a href="#[1fd]">&gt;&gt;</a>&nbsp;&nbsp;&nbsp;ReadData
<LI><a href="#[1a8]">&gt;&gt;</a>&nbsp;&nbsp;&nbsp;HeaderIsValid
<LI><a href="#[186]">&gt;&gt;</a>&nbsp;&nbsp;&nbsp;FindVBR
</UL>

<P><STRONG><a name="[170]"></a>strcpy</STRONG> (Thumb, 72 bytes, Stack size 12 bytes, strcpy.o(.text))
<BR><BR>[Stack]<UL><LI>Max Depth = 12<LI>Call Chain = strcpy
</UL>
<BR>[Called By]<UL><LI><a href="#[252]">&gt;&gt;</a>&nbsp;&nbsp;&nbsp;player_OpenFile
<LI><a href="#[96]">&gt;&gt;</a>&nbsp;&nbsp;&nbsp;keydo_JobSongSet
<LI><a href="#[9e]">&gt;&gt;</a>&nbsp;&nbsp;&nbsp;dspSpecialJobEdit
<LI><a href="#[7e]">&gt;&gt;</a>&nbsp;&nbsp;&nbsp;dspJobEdit
<LI><a href="#[157]">&gt;&gt;</a>&nbsp;&nbsp;&nbsp;DspSongName
</UL>

<P><STRONG><a name="[176]"></a>strrchr</STRONG> (Thumb, 22 bytes, Stack size 0 bytes, strrchr.o(.text))
<BR><BR>[Called By]<UL><LI><a href="#[175]">&gt;&gt;</a>&nbsp;&nbsp;&nbsp;ExtractFileName
</UL>

<P><STRONG><a name="[16f]"></a>strlen</STRONG> (Thumb, 62 bytes, Stack size 8 bytes, strlen.o(.text))
<BR><BR>[Stack]<UL><LI>Max Depth = 8<LI>Call Chain = strlen
</UL>
<BR>[Called By]<UL><LI><a href="#[252]">&gt;&gt;</a>&nbsp;&nbsp;&nbsp;player_OpenFile
<LI><a href="#[18b]">&gt;&gt;</a>&nbsp;&nbsp;&nbsp;IsSongFile
<LI><a href="#[192]">&gt;&gt;</a>&nbsp;&nbsp;&nbsp;GetAudioLength
<LI><a href="#[175]">&gt;&gt;</a>&nbsp;&nbsp;&nbsp;ExtractFileName
<LI><a href="#[1e3]">&gt;&gt;</a>&nbsp;&nbsp;&nbsp;Log_Init
<LI><a href="#[2fc]">&gt;&gt;</a>&nbsp;&nbsp;&nbsp;lcm_RollShowStr
<LI><a href="#[2af]">&gt;&gt;</a>&nbsp;&nbsp;&nbsp;dspSongView
<LI><a href="#[2a7]">&gt;&gt;</a>&nbsp;&nbsp;&nbsp;dspSongNumView
<LI><a href="#[1a1]">&gt;&gt;</a>&nbsp;&nbsp;&nbsp;GetJobSourceString
<LI><a href="#[196]">&gt;&gt;</a>&nbsp;&nbsp;&nbsp;GetDesktopSourceString
<LI><a href="#[157]">&gt;&gt;</a>&nbsp;&nbsp;&nbsp;DspSongName
<LI><a href="#[1e4]">&gt;&gt;</a>&nbsp;&nbsp;&nbsp;Log_addDate
</UL>

<P><STRONG><a name="[2e4]"></a>strncmp</STRONG> (Thumb, 150 bytes, Stack size 16 bytes, strncmp.o(.text))
<BR><BR>[Stack]<UL><LI>Max Depth = 16<LI>Call Chain = strncmp
</UL>
<BR>[Called By]<UL><LI><a href="#[91]">&gt;&gt;</a>&nbsp;&nbsp;&nbsp;keydo_PasswordSet
<LI><a href="#[69]">&gt;&gt;</a>&nbsp;&nbsp;&nbsp;keydo_PasswordInput
</UL>

<P><STRONG><a name="[19a]"></a>strcat</STRONG> (Thumb, 24 bytes, Stack size 0 bytes, strcat.o(.text))
<BR><BR>[Called By]<UL><LI><a href="#[1a1]">&gt;&gt;</a>&nbsp;&nbsp;&nbsp;GetJobSourceString
<LI><a href="#[196]">&gt;&gt;</a>&nbsp;&nbsp;&nbsp;GetDesktopSourceString
</UL>

<P><STRONG><a name="[1b5]"></a>__aeabi_memcpy</STRONG> (Thumb, 0 bytes, Stack size 0 bytes, rt_memcpy_v6.o(.text))
<BR><BR>[Called By]<UL><LI><a href="#[1b9]">&gt;&gt;</a>&nbsp;&nbsp;&nbsp;tjAssign
<LI><a href="#[1bc]">&gt;&gt;</a>&nbsp;&nbsp;&nbsp;tgAssign
<LI><a href="#[1e4]">&gt;&gt;</a>&nbsp;&nbsp;&nbsp;Log_addDate
<LI><a href="#[1b2]">&gt;&gt;</a>&nbsp;&nbsp;&nbsp;ID3v1_ReadFromFile
</UL>

<P><STRONG><a name="[119]"></a>__rt_memcpy</STRONG> (Thumb, 138 bytes, Stack size 0 bytes, rt_memcpy_v6.o(.text), UNUSED)
<BR><BR>[Calls]<UL><LI><a href="#[11a]">&gt;&gt;</a>&nbsp;&nbsp;&nbsp;__aeabi_memcpy4
</UL>

[...]
</UL>

<P><STRONG><a name="[24f]"></a>_loadJobParam</STRONG> (Thumb, 48 bytes, Stack size 24 bytes, menu.o(i._loadJobParam))
<BR><BR>[Stack]<UL><LI>Max Depth = 48<LI>Call Chain = _loadJobParam &rArr; tjAssign
</UL>
<BR>[Calls]<UL><LI><a href="#[167]">&gt;&gt;</a>&nbsp;&nbsp;&nbsp;tjGetStartTime
<LI><a href="#[154]">&gt;&gt;</a>&nbsp;&nbsp;&nbsp;tjGetPlayLength
<LI><a href="#[1b9]">&gt;&gt;</a>&nbsp;&nbsp;&nbsp;tjAssign
<LI><a href="#[1c5]">&gt;&gt;</a>&nbsp;&nbsp;&nbsp;MyTimeAdd
</UL>
<BR>[Called By]<UL><LI><a href="#[7c]">&gt;&gt;</a>&nbsp;&nbsp;&nbsp;keydo_JobEdit
<LI><a href="#[7e]">&gt;&gt;</a>&nbsp;&nbsp;&nbsp;dspJobEdit
</UL>

<P><STRONG><a name="[225]"></a>SetSysClock</STRONG> (Thumb, 8 bytes, Stack size 8 bytes, system_stm32f10x.o(i.SetSysClock))
<BR><BR>[Stack]<UL><LI>Max Depth = 20<LI>Call Chain = SetSysClock &rArr; SetSysClockTo72
</UL>
<BR>[Calls]<UL><LI><a href="#[226]">&gt;&gt;</a>&nbsp;&nbsp;&nbsp;SetSysClockTo72
</UL>
<BR>[Called By]<UL><LI><a href="#[1fc]">&gt;&gt;</a>&nbsp;&nbsp;&nbsp;SystemInit
</UL>

<P><STRONG><a name="[226]"></a>SetSysClockTo72</STRONG> (Thumb, 220 bytes, Stack size 12 bytes, system_stm32f10x.o(i.SetSysClockTo72))
<BR><BR>[Stack]<UL><LI>Max Depth = 12<LI>Call Chain = SetSysClockTo72
</UL>
<BR>[Called By]<UL><LI><a href="#[225]">&gt;&gt;</a>&nbsp;&nbsp;&nbsp;SetSysClock
</UL>

<P><STRONG><a name="[17b]"></a>delay</STRONG> (Thumb, 26 bytes, Stack size 8 bytes, stm32f10x_flash.o(i.delay))
<BR><BR>[Stack]<UL><LI>Max Depth = 8<LI>Call Chain = delay
</UL>
<BR>[Called By]<UL><LI><a href="#[178]">&gt;&gt;</a>&nbsp;&nbsp;&nbsp;FLASH_WaitForLastOperation
</UL>

<P><STRONG><a name="[1f6]"></a>keyscan_delay</STRONG> (Thumb, 16 bytes, Stack size 0 bytes, key.o(i.keyscan_delay))
<BR><BR>[Called By]<UL><LI><a href="#[1f4]">&gt;&gt;</a>&nbsp;&nbsp;&nbsp;PollingKey
</UL>

<P><STRONG><a name="[269]"></a>check_fs</STRONG> (Thumb, 138 bytes, Stack size 16 bytes, ff.o(i.check_fs))
<BR><BR>[Stack]<UL><LI>Max Depth = 112<LI>Call Chain = check_fs &rArr; disk_read &rArr; usb_disk_read &rArr; ch375_ReadSec &rArr; rd_usb_data &rArr; xWriteCH375Cmd
</UL>
<BR>[Calls]<UL><LI><a href="#[26a]">&gt;&gt;</a>&nbsp;&nbsp;&nbsp;disk_read
</UL>
<BR>[Called By]<UL><LI><a href="#[26b]">&gt;&gt;</a>&nbsp;&nbsp;&nbsp;chk_mounted
</UL>

<P><STRONG><a name="[275]"></a>chk_chr</STRONG> (Thumb, 20 bytes, Stack size 0 bytes, ff.o(i.chk_chr))
<BR><BR>[Called By]<UL><LI><a href="#[273]">&gt;&gt;</a>&nbsp;&nbsp;&nbsp;create_name
</UL>

<P><STRONG><a name="[26b]"></a>chk_mounted</STRONG> (Thumb, 910 bytes, Stack size 80 bytes, ff.o(i.chk_mounted))
<BR><BR>[Stack]<UL><LI>Max Depth = 192<LI>Call Chain = chk_mounted &rArr; check_fs &rArr; disk_read &rArr; usb_disk_read &rArr; ch375_ReadSec &rArr; rd_usb_data &rArr; xWriteCH375Cmd
</UL>
<BR>[Calls]<UL><LI><a href="#[269]">&gt;&gt;</a>&nbsp;&nbsp;&nbsp;check_fs
<LI><a href="#[26c]">&gt;&gt;</a>&nbsp;&nbsp;&nbsp;disk_status
<LI><a href="#[26a]">&gt;&gt;</a>&nbsp;&nbsp;&nbsp;disk_read
<LI><a href="#[26d]">&gt;&gt;</a>&nbsp;&nbsp;&nbsp;disk_initialize
</UL>
<BR>[Called By]<UL><LI><a href="#[18a]">&gt;&gt;</a>&nbsp;&nbsp;&nbsp;f_opendir
<LI><a href="#[1de]">&gt;&gt;</a>&nbsp;&nbsp;&nbsp;f_open
</UL>

<P><STRONG><a name="[26e]"></a>cmp_lfn</STRONG> (Thumb, 138 bytes, Stack size 32 bytes, ff.o(i.cmp_lfn))
<BR><BR>[Stack]<UL><LI>Max Depth = 32<LI>Call Chain = cmp_lfn
</UL>
<BR>[Calls]<UL><LI><a href="#[26f]">&gt;&gt;</a>&nbsp;&nbsp;&nbsp;ff_wtoupper
</UL>
<BR>[Called By]<UL><LI><a href="#[27a]">&gt;&gt;</a>&nbsp;&nbsp;&nbsp;dir_find
</UL>

<P><STRONG><a name="[270]"></a>create_chain</STRONG> (Thumb, 202 bytes, Stack size 32 bytes, ff.o(i.create_chain))
<BR><BR>[Stack]<UL><LI>Max Depth = 184<LI>Call Chain = create_chain &rArr; put_fat &rArr; move_window &rArr; sync_window &rArr; disk_write &rArr; usb_disk_write &rArr; ch375_WriteSec &rArr; wr_usb_data &rArr; xWriteCH375Data
</UL>
<BR>[Calls]<UL><LI><a href="#[272]">&gt;&gt;</a>&nbsp;&nbsp;&nbsp;put_fat
<LI><a href="#[271]">&gt;&gt;</a>&nbsp;&nbsp;&nbsp;get_fat
</UL>
<BR>[Called By]<UL><LI><a href="#[1e6]">&gt;&gt;</a>&nbsp;&nbsp;&nbsp;f_write
<LI><a href="#[279]">&gt;&gt;</a>&nbsp;&nbsp;&nbsp;dir_next
<LI><a href="#[1e5]">&gt;&gt;</a>&nbsp;&nbsp;&nbsp;f_lseek
</UL>

<P><STRONG><a name="[273]"></a>create_name</STRONG> (Thumb, 328 bytes, Stack size 48 bytes, ff.o(i.create_name))
<BR><BR>[Stack]<UL><LI>Max Depth = 60<LI>Call Chain = create_name &rArr; mem_set
</UL>
<BR>[Calls]<UL><LI><a href="#[274]">&gt;&gt;</a>&nbsp;&nbsp;&nbsp;mem_set
<LI><a href="#[275]">&gt;&gt;</a>&nbsp;&nbsp;&nbsp;chk_chr
</UL>
<BR>[Called By]<UL><LI><a href="#[2b7]">&gt;&gt;</a>&nbsp;&nbsp;&nbsp;follow_path
</UL>

<P><STRONG><a name="[276]"></a>dir_alloc</STRONG> (Thumb, 86 bytes, Stack size 24 bytes, ff.o(i.dir_alloc))
<BR><BR>[Stack]<UL><LI>Max Depth = 232<LI>Call Chain = dir_alloc &rArr; dir_next &rArr; create_chain &rArr; put_fat &rArr; move_window &rArr; sync_window &rArr; disk_write &rArr; usb_disk_write &rArr; ch375_WriteSec &rArr; wr_usb_data &rArr; xWriteCH375Data
</UL>
<BR>[Calls]<UL><LI><a href="#[278]">&gt;&gt;</a>&nbsp;&nbsp;&nbsp;move_window
<LI><a href="#[277]">&gt;&gt;</a>&nbsp;&nbsp;&nbsp;dir_sdi
<LI><a href="#[279]">&gt;&gt;</a>&nbsp;&nbsp;&nbsp;dir_next
</UL>
<BR>[Called By]<UL><LI><a href="#[281]">&gt;&gt;</a>&nbsp;&nbsp;&nbsp;dir_register
</UL>

<P><STRONG><a name="[27a]"></a>dir_find</STRONG> (Thumb, 222 bytes, Stack size 32 bytes, ff.o(i.dir_find))
<BR><BR>[Stack]<UL><LI>Max Depth = 240<LI>Call Chain = dir_find &rArr; dir_next &rArr; create_chain &rArr; put_fat &rArr; move_window &rArr; sync_window &rArr; disk_write &rArr; usb_disk_write &rArr; ch375_WriteSec &rArr; wr_usb_data &rArr; xWriteCH375Data
</UL>
<BR>[Calls]<UL><LI><a href="#[27b]">&gt;&gt;</a>&nbsp;&nbsp;&nbsp;sum_sfn
<LI><a href="#[278]">&gt;&gt;</a>&nbsp;&nbsp;&nbsp;move_window
<LI><a href="#[27c]">&gt;&gt;</a>&nbsp;&nbsp;&nbsp;mem_cmp
<LI><a href="#[277]">&gt;&gt;</a>&nbsp;&nbsp;&nbsp;dir_sdi
<LI><a href="#[279]">&gt;&gt;</a>&nbsp;&nbsp;&nbsp;dir_next
<LI><a href="#[26e]">&gt;&gt;</a>&nbsp;&nbsp;&nbsp;cmp_lfn
</UL>
<BR>[Called By]<UL><LI><a href="#[2b7]">&gt;&gt;</a>&nbsp;&nbsp;&nbsp;follow_path
<LI><a href="#[281]">&gt;&gt;</a>&nbsp;&nbsp;&nbsp;dir_register
</UL>

<P><STRONG><a name="[279]"></a>dir_next</STRONG> (Thumb, 276 bytes, Stack size 24 bytes, ff.o(i.dir_next))
<BR><BR>[Stack]<UL><LI>Max Depth = 208<LI>Call Chain = dir_next &rArr; create_chain &rArr; put_fat &rArr; move_window &rArr; sync_window &rArr; disk_write &rArr; usb_disk_write &rArr; ch375_WriteSec &rArr; wr_usb_data &rArr; xWriteCH375Data
</UL>
<BR>[Calls]<UL><LI><a href="#[271]">&gt;&gt;</a>&nbsp;&nbsp;&nbsp;get_fat
<LI><a href="#[27e]">&gt;&gt;</a>&nbsp;&nbsp;&nbsp;clust2sect
<LI><a href="#[27d]">&gt;&gt;</a>&nbsp;&nbsp;&nbsp;sync_window
<LI><a href="#[274]">&gt;&gt;</a>&nbsp;&nbsp;&nbsp;mem_set
<LI><a href="#[270]">&gt;&gt;</a>&nbsp;&nbsp;&nbsp;create_chain
</UL>
<BR>[Called By]<UL><LI><a href="#[18e]">&gt;&gt;</a>&nbsp;&nbsp;&nbsp;f_readdir
<LI><a href="#[281]">&gt;&gt;</a>&nbsp;&nbsp;&nbsp;dir_register
<LI><a href="#[27f]">&gt;&gt;</a>&nbsp;&nbsp;&nbsp;dir_read
<LI><a href="#[27a]">&gt;&gt;</a>&nbsp;&nbsp;&nbsp;dir_find
<LI><a href="#[276]">&gt;&gt;</a>&nbsp;&nbsp;&nbsp;dir_alloc
</UL>

<P><STRONG><a name="[27f]"></a>dir_read</STRONG> (Thumb, 196 bytes, Stack size 40 bytes, ff.o(i.dir_read))
<BR><BR>[Stack]<UL><LI>Max Depth = 248<LI>Call Chain = dir_read &rArr; dir_next &rArr; create_chain &rArr; put_fat &rArr; move_window &rArr; sync_window &rArr; disk_write &rArr; usb_disk_write &rArr; ch375_WriteSec &rArr; wr_usb_data &rArr; xWriteCH375Data
</UL>
<BR>[Calls]<UL><LI><a href="#[27b]">&gt;&gt;</a>&nbsp;&nbsp;&nbsp;sum_sfn
<LI><a href="#[280]">&gt;&gt;</a>&nbsp;&nbsp;&nbsp;pick_lfn
<LI><a href="#[278]">&gt;&gt;</a>&nbsp;&nbsp;&nbsp;move_window
<LI><a href="#[279]">&gt;&gt;</a>&nbsp;&nbsp;&nbsp;dir_next
</UL>
<BR>[Called By]<UL><LI><a href="#[18e]">&gt;&gt;</a>&nbsp;&nbsp;&nbsp;f_readdir
</UL>

<P><STRONG><a name="[281]"></a>dir_register</STRONG> (Thumb, 310 bytes, Stack size 48 bytes, ff.o(i.dir_register))
<BR><BR>[Stack]<UL><LI>Max Depth = 288<LI>Call Chain = dir_register &rArr; dir_find &rArr; dir_next &rArr; create_chain &rArr; put_fat &rArr; move_window &rArr; sync_window &rArr; disk_write &rArr; usb_disk_write &rArr; ch375_WriteSec &rArr; wr_usb_data &rArr; xWriteCH375Data
</UL>
<BR>[Calls]<UL><LI><a href="#[283]">&gt;&gt;</a>&nbsp;&nbsp;&nbsp;gen_numname
<LI><a href="#[27b]">&gt;&gt;</a>&nbsp;&nbsp;&nbsp;sum_sfn
<LI><a href="#[278]">&gt;&gt;</a>&nbsp;&nbsp;&nbsp;move_window
<LI><a href="#[274]">&gt;&gt;</a>&nbsp;&nbsp;&nbsp;mem_set
<LI><a href="#[282]">&gt;&gt;</a>&nbsp;&nbsp;&nbsp;mem_cpy
<LI><a href="#[284]">&gt;&gt;</a>&nbsp;&nbsp;&nbsp;fit_lfn
<LI><a href="#[277]">&gt;&gt;</a>&nbsp;&nbsp;&nbsp;dir_sdi
<LI><a href="#[279]">&gt;&gt;</a>&nbsp;&nbsp;&nbsp;dir_next
<LI><a href="#[27a]">&gt;&gt;</a>&nbsp;&nbsp;&nbsp;dir_find
<LI><a href="#[276]">&gt;&gt;</a>&nbsp;&nbsp;&nbsp;dir_alloc
</UL>
<BR>[Called By]<UL><LI><a href="#[1de]">&gt;&gt;</a>&nbsp;&nbsp;&nbsp;f_open
</UL>

<P><STRONG><a name="[277]"></a>dir_sdi</STRONG> (Thumb, 156 bytes, Stack size 24 bytes, ff.o(i.dir_sdi))
<BR><BR>[Stack]<UL><LI>Max Depth = 168<LI>Call Chain = dir_sdi &rArr; get_fat &rArr; move_window &rArr; sync_window &rArr; disk_write &rArr; usb_disk_write &rArr; ch375_WriteSec &rArr; wr_usb_data &rArr; xWriteCH375Data
</UL>
<BR>[Calls]<UL><LI><a href="#[271]">&gt;&gt;</a>&nbsp;&nbsp;&nbsp;get_fat
<LI><a href="#[27e]">&gt;&gt;</a>&nbsp;&nbsp;&nbsp;clust2sect
</UL>
<BR>[Called By]<UL><LI><a href="#[18e]">&gt;&gt;</a>&nbsp;&nbsp;&nbsp;f_readdir
<LI><a href="#[18a]">&gt;&gt;</a>&nbsp;&nbsp;&nbsp;f_opendir
<LI><a href="#[2b7]">&gt;&gt;</a>&nbsp;&nbsp;&nbsp;follow_path
<LI><a href="#[281]">&gt;&gt;</a>&nbsp;&nbsp;&nbsp;dir_register
<LI><a href="#[27a]">&gt;&gt;</a>&nbsp;&nbsp;&nbsp;dir_find
<LI><a href="#[276]">&gt;&gt;</a>&nbsp;&nbsp;&nbsp;dir_alloc
</UL>

<P><STRONG><a name="[284]"></a>fit_lfn</STRONG> (Thumb, 122 bytes, Stack size 20 bytes, ff.o(i.fit_lfn))
<BR><BR>[Stack]<UL><LI>Max Depth = 20<LI>Call Chain = fit_lfn
</UL>
<BR>[Called By]<UL><LI><a href="#[281]">&gt;&gt;</a>&nbsp;&nbsp;&nbsp;dir_register
</UL>

<P><STRONG><a name="[2b7]"></a>follow_path</STRONG> (Thumb, 146 bytes, Stack size 32 bytes, ff.o(i.follow_path))
<BR><BR>[Stack]<UL><LI>Max Depth = 272<LI>Call Chain = follow_path &rArr; dir_find &rArr; dir_next &rArr; create_chain &rArr; put_fat &rArr; move_window &rArr; sync_window &rArr; disk_write &rArr; usb_disk_write &rArr; ch375_WriteSec &rArr; wr_usb_data &rArr; xWriteCH375Data
</UL>
<BR>[Calls]<UL><LI><a href="#[2b9]">&gt;&gt;</a>&nbsp;&nbsp;&nbsp;ld_clust
<LI><a href="#[277]">&gt;&gt;</a>&nbsp;&nbsp;&nbsp;dir_sdi
<LI><a href="#[27a]">&gt;&gt;</a>&nbsp;&nbsp;&nbsp;dir_find
<LI><a href="#[273]">&gt;&gt;</a>&nbsp;&nbsp;&nbsp;create_name
</UL>
<BR>[Called By]<UL><LI><a href="#[18a]">&gt;&gt;</a>&nbsp;&nbsp;&nbsp;f_opendir
<LI><a href="#[1de]">&gt;&gt;</a>&nbsp;&nbsp;&nbsp;f_open
</UL>

<P><STRONG><a name="[2bc]"></a>get_fileinfo</STRONG> (Thumb, 316 bytes, Stack size 48 bytes, ff.o(i.get_fileinfo))
<BR><BR>[Stack]<UL><LI>Max Depth = 72<LI>Call Chain = get_fileinfo &rArr; ff_convert
</UL>
<BR>[Calls]<UL><LI><a href="#[2be]">&gt;&gt;</a>&nbsp;&nbsp;&nbsp;ff_convert
</UL>
<BR>[Called By]<UL><LI><a href="#[18e]">&gt;&gt;</a>&nbsp;&nbsp;&nbsp;f_readdir
</UL>

<P><STRONG><a name="[2b9]"></a>ld_clust</STRONG> (Thumb, 32 bytes, Stack size 8 bytes, ff.o(i.ld_clust))
<BR><BR>[Stack]<UL><LI>Max Depth = 8<LI>Call Chain = ld_clust
</UL>
<BR>[Called By]<UL><LI><a href="#[18a]">&gt;&gt;</a>&nbsp;&nbsp;&nbsp;f_opendir
<LI><a href="#[1de]">&gt;&gt;</a>&nbsp;&nbsp;&nbsp;f_open
<LI><a href="#[2b7]">&gt;&gt;</a>&nbsp;&nbsp;&nbsp;follow_path
</UL>

<P><STRONG><a name="[27c]"></a>mem_cmp</STRONG> (Thumb, 38 bytes, Stack size 20 bytes, ff.o(i.mem_cmp))
<BR><BR>[Stack]<UL><LI>Max Depth = 20<LI>Call Chain = mem_cmp
</UL>
<BR>[Called By]<UL><LI><a href="#[27a]">&gt;&gt;</a>&nbsp;&nbsp;&nbsp;dir_find
</UL>

<P><STRONG><a name="[282]"></a>mem_cpy</STRONG> (Thumb, 26 bytes, Stack size 16 bytes, ff.o(i.mem_cpy))
<BR><BR>[Stack]<UL><LI>Max Depth = 16<LI>Call Chain = mem_cpy
</UL>
<BR>[Called By]<UL><LI><a href="#[1e6]">&gt;&gt;</a>&nbsp;&nbsp;&nbsp;f_write
<LI><a href="#[1df]">&gt;&gt;</a>&nbsp;&nbsp;&nbsp;f_read
<LI><a href="#[283]">&gt;&gt;</a>&nbsp;&nbsp;&nbsp;gen_numname
<LI><a href="#[281]">&gt;&gt;</a>&nbsp;&nbsp;&nbsp;dir_register
</UL>

<P><STRONG><a name="[274]"></a>mem_set</STRONG> (Thumb, 20 bytes, Stack size 12 bytes, ff.o(i.mem_set))
<BR><BR>[Stack]<UL><LI>Max Depth = 12<LI>Call Chain = mem_set
</UL>
<BR>[Called By]<UL><LI><a href="#[2bd]">&gt;&gt;</a>&nbsp;&nbsp;&nbsp;sync_fs
<LI><a href="#[281]">&gt;&gt;</a>&nbsp;&nbsp;&nbsp;dir_register
<LI><a href="#[279]">&gt;&gt;</a>&nbsp;&nbsp;&nbsp;dir_next
<LI><a href="#[273]">&gt;&gt;</a>&nbsp;&nbsp;&nbsp;create_name
</UL>

<P><STRONG><a name="[278]"></a>move_window</STRONG> (Thumb, 50 bytes, Stack size 16 bytes, ff.o(i.move_window))
<BR><BR>[Stack]<UL><LI>Max Depth = 120<LI>Call Chain = move_window &rArr; sync_window &rArr; disk_write &rArr; usb_disk_write &rArr; ch375_WriteSec &rArr; wr_usb_data &rArr; xWriteCH375Data
</UL>
<BR>[Calls]<UL><LI><a href="#[27d]">&gt;&gt;</a>&nbsp;&nbsp;&nbsp;sync_window
<LI><a href="#[26a]">&gt;&gt;</a>&nbsp;&nbsp;&nbsp;disk_read
</UL>
<BR>[Called By]<UL><LI><a href="#[1de]">&gt;&gt;</a>&nbsp;&nbsp;&nbsp;f_open
<LI><a href="#[272]">&gt;&gt;</a>&nbsp;&nbsp;&nbsp;put_fat
<LI><a href="#[271]">&gt;&gt;</a>&nbsp;&nbsp;&nbsp;get_fat
<LI><a href="#[281]">&gt;&gt;</a>&nbsp;&nbsp;&nbsp;dir_register
<LI><a href="#[27f]">&gt;&gt;</a>&nbsp;&nbsp;&nbsp;dir_read
<LI><a href="#[27a]">&gt;&gt;</a>&nbsp;&nbsp;&nbsp;dir_find
<LI><a href="#[276]">&gt;&gt;</a>&nbsp;&nbsp;&nbsp;dir_alloc
<LI><a href="#[1e7]">&gt;&gt;</a>&nbsp;&nbsp;&nbsp;f_sync
</UL>

<P><STRONG><a name="[280]"></a>pick_lfn</STRONG> (Thumb, 112 bytes, Stack size 20 bytes, ff.o(i.pick_lfn))
<BR><BR>[Stack]<UL><LI>Max Depth = 20<LI>Call Chain = pick_lfn
</UL>
<BR>[Called By]<UL><LI><a href="#[27f]">&gt;&gt;</a>&nbsp;&nbsp;&nbsp;dir_read
</UL>

<P><STRONG><a name="[2bb]"></a>remove_chain</STRONG> (Thumb, 104 bytes, Stack size 24 bytes, ff.o(i.remove_chain))
<BR><BR>[Stack]<UL><LI>Max Depth = 176<LI>Call Chain = remove_chain &rArr; put_fat &rArr; move_window &rArr; sync_window &rArr; disk_write &rArr; usb_disk_write &rArr; ch375_WriteSec &rArr; wr_usb_data &rArr; xWriteCH375Data
</UL>
<BR>[Calls]<UL><LI><a href="#[272]">&gt;&gt;</a>&nbsp;&nbsp;&nbsp;put_fat
<LI><a href="#[271]">&gt;&gt;</a>&nbsp;&nbsp;&nbsp;get_fat
</UL>
<BR>[Called By]<UL><LI><a href="#[1de]">&gt;&gt;</a>&nbsp;&nbsp;&nbsp;f_open
</UL>

<P><STRONG><a name="[2ba]"></a>st_clust</STRONG> (Thumb, 16 bytes, Stack size 0 bytes, ff.o(i.st_clust))
<BR><BR>[Called By]<UL><LI><a href="#[1de]">&gt;&gt;</a>&nbsp;&nbsp;&nbsp;f_open
<LI><a href="#[1e7]">&gt;&gt;</a>&nbsp;&nbsp;&nbsp;f_sync
</UL>

<P><STRONG><a name="[27b]"></a>sum_sfn</STRONG> (Thumb, 32 bytes, Stack size 12 bytes, ff.o(i.sum_sfn))
<BR><BR>[Stack]<UL><LI>Max Depth = 12<LI>Call Chain = sum_sfn
</UL>
<BR>[Called By]<UL><LI><a href="#[281]">&gt;&gt;</a>&nbsp;&nbsp;&nbsp;dir_register
<LI><a href="#[27f]">&gt;&gt;</a>&nbsp;&nbsp;&nbsp;dir_read
<LI><a href="#[27a]">&gt;&gt;</a>&nbsp;&nbsp;&nbsp;dir_find
</UL>

<P><STRONG><a name="[2bd]"></a>sync_fs</STRONG> (Thumb, 200 bytes, Stack size 16 bytes, ff.o(i.sync_fs))
<BR><BR>[Stack]<UL><LI>Max Depth = 184<LI>Call Chain = sync_fs &rArr; disk_ioctl &rArr; usb_disk_ioctl &rArr; ch375_GetDiskSize &rArr; rd_usb_data &rArr; xWriteCH375Cmd
</UL>
<BR>[Calls]<UL><LI><a href="#[27d]">&gt;&gt;</a>&nbsp;&nbsp;&nbsp;sync_window
<LI><a href="#[274]">&gt;&gt;</a>&nbsp;&nbsp;&nbsp;mem_set
<LI><a href="#[28e]">&gt;&gt;</a>&nbsp;&nbsp;&nbsp;disk_write
<LI><a href="#[287]">&gt;&gt;</a>&nbsp;&nbsp;&nbsp;disk_ioctl
</UL>
<BR>[Called By]<UL><LI><a href="#[1e7]">&gt;&gt;</a>&nbsp;&nbsp;&nbsp;f_sync
</UL>

<P><STRONG><a name="[27d]"></a>sync_window</STRONG> (Thumb, 82 bytes, Stack size 16 bytes, ff.o(i.sync_window))
<BR><BR>[Stack]<UL><LI>Max Depth = 104<LI>Call Chain = sync_window &rArr; disk_write &rArr; usb_disk_write &rArr; ch375_WriteSec &rArr; wr_usb_data &rArr; xWriteCH375Data
</UL>
<BR>[Calls]<UL><LI><a href="#[28e]">&gt;&gt;</a>&nbsp;&nbsp;&nbsp;disk_write
</UL>
<BR>[Called By]<UL><LI><a href="#[2bd]">&gt;&gt;</a>&nbsp;&nbsp;&nbsp;sync_fs
<LI><a href="#[278]">&gt;&gt;</a>&nbsp;&nbsp;&nbsp;move_window
<LI><a href="#[279]">&gt;&gt;</a>&nbsp;&nbsp;&nbsp;dir_next
</UL>

<P><STRONG><a name="[2b6]"></a>validate</STRONG> (Thumb, 54 bytes, Stack size 16 bytes, ff.o(i.validate))
<BR><BR>[Stack]<UL><LI>Max Depth = 24<LI>Call Chain = validate &rArr; disk_status
</UL>
<BR>[Calls]<UL><LI><a href="#[26c]">&gt;&gt;</a>&nbsp;&nbsp;&nbsp;disk_status
</UL>
<BR>[Called By]<UL><LI><a href="#[1e6]">&gt;&gt;</a>&nbsp;&nbsp;&nbsp;f_write
<LI><a href="#[18e]">&gt;&gt;</a>&nbsp;&nbsp;&nbsp;f_readdir
<LI><a href="#[1df]">&gt;&gt;</a>&nbsp;&nbsp;&nbsp;f_read
<LI><a href="#[1e7]">&gt;&gt;</a>&nbsp;&nbsp;&nbsp;f_sync
<LI><a href="#[1e5]">&gt;&gt;</a>&nbsp;&nbsp;&nbsp;f_lseek
</UL>

<P><STRONG><a name="[21b]"></a>SD_SPI_Release</STRONG> (Thumb, 18 bytes, Stack size 8 bytes, msd.o(i.SD_SPI_Release))
<BR><BR>[Stack]<UL><LI>Max Depth = 8<LI>Call Chain = SD_SPI_Release
</UL>
<BR>[Calls]<UL><LI><a href="#[218]">&gt;&gt;</a>&nbsp;&nbsp;&nbsp;sd_ReadWriteByte
<LI><a href="#[13c]">&gt;&gt;</a>&nbsp;&nbsp;&nbsp;GPIO_SetBits
</UL>
<BR>[Called By]<UL><LI><a href="#[288]">&gt;&gt;</a>&nbsp;&nbsp;&nbsp;msd_disk_ioctl
</UL>

<P><STRONG><a name="[181]"></a>DecodeHeader</STRONG> (Thumb, 104 bytes, Stack size 0 bytes, mpegaudio.o(i.DecodeHeader))
<BR><BR>[Called By]<UL><LI><a href="#[17f]">&gt;&gt;</a>&nbsp;&nbsp;&nbsp;FindFrame
</UL>

<P><STRONG><a name="[180]"></a>IsFrameHeader</STRONG> (Thumb, 82 bytes, Stack size 0 bytes, mpegaudio.o(i.IsFrameHeader))
<BR><BR>[Called By]<UL><LI><a href="#[17f]">&gt;&gt;</a>&nbsp;&nbsp;&nbsp;FindFrame
<LI><a href="#[183]">&gt;&gt;</a>&nbsp;&nbsp;&nbsp;ValidFrameAt
</UL>

<P><STRONG><a name="[183]"></a>ValidFrameAt</STRONG> (Thumb, 44 bytes, Stack size 16 bytes, mpegaudio.o(i.ValidFrameAt))
<BR><BR>[Stack]<UL><LI>Max Depth = 16<LI>Call Chain = ValidFrameAt
</UL>
<BR>[Calls]<UL><LI><a href="#[180]">&gt;&gt;</a>&nbsp;&nbsp;&nbsp;IsFrameHeader
</UL>
<BR>[Called By]<UL><LI><a href="#[17f]">&gt;&gt;</a>&nbsp;&nbsp;&nbsp;FindFrame
</UL>

<P><STRONG><a name="[fb]"></a>CH375s02</STRONG> (Thumb, 20 bytes, Stack size 0 bytes, CH375MAI.O(.text), UNUSED)
<BR><BR>[Called By]<UL><LI><a href="#[f9]">&gt;&gt;</a>&nbsp;&nbsp;&nbsp;CH375s08
</UL>

<P><STRONG><a name="[f2]"></a>CH375s45</STRONG> (Thumb, 100 bytes, Stack size 16 bytes, CH375MAI.O(.text), UNUSED)
<BR><BR>[Calls]<UL><LI><a href="#[e2]">&gt;&gt;</a>&nbsp;&nbsp;&nbsp;xWriteCH375Data
<LI><a href="#[df]">&gt;&gt;</a>&nbsp;&nbsp;&nbsp;xWriteCH375Cmd
<LI><a href="#[ee]">&gt;&gt;</a>&nbsp;&nbsp;&nbsp;xQueryInterrupt
</UL>
<BR>[Called By]<UL><LI><a href="#[f3]">&gt;&gt;</a>&nbsp;&nbsp;&nbsp;CH375s47
</UL>

<P><STRONG><a name="[4d]"></a>_printf_input_char</STRONG> (Thumb, 10 bytes, Stack size 0 bytes, _printf_char_common.o(.text))
<BR>[Address Reference Count : 1]<UL><LI> _printf_char_common.o(.text)
</UL>
<P><STRONG><a name="[128]"></a>_fp_digits</STRONG> (Thumb, 428 bytes, Stack size 96 bytes, _printf_fp_dec.o(.text))
<BR><BR>[Stack]<UL><LI>Max Depth = 216<LI>Call Chain = _fp_digits &rArr; _btod_etento &rArr; _btod_emul &rArr; _e2e
</UL>
<BR>[Calls]<UL><LI><a href="#[124]">&gt;&gt;</a>&nbsp;&nbsp;&nbsp;_ll_udiv10
<LI><a href="#[12c]">&gt;&gt;</a>&nbsp;&nbsp;&nbsp;_btod_emul
<LI><a href="#[12b]">&gt;&gt;</a>&nbsp;&nbsp;&nbsp;_btod_ediv
<LI><a href="#[12a]">&gt;&gt;</a>&nbsp;&nbsp;&nbsp;_btod_d2e
<LI><a href="#[129]">&gt;&gt;</a>&nbsp;&nbsp;&nbsp;_btod_etento
</UL>
<BR>[Called By]<UL><LI><a href="#[12d]">&gt;&gt;</a>&nbsp;&nbsp;&nbsp;_printf_fp_dec_real
</UL>
<P>
<H3>
Undefined Global Symbols
</H3><HR></body></html>
