<html>
<body>
<pre>
<h1>µVision Build Log</h1>
<h2>Project:</h2>
F:\×ÀÃæ\FDC215 V1.07\firmware\RVMDK\FDC2301_Firmware.uvproj
Project File Date:  12/21/2015

<h2>Output:</h2>
Build target 'FDC2301_Firmware'
compiling player.c...
compiling menu.c...
linking...
Program Size: Code=84748 RO-data=94416 RW-data=448 ZI-data=60848  
FromELF: creating hex file...
After Build - User command #1: fromelf.exe --bin -o "..\..\out\Firmware\..\FDC215.bin" "..\..\out\Firmware\FDC2301_Firmware.axf"
"..\..\out\Firmware\FDC2301_Firmware.axf" - 0 Error(s), 0 Warning(s).
Load "..\\..\\out\\Firmware\\FDC2301_Firmware.axf" 
Set JLink Project File to "F:\×ÀÃæ\FDC215 V1.07\firmware\RVMDK\JLinkSettings.ini"
 
JLink info:
------------
DLL: V4.15n, compiled Jun 18 2010 19:55:09
Firmware: J-Link ARM V8 compiled Nov 25 2013 19:20:08
Hardware: V8.00
Feature(s) : RDI,FlashDL,FlashBP,JFlash,GDBFULL 
 
* JLink Info: Found SWD-DP with ID 0x1BA01477
* JLink Info: TPIU fitted.
* JLink Info: ETM fitted.
* JLink Info:   FPUnit: 6 code (BP) slots and 2 literal slots
**JLink Warning: S_RESET_ST not cleared
ROMTableAddr = 0xE00FF003
 
Target info:
------------
Device: STM32F103VE
VTarget = 3.274V
State of Pins: 
TCK: 0, TDI: 1, TDO: 1, TMS: 1, TRES: 1, TRST: 1
* JLink Info: Found SWD-DP with ID 0x1BA01477
* JLink Info: TPIU fitted.
* JLink Info: ETM fitted.
* JLink Info:   FPUnit: 6 code (BP) slots and 2 literal slots
Hardware-Breakpoints: 6
Software-Breakpoints: 2048
Watchpoints:          4
JTAG speed: 4000 kHz
 
Erase Done.
Programming Done.
Verify OK.
* JLink Info: Found SWD-DP with ID 0x1BA01477
* JLink Info: TPIU fitted.
* JLink Info: ETM fitted.
* JLink Info:   FPUnit: 6 code (BP) slots and 2 literal slots
**JLink Warning: S_RESET_ST not cleared
Application running ...
</pre>
</body>
</html>
ed.
* JLink Info: ETM fitted.
* JLink Info:   FPUnit: 6 code (BP) slots and 2 literal slots
**JLink Warning: S_RESET_ST not cleared
Application running ...
