Product: MDK-ARM Professional 5.10
Component: ARM Compiler 5.04 update 1 (build 49)
Tool: armlink [5040049]

==============================================================================

Section Cross References

    main.o(i.KMG_Init) refers to stm32f10x_iwdg.o(i.IWDG_WriteAccessCmd) for IWDG_WriteAccessCmd
    main.o(i.KMG_Init) refers to stm32f10x_iwdg.o(i.IWDG_SetPrescaler) for IWDG_SetPrescaler
    main.o(i.KMG_Init) refers to stm32f10x_iwdg.o(i.IWDG_SetReload) for IWDG_SetReload
    main.o(i.KMG_Init) refers to stm32f10x_iwdg.o(i.IWDG_ReloadCounter) for IWDG_ReloadCounter
    main.o(i.KMG_Init) refers to stm32f10x_iwdg.o(i.IWDG_Enable) for IWDG_Enable
    main.o(i.main) refers to misc.o(i.NVIC_SetVectorTable) for NVIC_SetVectorTable
    main.o(i.main) refers to hal.o(i.ChipHalInit) for ChipHalInit
    main.o(i.main) refers to hal.o(i.ChipOutHalInit) for ChipOutHalInit
    main.o(i.main) refers to menu.o(i.menu_Init) for menu_Init
    main.o(i.main) refers to lcm19264.o(i.lcm_Clr) for lcm_Clr
    main.o(i.main) refers to menu.o(i.menu_Start) for menu_Start
    main.o(i.main) refers to com.o(i.UART_PutStr) for UART_PutStr
    main.o(i.main) refers to log.o(i.Log_Init) for Log_Init
    main.o(i.main) refers to main.o(i.KMG_Init) for KMG_Init
    main.o(i.main) refers to stm32f10x_iwdg.o(i.IWDG_ReloadCounter) for IWDG_ReloadCounter
    main.o(i.main) refers to menu.o(i.menu_OnTimer) for menu_OnTimer
    main.o(i.main) refers to usrkey.o(i.kb_IslongPress) for kb_IslongPress
    main.o(i.main) refers to usrkey.o(i.kb_getKey) for kb_getKey
    main.o(i.main) refers to menu.o(i.menu_KeyDo) for menu_KeyDo
    main.o(i.main) refers to key.o(i.Alarm_key) for Alarm_key
    main.o(i.main) refers to audio.o(i.AutoAmpRun) for AutoAmpRun
    main.o(i.main) refers to strcmpv7m.o(.text) for strcmp
    main.o(i.main) refers to hal.o(.data) for Ms_1
    main.o(i.main) refers to main.o(.data) for YK_SAVE
    main.o(i.main) refers to main.o(.bss) for YK_Rev
    main.o(i.main) refers to stm32f10x_it.o(.data) for jx_num
    main.o(.data) refers to main.o(.conststring) for .conststring
    stm32f10x_it.o(i.EXTI3_IRQHandler) refers to stm32f10x_exti.o(i.EXTI_GetITStatus) for EXTI_GetITStatus
    stm32f10x_it.o(i.EXTI3_IRQHandler) refers to stm32f10x_exti.o(i.EXTI_ClearFlag) for EXTI_ClearFlag
    stm32f10x_it.o(i.EXTI3_IRQHandler) refers to msd.o(.data) for SD_changed
    stm32f10x_it.o(i.EXTI9_5_IRQHandler) refers to stm32f10x_exti.o(i.EXTI_GetITStatus) for EXTI_GetITStatus
    stm32f10x_it.o(i.EXTI9_5_IRQHandler) refers to usrkey.o(i._keyscan) for _keyscan
    stm32f10x_it.o(i.EXTI9_5_IRQHandler) refers to stm32f10x_exti.o(i.EXTI_ClearFlag) for EXTI_ClearFlag
    stm32f10x_it.o(i.SysTick_Handler) refers to hal.o(.data) for Timer1
    stm32f10x_it.o(i.SysTick_Handler) refers to stm32f10x_it.o(.data) for dwTickCount
    stm32f10x_it.o(i.USART2_IRQHandler) refers to stm32f10x_usart.o(i.USART_GetITStatus) for USART_GetITStatus
    stm32f10x_it.o(i.USART2_IRQHandler) refers to stm32f10x_usart.o(i.USART_GetFlagStatus) for USART_GetFlagStatus
    stm32f10x_it.o(i.USART2_IRQHandler) refers to stm32f10x_usart.o(i.USART_ReceiveData) for USART_ReceiveData
    stm32f10x_it.o(i.USART2_IRQHandler) refers to stm32f10x_it.o(.data) for tem
    stm32f10x_it.o(i.USART2_IRQHandler) refers to main.o(.bss) for YK_Rev
    stm32f10x_it.o(i.USART2_IRQHandler) refers to main.o(.data) for YK_SAVE
    player.o(i.ExtractFileName) refers to strlen.o(.text) for strlen
    player.o(i.ExtractFileName) refers to strrchr.o(.text) for strrchr
    player.o(i.ExtractFileName) refers to strncpy.o(.text) for strncpy
    player.o(i.FindSongIndex) refers to player.o(i.sd_FindSongIndex) for sd_FindSongIndex
    player.o(i.FindSongIndex) refers to player.o(.bss) for Player
    player.o(i.FindSongno) refers to ff.o(i.f_opendir) for f_opendir
    player.o(i.FindSongno) refers to player.o(i.IsSongFile) for IsSongFile
    player.o(i.FindSongno) refers to player.o(i.getSongno) for getSongno
    player.o(i.FindSongno) refers to strncpy.o(.text) for strncpy
    player.o(i.FindSongno) refers to player.o(i.IsSongDir) for IsSongDir
    player.o(i.FindSongno) refers to ff.o(i.f_readdir) for f_readdir
    player.o(i.GetAudioLength) refers to strlen.o(.text) for strlen
    player.o(i.GetAudioLength) refers to memcmp.o(.text) for memcmp
    player.o(i.GetAudioLength) refers to mpegaudio.o(i.mp3_ReadFromFile) for mp3_ReadFromFile
    player.o(i.GetAudioLength) refers to wavfile.o(i.wav_ReadFromFile) for wav_ReadFromFile
    player.o(i.GetAudioLength) refers to wmafile.o(i.wma_ReadFromFile) for wma_ReadFromFile
    player.o(i.GetDirectoryInfo) refers to ff.o(i.f_opendir) for f_opendir
    player.o(i.GetDirectoryInfo) refers to player.o(i.IsSongFile) for IsSongFile
    player.o(i.GetDirectoryInfo) refers to player.o(i.getSongno) for getSongno
    player.o(i.GetDirectoryInfo) refers to player.o(i.IsSongDir) for IsSongDir
[...]
    CH375v04                                 0x20000194   Data           2  CH375MAI.O(.data)
    CH375v06                                 0x20000196   Data           2  CH375MAI.O(.data)
    CH375v07                                 0x20000198   Data           1  CH375MAI.O(.data)
    CH375v08                                 0x2000019c   Data           4  CH375MAI.O(.data)
    CH375v09                                 0x200001a0   Data           4  CH375MAI.O(.data)
    CH375v11                                 0x200001a4   Data           1  CH375MAI.O(.data)
    CH375v12                                 0x200001a5   Data           1  CH375MAI.O(.data)
    CH375v13                                 0x200001a6   Data           1  CH375MAI.O(.data)
    CH375v14                                 0x200001a8   Data           4  CH375MAI.O(.data)
    CH375v17                                 0x200001ac   Data           4  CH375MAI.O(.data)
    CH375v18                                 0x200001b0   Data           1  CH375MAI.O(.data)
    CH375v19                                 0x200001b4   Data           4  CH375MAI.O(.data)
    CH375v25                                 0x200001b8   Data           4  CH375MAI.O(.data)
    CH375v26                                 0x200001bc   Data           1  CH375MAI.O(.data)
    YK_Rev                                   0x200001c0   Data          12  main.o(.bss)
    DH_Rev                                   0x200001cc   Data          12  main.o(.bss)
    Player                                   0x200001d8   Data          92  player.o(.bss)
    tuner_Param                              0x20001458   Data         168  tuner.o(.bss)
    g_taskManager                            0x2000150c   Data       40184  menu.o(.bss)
    sCurSongName                             0x2000b204   Data          51  menu.o(.bss)
    str_buf                                  0x2000b237   Data          32  menu.o(.bss)
    currollsongname                          0x2000b270   Data          12  menu.o(.bss)
    SPI_InitStructure                        0x2000c538   Data          18  hal.o(.bss)
    fs_sd                                    0x2000c54c   Data         564  hal.o(.bss)
    fs_usb                                   0x2000c780   Data         564  hal.o(.bss)
    curLCM                                   0x2000c9b4   Data        1537  lcm19264.o(.bss)
    oldLCM                                   0x2000cfb5   Data        1537  lcm19264.o(.bss)
    ZK_BUF                                   0x2000d5b6   Data          32  lcm19264.o(.bss)
    DISK_BASE_BUF                            0x2000d5d8   Data        2048  ch375.o(.bss)
    FILE_DATA_BUF                            0x2000ddd8   Data        2048  ch375.o(.bss)
    mCmdParam                                0x2000e5d8   Data          52  ch375.o(.bss)
    c375_FileState                           0x2000e60c   Data          20  ch375.o(.bss)
    ch375data                                0x2000e620   Data          12  ch375.o(.bss)
    _random_number_data                      0x2000e62c   Data         228  rand.o(.bss)
    __libspace_start                         0x2000e710   Data          96  libspace.o(.bss)
    __temporary_stack_top$libspace           0x2000e770   Data           0  libspace.o(.bss)



==============================================================================

Memory Map of the image

  Image Entry point : 0x08008131

  Load Region LR_IROM1 (Base: 0x08008000, Size: 0x0002bd9c, Max: 0x00078000, ABSOLUTE, COMPRESSED[0x0002bc5c])

    Execution Region ER_IROM1 (Base: 0x08008000, Size: 0x0002bbdc, Max: 0x00078000, ABSOLUTE)

    Base Addr    Size         Type   Attr      Idx    E Section Name        Object

    0x08008000   0x00000130   Data   RO         4516    RESET               startup_stm32f10x_hd.o
    0x08008130   0x00000008   Code   RO         6734  * !!!main             c_w.l(__main.o)
    0x08008138   0x00000034   Code   RO         7025    !!!scatter          c_w.l(__scatter.o)
    0x0800816c   0x0000005a   Code   RO         7023    !!dczerorl2         c_w.l(__dczerorl2.o)
    0x080081c6   0x00000002   PAD
    0x080081c8   0x0000001c   Code   RO         7027    !!handler_zi        c_w.l(__scatter_zi.o)
    0x080081e4   0x00000000   Code   RO         6698    .ARM.Collect$$_printf_percent$$00000000  c_w.l(_printf_percent.o)
    0x080081e4   0x00000006   Code   RO         6787    .ARM.Collect$$_printf_percent$$00000001  c_w.l(_printf_n.o)
    0x080081ea   0x00000006   Code   RO         6789    .ARM.Collect$$_printf_percent$$00000002  c_w.l(_printf_p.o)
    0x080081f0   0x00000006   Code   RO         6793    .ARM.Collect$$_printf_percent$$00000003  c_w.l(_printf_f.o)
    0x080081f6   0x00000006   Code   RO         6794    .ARM.Collect$$_printf_percent$$00000004  c_w.l(_printf_e.o)
    0x080081fc   0x00000006   Code   RO         6795    .ARM.Collect$$_printf_percent$$00000005  c_w.l(_printf_g.o)
    0x08008202   0x00000006   Code   RO         6796    .ARM.Collect$$_printf_percent$$00000006  c_w.l(_printf_a.o)
    0x08008208   0x0000000a   Code   RO         6801    .ARM.Collect$$_printf_percent$$00000007  c_w.l(_printf_ll.o)
    0x08008212   0x00000006   Code   RO         6791    .ARM.Collect$$_printf_percent$$00000008  c_w.l(_printf_i.o)
    0x08008218   0x00000006   Code   RO         6697    .ARM.Collect$$_printf_percent$$00000009  c_w.l(_printf_d.o)
    0x0800821e   0x00000006   Code   RO         6792    .ARM.Collect$$_printf_percent$$0000000A  c_w.l(_printf_u.o)
    0x08008224   0x00000006   Code   RO         6790    .ARM.Collect$$_printf_percent$$0000000B  c_w.l(_printf_o.o)
    0x0800822a   0x00000006   Code   RO         6788    .ARM.Collect$$_printf_percent$$0000000C  c_w.l(_printf_x.o)
    0x08008230   0x00000006   Code   RO         6798    .ARM.Collect$$_printf_percent$$0000000D  c_w.l(_printf_lli.o)
    0x08008236   0x00000006   Code   RO         6799    .ARM.Collect$$_printf_percent$$0000000E  c_w.l(_printf_lld.o)
    0x0800823c   0x00000006   Code   RO         6800    .ARM.Collect$$_printf_percent$$0000000F  c_w.l(_printf_llu.o)
    0x08008242   0x00000006   Code   RO         6805    .ARM.Collect$$_printf_percent$$00000010  c_w.l(_printf_llo.o)
    0x08008248   0x00000006   Code   RO         6806    .ARM.Collect$$_printf_percent$$00000011  c_w.l(_printf_llx.o)
    0x0800824e   0x0000000a   Code   RO         6802    .ARM.Collect$$_printf_percent$$00000012  c_w.l(_printf_l.o)
    0x08008258   0x00000006   Code   RO         6786    .ARM.Collect$$_printf_percent$$00000013  c_w.l(_printf_c.o)
    0x0800825e   0x00000006   Code   RO         6696    .ARM.Collect$$_printf_percent$$00000014  c_w.l(_printf_s.o)
    0x08008264   0x00000006   Code   RO         6803    .ARM.Collect$$_printf_percent$$00000015  c_w.l(_printf_lc.o)
    0x0800826a   0x00000006   Code   RO         6804    .ARM.Collect$$_printf_percent$$00000016  c_w.l(_printf_ls.o)
    0x08008270   0x00000004   Code   RO         6797    .ARM.Collect$$_printf_percent$$00000017  c_w.l(_printf_percent_end.o)
    0x08008274   0x00000002   Code   RO         6945    .ARM.Collect$$libinit$$00000000  c_w.l(libinit.o)
    0x08008276   0x00000000   Code   RO         6812    .ARM.Collect$$libinit$$00000002  c_w.l(libinit2.o)
    0x08008276   0x00000000   Code   RO         6815    .ARM.Collect$$libinit$$00000008  c_w.l(libinit2.o)
    0x08008276   0x00000000   Code   RO         6817    .ARM.Collect$$libinit$$0000000A  c_w.l(libinit2.o)
    0x08008276   0x00000004   Code   RO         6818    .ARM.Collect$$libinit$$0000000B  c_w.l(libinit2.o)
    0x0800827a   0x00000000   Code   RO         6819    .ARM.Collect$$libinit$$0000000C  c_w.l(libinit2.o)
    0x0800827a   0x00000006   Code   RO         6820    .ARM.Collect$$libinit$$0000000D  c_w.l(libinit2.o)
    0x08008280   0x00000000   Code   RO         6822    .ARM.Collect$$libinit$$0000000F  c_w.l(libinit2.o)
    0x08008280   0x0000000c   Code   RO         6823    .ARM.Collect$$libinit$$00000010  c_w.l(libinit2.o)
    0x0800828c   0x00000000   Code   RO         6824    .ARM.Collect$$libinit$$00000011  c_w.l(libinit2.o)
    0x0800828c   0x00000000   Code   RO         6826    .ARM.Collect$$libinit$$00000013  c_w.l(libinit2.o)
    0x0800828c   0x0000000a   Code   RO         6827    .ARM.Collect$$libinit$$00000014  c_w.l(libinit2.o)
    0x08008296   0x00000000   Code   RO         6828    .ARM.Collect$$libinit$$00000015  c_w.l(libinit2.o)
    0x08008296   0x00000000   Code   RO         6830    .ARM.Collect$$libinit$$00000017  c_w.l(libinit2.o)
    0x08008296   0x00000000   Code   RO         6832    .ARM.Collect$$libinit$$00000019  c_w.l(libinit2.o)
    0x08008296   0x00000000   Code   RO         6834    .ARM.Collect$$libinit$$0000001B  c_w.l(libinit2.o)
    0x08008296   0x00000000   Code   RO         6836    .ARM.Collect$$libinit$$0000001D  c_w.l(libinit2.o)
    0x08008296   0x00000000   Code   RO         6838    .ARM.Collect$$libinit$$0000001F  c_w.l(libinit2.o)
    0x08008296   0x00000000   Code   RO         6840    .ARM.Collect$$libinit$$00000021  c_w.l(libinit2.o)
    0x08008296   0x00000000   Code   RO         6842    .ARM.Collect$$libinit$$00000023  c_w.l(libinit2.o)
    0x08008296   0x00000000   Code   RO         6846    .ARM.Collect$$libinit$$0000002A  c_w.l(libinit2.o)
    0x08008296   0x00000000   Code   RO         6848    .ARM.Collect$$libinit$$0000002C  c_w.l(libinit2.o)
    0x08008296   0x00000000   Code   RO         6850    .ARM.Collect$$libinit$$0000002E  c_w.l(libinit2.o)
    0x08008296   0x00000000   Code   RO         6852    .ARM.Collect$$libinit$$00000030  c_w.l(libinit2.o)
    0x08008296   0x00000002   Code   RO         6853    .ARM.Collect$$libinit$$00000031  c_w.l(libinit2.o)
    0x08008298   0x00000002   Code   RO         6985    .ARM.Collect$$libshutdown$$00000000  c_w.l(libshutdown.o)
    0x0800829a   0x00000000   Code   RO         6992    .ARM.Collect$$libshutdown$$00000003  c_w.l(libshutdown2.o)
    0x0800829a   0x00000000   Code   RO         6995    .ARM.Collect$$libshutdown$$00000006  c_w.l(libshutdown2.o)
    0x0800829a   0x00000000   Code   RO         6998    .ARM.Collect$$libshutdown$$00000009  c_w.l(libshutdown2.o)
    0x0800829a   0x00000000   Code   RO         7000    .ARM.Collect$$libshutdown$$0000000B  c_w.l(libshutdown2.o)
    0x0800829a   0x00000000   Code   RO         7003    .ARM.Collect$$libshutdown$$0000000E  c_w.l(libshutdown2.o)
    0x0800829a   0x00000002   Code   RO         7004    .ARM.Collect$$libshutdown$$0000000F  c_w.l(libshutdown2.o)
    0x0800829c   0x00000000   Code   RO         6736    .ARM.Collect$$rtentry$$00000000  c_w.l(rtentry.o)
    0x0800829c   0x00000000   Code   RO         6860    .ARM.Collect$$rtentry$$00000002  c_w.l(rtentry2.o)
    0x0800829c   0x00000006   Code   RO         6872    .ARM.Collect$$rtentry$$00000004  c_w.l(rtentry4.o)
    0x080082a2   0x00000000   Code   RO         6862    .ARM.Collect$$rtentry$$00000009  c_w.l(rtentry2.o)
    0x080082a2   0x00000004   Code   RO         6863    .ARM.Collect$$rtentry$$0000000A  c_w.l(rtentry2.o)
    0x080082a6   0x00000000   Code   RO         6865    .ARM.Collect$$rtentry$$0000000C  c_w.l(rtentry2.o)
    0x080082a6   0x00000008   Code   RO         6866    .ARM.Collect$$rtentry$$0000000D  c_w.l(rtentry2.o)
    0x080082ae   0x00000002   Code   RO         6953    .ARM.Collect$$rtexit$$00000000  c_w.l(rtexit.o)
    0x080082b0   0x00000000   Code   RO         6965    .ARM.Collect$$rtexit$$00000002  c_w.l(rtexit2.o)
    0x080082b0   0x00000004   Code   RO         6966    .ARM.Collect$$rtexit$$00000003  c_w.l(rtexit2.o)
    0x080082b4   0x00000006   Code   RO         6967    .ARM.Collect$$rtexit$$00000004  c_w.l(rtexit2.o)
    0x080082ba   0x00000002   PAD
    0x080082bc   0x00000034   Code   RO         6701    .emb_text           c_w.l(rand.o)
    0x080082f0   0x00000048   Code   RO         4517    .text               startup_stm32f10x_hd.o
    0x08008338   0x00001e6c   Code   RO         6655    .text               CH375HFM.LIB(CH375MAI.O)
    0x0800a1a4   0x00000024   Code   RO         6662    .text               c_w.l(c89vsprintf.o)
    0x0800a1c8   0x0000002c   Code   RO         6664    .text               c_w.l(__2sprintf.o)
    0x0800a1f4   0x0000004e   Code   RO         6670    .text               c_w.l(_printf_pad.o)
    0x0800a242   0x00000052   Code   RO         6672    .text               c_w.l(_printf_str.o)
    0x0800a294   0x00000074   Code   RO         6674    .text               c_w.l(_printf_dec.o)
    0x0800a308   0x00000188   Code   RO         6693    .text               c_w.l(__printf_flags_ss_wp.o)
    0x0800a490   0x0000003c   Code   RO         6702    .text               c_w.l(rand.o)
    0x0800a4cc   0x00000024   Code   RO         6706    .text               c_w.l(strncat.o)
    0x0800a4f0   0x00000058   Code   RO         6708    .text               c_w.l(memcmp.o)
    0x0800a548   0x00000048   Code   RO         6710    .text               c_w.l(strcpy.o)
    0x0800a590   0x00000016   Code   RO         6712    .text               c_w.l(strrchr.o)
    0x0800a5a6   0x0000003e   Code   RO         6714    .text               c_w.l(strlen.o)
    0x0800a5e4   0x00000096   Code   RO         6716    .text               c_w.l(strncmp.o)
    0x0800a67a   0x00000018   Code   RO         6718    .text               c_w.l(strcat.o)
    0x0800a692   0x0000008a   Code   RO         6720    .text               c_w.l(rt_memcpy_v6.o)
    0x0800a71c   0x00000010   Code   RO         6722    .text               c_w.l(aeabi_memset.o)
    0x0800a72c   0x00000044   Code   RO         6724    .text               c_w.l(rt_memclr.o)
    0x0800a770   0x0000004e   Code   RO         6726    .text               c_w.l(rt_memclr_w.o)
    0x0800a7be   0x00000056   Code   RO         6728    .text               c_w.l(strncpy.o)
    0x0800a814   0x00000080   Code   RO         6730    .text               c_w.l(strcmpv7m.o)
    0x0800a894   0x00000006   Code   RO         6732    .text               c_w.l(heapauxi.o)
    0x0800a89a   0x00000024   Code   RO         6742    .text               c_w.l(_printf_truncate.o)
    0x0800a8be   0x000000b2   Code   RO         6744    .text               c_w.l(_printf_intcommon.o)
    0x0800a970   0x00000028   Code   RO         6746    .text               c_w.l(_printf_charcount.o)
    0x0800a998   0x00000030   Code   RO         6748    .text               c_w.l(_printf_char_common.o)
    0x0800a9c8   0x0000000a   Code   RO         6750    .text               c_w.l(_sputc.o)
    0x0800a9d2   0x0000002c   Code   RO         6752    .text               c_w.l(_printf_char.o)
    0x0800a9fe   0x00000002   PAD
    0x0800aa00   0x000000bc   Code   RO         6754    .text               c_w.l(_printf_wctomb.o)
    0x0800aabc   0x00000078   Code   RO         6757    .text               c_w.l(_printf_longlong_dec.o)
    0x0800ab34   0x00000070   Code   RO         6763    .text               c_w.l(_printf_oct_int_ll.o)
    0x0800aba4   0x00000094   Code   RO         6783    .text               c_w.l(_printf_hex_int_ll_ptr.o)
    0x0800ac38   0x00000064   Code   RO         6809    .text               c_w.l(rt_memcpy_w.o)
    0x0800ac9c   0x00000008   Code   RO         6856    .text               c_w.l(libspace.o)
    0x0800aca4   0x00000010   Code   RO         6874    .text               c_w.l(rt_ctype_table.o)
    0x0800acb4   0x0000008a   Code   RO         6876    .text               c_w.l(lludiv10.o)
    0x0800ad3e   0x00000416   Code   RO         6878    .text               c_w.l(_printf_fp_dec.o)
    0x0800b154   0x0000002c   Code   RO         6882    .text               c_w.l(_printf_wchar.o)
    0x0800b180   0x00000040   Code   RO         6886    .text               c_w.l(_wcrtomb.o)
    0x0800b1c0   0x0000004a   Code   RO         6892    .text               c_w.l(sys_stackheap_outer.o)
    0x0800b20a   0x00000002   PAD
    0x0800b20c   0x00000008   Code   RO         6897    .text               c_w.l(rt_locale_intlibspace.o)
    0x0800b214   0x00000080   Code   RO         6899    .text               c_w.l(_printf_fp_infnan.o)
    0x0800b294   0x000000d8   Code   RO         6903    .text               c_w.l(bigflt0.o)
    0x0800b36c   0x0000000c   Code   RO         6934    .text               c_w.l(exit.o)
    0x0800b378   0x00000002   Code   RO         6961    .text               c_w.l(use_no_semi.o)
    0x0800b37a   0x00000000   Code   RO         6963    .text               c_w.l(indicate_semi.o)
    0x0800b37a   0x00000002   PAD
    0x0800b37c   0x0000000c   Code   RO         6977    .text               c_w.l(sys_exit.o)
    0x0800b388   0x0000003e   Code   RO         6906    CL$$btod_d2e        c_w.l(btod.o)
    0x0800b3c6   0x00000046   Code   RO         6908    CL$$btod_d2e_denorm_low  c_w.l(btod.o)
    0x0800b40c   0x00000060   Code   RO         6907    CL$$btod_d2e_norm_op1  c_w.l(btod.o)
    0x0800b46c   0x00000338   Code   RO         6916    CL$$btod_div_common  c_w.l(btod.o)
    0x0800b7a4   0x000000c6   Code   RO         6913    CL$$btod_e2e        c_w.l(btod.o)
    0x0800b86a   0x00000028   Code   RO         6910    CL$$btod_ediv       c_w.l(btod.o)
    0x0800b892   0x00000028   Code   RO         6909    CL$$btod_emul       c_w.l(btod.o)
    0x0800b8ba   0x00000244   Code   RO         6915    CL$$btod_mult_common  c_w.l(btod.o)
    0x0800bafe   0x00000002   PAD
    0x0800bb00   0x00000044   Code   RO         4627    i.Alarm_key         key.o
    0x0800bb44   0x000000b8   Code   RO         5762    i.AutoAmpRun        audio.o
    0x0800bbfc   0x00000154   Code   RO         2160    i.AutoRemoteTaskDo  menu.o
    0x0800bd50   0x00000154   Code   RO         2161    i.AutoTaskDo        menu.o
    0x0800bea4   0x00000014   Code   RO         5631    i.BCD2HEX           ds3231.o
    0x0800beb8   0x00000024   Code   RO         2162    i.BackLightDo       menu.o
    0x0800bedc   0x00000004   Code   RO          126    i.BusFault_Handler  stm32f10x_it.o
    0x0800bee0   0x0000002c   Code   RO         5969    i.CH375LibInit      ch375.o
    0x0800bf0c   0x00000058   Code   RO         5970    i.CH375_Configuration  ch375.o
    0x0800bf64   0x00000012   Code   RO          252    i.CharIsNum         player.o
    0x0800bf76   0x00000010   Code   RO         4566    i.ChipHalInit       hal.o
    0x0800bf86   0x0000000c   Code   RO         4567    i.ChipOutHalInit    hal.o
    0x0800bf92   0x00000002   PAD
    0x0800bf94   0x0000003c   Code   RO         2163    i.CloseAmpPower     menu.o
    0x0800bfd0   0x00000018   Code   RO         6206    i.Com_Init          com.o
    0x0800bfe8   0x000000b0   Code   RO          589    i.DateOfDays        task.o
    0x0800c098   0x0000005a   Code   RO          590    i.DayOfWeek         task.o
    0x0800c0f2   0x00000002   Code   RO          127    i.DebugMon_Handler  stm32f10x_it.o
    0x0800c0f4   0x00000068   Code   RO         6368    i.DecodeHeader      mpegaudio.o
    0x0800c15c   0x000000ec   Code   RO         2164    i.DspSongName       menu.o
    0x0800c248   0x00000002   Code   RO          128    i.EXTI15_10_IRQHandler  stm32f10x_it.o
    0x0800c24a   0x00000002   PAD
    0x0800c24c   0x00000020   Code   RO          129    i.EXTI3_IRQHandler  stm32f10x_it.o
    0x0800c26c   0x0000001e   Code   RO          130    i.EXTI9_5_IRQHandler  stm32f10x_it.o
    0x0800c28a   0x00000002   PAD
    0x0800c28c   0x0000000c   Code   RO         3962    i.EXTI_ClearFlag    stm32f10x_exti.o
    0x0800c298   0x00000028   Code   RO         3967    i.EXTI_GetITStatus  stm32f10x_exti.o
    0x0800c2c0   0x000000b8   Code   RO         3968    i.EXTI_Init         stm32f10x_exti.o
    0x0800c378   0x0000005c   Code   RO          253    i.ExtractFileName   player.o
    0x0800c3d4   0x00000050   Code   RO         3365    i.FLASH_ErasePage   stm32f10x_flash.o
    0x0800c424   0x00000034   Code   RO         3369    i.FLASH_GetStatus   stm32f10x_flash.o
    0x0800c458   0x00000014   Code   RO         3374    i.FLASH_Lock        stm32f10x_flash.o
    0x0800c46c   0x00000044   Code   RO         3376    i.FLASH_ProgramHalfWord  stm32f10x_flash.o
    0x0800c4b0   0x00000018   Code   RO         3381    i.FLASH_Unlock      stm32f10x_flash.o
    0x0800c4c8   0x0000002a   Code   RO         3383    i.FLASH_WaitForLastOperation  stm32f10x_flash.o
    0x0800c4f2   0x00000050   Code   RO         6375    i.FResetData        mpegaudio.o
    0x0800c542   0x000000a0   Code   RO         6376    i.FindFrame         mpegaudio.o
    0x0800c5e2   0x00000002   PAD
    0x0800c5e4   0x00000070   Code   RO          254    i.FindSongIndex     player.o
    0x0800c654   0x000000ee   Code   RO          255    i.FindSongno        player.o
    0x0800c742   0x00000002   PAD
    0x0800c744   0x00000050   Code   RO         6377    i.FindVBR           mpegaudio.o
    0x0800c794   0x00000070   Code   RO         6207    i.GPIO1_Configuration  com.o
    0x0800c804   0x00000040   Code   RO         3512    i.GPIO_EXTILineConfig  stm32f10x_gpio.o
    0x0800c844   0x00000116   Code   RO         3515    i.GPIO_Init         stm32f10x_gpio.o
    0x0800c95a   0x00000008   Code   RO         3518    i.GPIO_ReadInputData  stm32f10x_gpio.o
    0x0800c962   0x00000012   Code   RO         3519    i.GPIO_ReadInputDataBit  stm32f10x_gpio.o
    0x0800c974   0x00000004   Code   RO         3522    i.GPIO_ResetBits    stm32f10x_gpio.o
    0x0800c978   0x00000004   Code   RO         3523    i.GPIO_SetBits      stm32f10x_gpio.o
    0x0800c97c   0x00000004   Code   RO         3525    i.GPIO_Write        stm32f10x_gpio.o
    0x0800c980   0x0000007c   Code   RO          256    i.GetAudioLength    player.o
    0x0800c9fc   0x0000001c   Code   RO         6378    i.GetBitRate        mpegaudio.o
    0x0800ca18   0x0000002e   Code   RO         6379    i.GetCoefficient    mpegaudio.o
    0x0800ca46   0x00000002   PAD
    0x0800ca48   0x00000050   Code   RO          591    i.GetDayCount       task.o
    0x0800ca98   0x000000e0   Code   RO         2165    i.GetDesktopSourceString  menu.o
    0x0800cb78   0x000000a2   Code   RO          257    i.GetDirectoryInfo  player.o
    0x0800cc1a   0x00000002   PAD
    0x0800cc1c   0x0000007c   Code   RO         6380    i.GetFhGInfo        mpegaudio.o
    0x0800cc98   0x00000038   Code   RO         6381    i.GetFrameLength    mpegaudio.o
    0x0800ccd0   0x0000002c   Code   RO         2166    i.GetJobPortStateString  menu.o
    0x0800ccfc   0x000000d8   Code   RO         2167    i.GetJobSourceString  menu.o
    0x0800cdd4   0x00000028   Code   RO         4935    i.GetKeyPressed     usrkey.o
    0x0800cdfc   0x00000018   Code   RO         6382    i.GetPadding        mpegaudio.o
    0x0800ce14   0x00000028   Code   RO         2168    i.GetPortStateString  menu.o
    0x0800ce3c   0x00000018   Code   RO         6383    i.GetSampleRate     mpegaudio.o
    0x0800ce54   0x00000060   Code   RO         2169    i.GetSpecialMode    menu.o
    0x0800ceb4   0x00000030   Code   RO         4568    i.GetSysTime        hal.o
    0x0800cee4   0x00000030   Code   RO         6317    i.GetTagSize        id3v2.o
    0x0800cf14   0x00000026   Code   RO         6267    i.GetTagVersion     id3v1.o
    0x0800cf3a   0x00000024   Code   RO         6384    i.GetVBRDeviation   mpegaudio.o
    0x0800cf5e   0x00000002   PAD
    0x0800cf60   0x000000b4   Code   RO         6385    i.GetXingInfo       mpegaudio.o
    0x0800d014   0x00000024   Code   RO         5632    i.HEX2BCD           ds3231.o
    0x0800d038   0x00000004   Code   RO          131    i.HardFault_Handler  stm32f10x_it.o
    0x0800d03c   0x00000060   Code   RO         6524    i.HeaderIsValid     wavfile.o
    0x0800d09c   0x00000046   Code   RO         5888    i.I2CReadByte       i2c_ee.o
    0x0800d0e2   0x0000006c   Code   RO         5889    i.I2CReadNBytes     i2c_ee.o
    0x0800d14e   0x0000003c   Code   RO         5890    i.I2CWriteByte      i2c_ee.o
    0x0800d18a   0x0000007e   Code   RO         5891    i.I2CWriteNBytes    i2c_ee.o
    0x0800d208   0x00000010   Code   RO         5892    i.I2C_Delay         i2c_ee.o
    0x0800d218   0x00000040   Code   RO         5893    i.I2C_InitGPIO      i2c_ee.o
    0x0800d258   0x00000070   Code   RO         6268    i.ID3v1_ReadFromFile  id3v1.o
    0x0800d2c8   0x00000028   Code   RO         6269    i.ID3v1_ResetData   id3v1.o
    0x0800d2f0   0x00000044   Code   RO         6318    i.ID3v2_ReadFromFile  id3v2.o
    0x0800d334   0x00000010   Code   RO         6319    i.ID3v2_ResetData   id3v2.o
    0x0800d344   0x00000010   Code   RO         4472    i.IWDG_Enable       stm32f10x_iwdg.o
    0x0800d354   0x00000010   Code   RO         4474    i.IWDG_ReloadCounter  stm32f10x_iwdg.o
    0x0800d364   0x0000000c   Code   RO         4475    i.IWDG_SetPrescaler  stm32f10x_iwdg.o
    0x0800d370   0x0000000c   Code   RO         4476    i.IWDG_SetReload    stm32f10x_iwdg.o
    0x0800d37c   0x0000000c   Code   RO         4477    i.IWDG_WriteAccessCmd  stm32f10x_iwdg.o
    0x0800d388   0x0000002c   Code   RO         2170    i.InitBjSet         menu.o
    0x0800d3b4   0x00000048   Code   RO         2171    i.InitGroupList     menu.o
    0x0800d3fc   0x0000004c   Code   RO         2172    i.InitIntercutTask  menu.o
    0x0800d448   0x00000014   Code   RO         2173    i.InitJobEdit       menu.o
    0x0800d45c   0x00000058   Code   RO         2174    i.InitJobSongSet    menu.o
    0x0800d4b4   0x00000044   Code   RO         2175    i.InitJobTunerSet   menu.o
    0x0800d4f8   0x00000014   Code   RO         2176    i.InitMainMenu      menu.o
    0x0800d50c   0x00000048   Code   RO         2177    i.InitPhoneTask     menu.o
    0x0800d554   0x00000010   Code   RO         2178    i.InitPlayAUX       menu.o
    0x0800d564   0x00000010   Code   RO         2179    i.InitPlayMem       menu.o
    0x0800d574   0x00000010   Code   RO         2180    i.InitPlayUSB       menu.o
    0x0800d584   0x00000010   Code   RO         2181    i.InitPlayeTuner    menu.o
    0x0800d594   0x00000018   Code   RO         2182    i.InitPortCtrlParam  menu.o
    0x0800d5ac   0x0000001c   Code   RO         2183    i.InitPortEditParam  menu.o
    0x0800d5c8   0x00000014   Code   RO         2184    i.InitSongViewMenu  menu.o
    0x0800d5dc   0x000000a4   Code   RO         2185    i.InitSpecialJobEdit  menu.o
    0x0800d680   0x00000014   Code   RO         2186    i.InitSystemSet     menu.o
    0x0800d694   0x00000014   Code   RO         2187    i.InitTaskMannagerMenu  menu.o
    0x0800d6a8   0x00000020   Code   RO         2188    i.InitTaskView      menu.o
    0x0800d6c8   0x00000034   Code   RO         2189    i.InitTaskViewList  menu.o
    0x0800d6fc   0x00000048   Code   RO         2190    i.InitYkTask        menu.o
    0x0800d744   0x00000052   Code   RO         6386    i.IsFrameHeader     mpegaudio.o
    0x0800d796   0x00000024   Code   RO          258    i.IsSongDir         player.o
    0x0800d7ba   0x00000002   PAD
    0x0800d7bc   0x00000054   Code   RO          259    i.IsSongFile        player.o
    0x0800d810   0x0000004c   Code   RO         6579    i.IsValid           wmafile.o
    0x0800d85c   0x0000002c   Code   RO         6387    i.IsXing            mpegaudio.o
    0x0800d888   0x00000048   Code   RO         2192    i.JobRunCounterDo   menu.o
    0x0800d8d0   0x00000022   Code   RO            1    i.KMG_Init          main.o
    0x0800d8f2   0x00000002   PAD
    0x0800d8f4   0x0000007c   Code   RO         4628    i.Key_Config        key.o
    0x0800d970   0x00000014   Code   RO         4674    i.LCM_GET_DATA      lcm19264.o
    0x0800d984   0x00000024   Code   RO         4675    i.LCM_SET_DATA      lcm19264.o
    0x0800d9a8   0x00000018   Code   RO         4676    i.LcdBusyL          lcm19264.o
    0x0800d9c0   0x0000001c   Code   RO         4677    i.LcdBusyM          lcm19264.o
    0x0800d9dc   0x0000001c   Code   RO         4678    i.LcdBusyR          lcm19264.o
    0x0800d9f8   0x00000048   Code   RO         2193    i.LoadSystemParam   menu.o
    0x0800da40   0x00000044   Code   RO          260    i.LoadUSBPlayPosition  player.o
    0x0800da84   0x000000a0   Code   RO         4679    i.Locatexy          lcm19264.o
    0x0800db24   0x000000a0   Code   RO         3186    i.Log_Init          log.o
    0x0800dbc4   0x000000bc   Code   RO         3187    i.Log_addDate       log.o
    0x0800dc80   0x00000004   Code   RO          132    i.MemManage_Handler  stm32f10x_it.o
    0x0800dc84   0x00000034   Code   RO         2194    i.MicphonePrioriDo  menu.o
    0x0800dcb8   0x00000010   Code   RO          592    i.MyDateOfDays      task.o
    0x0800dcc8   0x00000010   Code   RO          593    i.MyDateOfWeek      task.o
    0x0800dcd8   0x0000001a   Code   RO          594    i.MyTimeAdd         task.o
    0x0800dcf2   0x0000001a   Code   RO          595    i.MyTimeToSecond    task.o
    0x0800dd0c   0x00000002   Code   RO          133    i.NMI_Handler       stm32f10x_it.o
    0x0800dd0e   0x00000002   PAD
    0x0800dd10   0x00000070   Code   RO         3321    i.NVIC_Init         misc.o
    0x0800dd80   0x00000014   Code   RO         3322    i.NVIC_PriorityGroupConfig  misc.o
    0x0800dd94   0x00000014   Code   RO         3323    i.NVIC_SetVectorTable  misc.o
    0x0800dda8   0x0000004e   Code   RO         2195    i.NumInputProc      menu.o
    0x0800ddf6   0x0000003c   Code   RO         5685    i.OperationSi47XX_2w  si47xx.o
    0x0800de32   0x00000002   Code   RO          134    i.PendSV_Handler    stm32f10x_it.o
    0x0800de34   0x00000050   Code   RO         2196    i.PlayerDO          menu.o
    0x0800de84   0x00000074   Code   RO         4629    i.PollingKey        key.o
    0x0800def8   0x00000028   Code   RO         4680    i.Putedot32         lcm19264.o
    0x0800df20   0x00000016   Code   RO         6208    i.RCC1_Configuration  com.o
    0x0800df36   0x00000002   PAD
    0x0800df38   0x00000020   Code   RO         3620    i.RCC_APB1PeriphClockCmd  stm32f10x_rcc.o
    0x0800df58   0x00000020   Code   RO         3622    i.RCC_APB2PeriphClockCmd  stm32f10x_rcc.o
    0x0800df78   0x0000006c   Code   RO         4914    i.RCC_Configuration  rcc.o
    0x0800dfe4   0x000000d4   Code   RO         3630    i.RCC_GetClocksFreq  stm32f10x_rcc.o
    0x0800e0b8   0x00000018   Code   RO         4681    i.Rddata            lcm19264.o
    0x0800e0d0   0x000000c4   Code   RO         6580    i.ReadData          wmafile.o
    0x0800e194   0x00000030   Code   RO         6322    i.ReadHeader        id3v2.o
    0x0800e1c4   0x000000e4   Code   RO         6581    i.ReadObject        wmafile.o
    0x0800e2a8   0x00000038   Code   RO         6270    i.ReadTag           id3v1.o
    0x0800e2e0   0x00000096   Code   RO         6582    i.ReadTagExtended   wmafile.o
    0x0800e376   0x0000003a   Code   RO         6583    i.ReadTagStandard   wmafile.o
    0x0800e3b0   0x0000002c   Code   RO         6525    i.ReadWAV           wavfile.o
    0x0800e3dc   0x00000098   Code   RO         5894    i.Read_Byte         i2c_ee.o
    0x0800e474   0x00000048   Code   RO         5686    i.ResetSi47XX_2w    si47xx.o
    0x0800e4bc   0x00000024   Code   RO         5895    i.SDA_set_in        i2c_ee.o
    0x0800e4e0   0x00000024   Code   RO         5896    i.SDA_set_out       i2c_ee.o
    0x0800e504   0x000000f0   Code   RO         2197    i.SDChangeDo        menu.o
    0x0800e5f4   0x00000002   Code   RO          135    i.SDIO_IRQHandler   stm32f10x_it.o
    0x0800e5f6   0x00000024   Code   RO         5325    i.SD_GetCID         msd.o
    0x0800e61a   0x00000024   Code   RO         5326    i.SD_GetCSD         msd.o
    0x0800e63e   0x000000aa   Code   RO         5327    i.SD_GetCapacity    msd.o
    0x0800e6e8   0x00000200   Code   RO         5328    i.SD_Init           msd.o
    0x0800e8e8   0x00000078   Code   RO         5329    i.SD_ReadMultiBlock  msd.o
    0x0800e960   0x0000007c   Code   RO         5332    i.SD_ReceiveData    msd.o
    0x0800e9dc   0x00000018   Code   RO         5333    i.SD_SPI_Release    msd.o
    0x0800e9f4   0x00000078   Code   RO         5334    i.SD_SendCommand    msd.o
    0x0800ea6c   0x00000068   Code   RO         5335    i.SD_SendCommand_NoDeassert  msd.o
    0x0800ead4   0x00000028   Code   RO         5336    i.SD_WaitReady      msd.o
    0x0800eafc   0x000000fc   Code   RO         5337    i.SD_WriteMultiBlock  msd.o
    0x0800ebf8   0x00000034   Code   RO         5481    i.SPI2_ReadWriteByte  vs1003x.o
    0x0800ec2c   0x0000003c   Code   RO         5482    i.SPI2_SetSpeed     vs1003x.o
    0x0800ec68   0x00000018   Code   RO         3823    i.SPI_Cmd           stm32f10x_spi.o
    0x0800ec80   0x0000003c   Code   RO         3836    i.SPI_Init          stm32f10x_spi.o
    0x0800ecbc   0x00000022   Code   RO         6170    i.STMFLASH_Read     stmflash.o
    0x0800ecde   0x00000006   Code   RO         6171    i.STMFLASH_ReadHalfWord  stmflash.o
    0x0800ece4   0x000000ec   Code   RO         6172    i.STMFLASH_Write    stmflash.o
    0x0800edd0   0x00000026   Code   RO         6173    i.STMFLASH_Write_NoCheck  stmflash.o
    0x0800edf6   0x00000002   Code   RO          136    i.SVC_Handler       stm32f10x_it.o
    0x0800edf8   0x0000001c   Code   RO         2198    i.SaveSystemParam   menu.o
    0x0800ee14   0x00000030   Code   RO          261    i.SaveUSBPlayPosition  player.o
    0x0800ee44   0x0000002c   Code   RO          596    i.SecondToMyTime    task.o
    0x0800ee70   0x000000a4   Code   RO         5897    i.Send_Byte         i2c_ee.o
    0x0800ef14   0x0000001c   Code   RO         2199    i.SetSpecialMode    menu.o
    0x0800ef30   0x00000008   Code   RO         3243    i.SetSysClock       system_stm32f10x.o
    0x0800ef38   0x000000e4   Code   RO         3244    i.SetSysClockTo72   system_stm32f10x.o
    0x0800f01c   0x00000034   Code   RO          597    i.ShortDateOfDays   task.o
    0x0800f050   0x0000004c   Code   RO         2200    i.ShowStatus        menu.o
    0x0800f09c   0x00000064   Code   RO         5687    i.Si47XX_Get_Rev    si47xx.o
    0x0800f100   0x00000070   Code   RO         5689    i.Si47XX_Power_Up   si47xx.o
    0x0800f170   0x00000034   Code   RO         5690    i.Si47XX_Set_Property  si47xx.o
    0x0800f1a4   0x00000050   Code   RO         5691    i.Si47XX_Tune       si47xx.o
    0x0800f1f4   0x00000098   Code   RO         5692    i.Si47XX_Tune_Status  si47xx.o
    0x0800f28c   0x00000060   Code   RO         5693    i.Si47XX_Wait       si47xx.o
    0x0800f2ec   0x00000040   Code   RO         5898    i.StartCondition    i2c_ee.o
    0x0800f32c   0x00000038   Code   RO         5899    i.StopCondition     i2c_ee.o
    0x0800f364   0x00000014   Code   RO         4915    i.SysTickDelay      rcc.o
    0x0800f378   0x000000a8   Code   RO          137    i.SysTick_Handler   stm32f10x_it.o
    0x0800f420   0x00000050   Code   RO         3245    i.SystemInit        system_stm32f10x.o
    0x0800f470   0x0000001a   Code   RO         6209    i.UART_PutChar      com.o
    0x0800f48a   0x0000001e   Code   RO         6210    i.UART_PutStr       com.o
    0x0800f4a8   0x00000038   Code   RO         6211    i.USART1_Configuration  com.o
    0x0800f4e0   0x00000002   Code   RO          138    i.USART1_IRQHandler  stm32f10x_it.o
    0x0800f4e2   0x00000002   PAD
    0x0800f4e4   0x00000044   Code   RO         6212    i.USART2_Configuration  com.o
    0x0800f528   0x000000f8   Code   RO          139    i.USART2_IRQHandler  stm32f10x_it.o
    0x0800f620   0x00000022   Code   RO         6213    i.USART2_NVIC_Configuration  com.o
    0x0800f642   0x00000018   Code   RO         4020    i.USART_Cmd         stm32f10x_usart.o
    0x0800f65a   0x00000012   Code   RO         4023    i.USART_GetFlagStatus  stm32f10x_usart.o
    0x0800f66c   0x0000004c   Code   RO         4024    i.USART_GetITStatus  stm32f10x_usart.o
    0x0800f6b8   0x00000040   Code   RO         4026    i.USART_ITConfig    stm32f10x_usart.o
    0x0800f6f8   0x0000009c   Code   RO         4027    i.USART_Init        stm32f10x_usart.o
    0x0800f794   0x0000000a   Code   RO         4032    i.USART_ReceiveData  stm32f10x_usart.o
    0x0800f79e   0x00000002   PAD
    0x0800f7a0   0x00000104   Code   RO         2201    i.USBChangeDo       menu.o
    0x0800f8a4   0x00000002   Code   RO          140    i.USB_HP_CAN1_TX_IRQHandler  stm32f10x_it.o
    0x0800f8a6   0x00000002   Code   RO          141    i.USB_LP_CAN1_RX0_IRQHandler  stm32f10x_it.o
    0x0800f8a8   0x00000004   Code   RO          142    i.UsageFault_Handler  stm32f10x_it.o
    0x0800f8ac   0x0000002c   Code   RO         6388    i.ValidFrameAt      mpegaudio.o
    0x0800f8d8   0x00000040   Code   RO         4682    i.WrcmdL            lcm19264.o
    0x0800f918   0x00000040   Code   RO         4683    i.WrcmdM            lcm19264.o
    0x0800f958   0x00000040   Code   RO         4684    i.WrcmdR            lcm19264.o
    0x0800f998   0x0000006c   Code   RO         2202    i._DateIsValid      menu.o
    0x0800fa04   0x00000012   Code   RO         2203    i._InitJobParam     menu.o
    0x0800fa16   0x00000002   PAD
    0x0800fa18   0x00000030   Code   RO         2204    i._NewJobParam      menu.o
    0x0800fa48   0x000000ac   Code   RO         5763    i._SetFC16PortState  audio.o
    0x0800faf4   0x00000034   Code   RO         5764    i._SetPortState     audio.o
    0x0800fb28   0x00000030   Code   RO         2205    i._TimeIsValid      menu.o
    0x0800fb58   0x00000028   Code   RO         6949    i.__ARM_fpclassify  m_ws.l(fpclassify.o)
    0x0800fb80   0x0000000e   Code   RO         6686    i._is_digit         c_w.l(__printf_wp.o)
    0x0800fb8e   0x00000002   PAD
    0x0800fb90   0x00000010   Code   RO         4936    i._keyscan          usrkey.o
    0x0800fba0   0x00000030   Code   RO         2206    i._loadJobParam     menu.o
    0x0800fbd0   0x00000040   Code   RO          262    i._playmemsong      player.o
    0x0800fc10   0x00000094   Code   RO          263    i._playusbsong      player.o
    0x0800fca4   0x0000006c   Code   RO         5765    i._setSource        audio.o
    0x0800fd10   0x00000034   Code   RO          264    i._stopPlay         player.o
    0x0800fd44   0x00000024   Code   RO         3130    i.add_queue         queue.o
    0x0800fd68   0x0000002a   Code   RO         1787    i.alAddElement      arraylist.o
    0x0800fd92   0x0000000e   Code   RO         1788    i.alClear           arraylist.o
    0x0800fda0   0x0000001a   Code   RO         1789    i.alGetElement      arraylist.o
    0x0800fdba   0x00000014   Code   RO         1791    i.alInit            arraylist.o
    0x0800fdce   0x00000038   Code   RO         1794    i.alRemoveIndex     arraylist.o
    0x0800fe06   0x0000004e   Code   RO         1796    i.alSort            arraylist.o
    0x0800fe54   0x00000048   Code   RO         3131    i.alloc_queue       queue.o
    0x0800fe9c   0x0000000c   Code   RO         5767    i.audio_AmpPowerOpen  audio.o
    0x0800fea8   0x0000002c   Code   RO         5768    i.audio_AuxPowerOpen  audio.o
    0x0800fed4   0x0000001c   Code   RO         5771    i.audio_GetPortState  audio.o
    0x0800fef0   0x00000074   Code   RO         5772    i.audio_Init        audio.o
    0x0800ff64   0x0000003c   Code   RO         5773    i.audio_SetAllPortState  audio.o
    0x0800ffa0   0x0000003c   Code   RO         5774    i.audio_SetBjPortState  audio.o
    0x0800ffdc   0x00000040   Code   RO         5775    i.audio_SetPortState  audio.o
    0x0801001c   0x0000000c   Code   RO         5776    i.audio_getSource   audio.o
    0x08010028   0x00000060   Code   RO         5778    i.audio_setSource   audio.o
    0x08010088   0x0000001c   Code   RO         5779    i.audio_setSourceMute  audio.o
    0x080100a4   0x0000001c   Code   RO         5971    i.ch375_Delay       ch375.o
    0x080100c0   0x00000044   Code   RO         5972    i.ch375_DiskIsReady  ch375.o
    0x08010104   0x000000ac   Code   RO         5973    i.ch375_GetDiskSize  ch375.o
    0x080101b0   0x00000028   Code   RO         5974    i.ch375_GetIntStatus  ch375.o
    0x080101d8   0x00000014   Code   RO         5975    i.ch375_GetUSBStatus  ch375.o
    0x080101ec   0x00000068   Code   RO         5976    i.ch375_Init        ch375.o
    0x08010254   0x00000098   Code   RO         5977    i.ch375_ReadSec     ch375.o
    0x080102ec   0x0000001c   Code   RO         5978    i.ch375_Reset       ch375.o
    0x08010308   0x0000002c   Code   RO         5979    i.ch375_SetDiskLun  ch375.o
    0x08010334   0x000000bc   Code   RO         5980    i.ch375_WriteSec    ch375.o
    0x080103f0   0x00000090   Code   RO         5047    i.check_fs          ff.o
    0x08010480   0x00000014   Code   RO         5048    i.chk_chr           ff.o
    0x08010494   0x000003a0   Code   RO         5049    i.chk_mounted       ff.o
    0x08010834   0x0000001a   Code   RO         5050    i.clust2sect        ff.o
    0x0801084e   0x00000002   PAD
    0x08010850   0x00000090   Code   RO         5051    i.cmp_lfn           ff.o
    0x080108e0   0x000000ca   Code   RO         5052    i.create_chain      ff.o
    0x080109aa   0x00000002   PAD
    0x080109ac   0x00000158   Code   RO         5053    i.create_name       ff.o
    0x08010b04   0x0000001a   Code   RO         3384    i.delay             stm32f10x_flash.o
    0x08010b1e   0x00000018   Code   RO         4569    i.delay_us          hal.o
    0x08010b36   0x00000056   Code   RO         5054    i.dir_alloc         ff.o
    0x08010b8c   0x000000de   Code   RO         5055    i.dir_find          ff.o
    0x08010c6a   0x00000114   Code   RO         5056    i.dir_next          ff.o
    0x08010d7e   0x000000c4   Code   RO         5057    i.dir_read          ff.o
    0x08010e42   0x00000136   Code   RO         5058    i.dir_register      ff.o
    0x08010f78   0x0000009c   Code   RO         5060    i.dir_sdi           ff.o
    0x08011014   0x0000001c   Code   RO         5004    i.disk_initialize   diskio.o
    0x08011030   0x00000028   Code   RO         5005    i.disk_ioctl        diskio.o
    0x08011058   0x00000032   Code   RO         5006    i.disk_read         diskio.o
    0x0801108a   0x0000001c   Code   RO         5007    i.disk_status       diskio.o
    0x080110a6   0x00000032   Code   RO         5008    i.disk_write        diskio.o
    0x080110d8   0x0000002c   Code   RO         2207    i.dspAmplifierState  menu.o
    0x08011104   0x00000120   Code   RO         2208    i.dspBjSet          menu.o
    0x08011224   0x0000004c   Code   RO         2209    i.dspChannel        menu.o
    0x08011270   0x00000098   Code   RO         2211    i.dspDesktop        menu.o
    0x08011308   0x00000194   Code   RO         2212    i.dspDesktopTask    menu.o
    0x0801149c   0x00000028   Code   RO         2213    i.dspDrawRect       menu.o
    0x080114c4   0x0000003c   Code   RO         2214    i.dspDrawTitle      menu.o
    0x08011500   0x000000a4   Code   RO         2215    i.dspFMFreqInputNum  menu.o
    0x080115a4   0x000002a0   Code   RO         2216    i.dspGroupList      menu.o
    0x08011844   0x0000006c   Code   RO         2217    i.dspInputNum       menu.o
    0x080118b0   0x00000218   Code   RO         2218    i.dspIntercutTask   menu.o
    0x08011ac8   0x0000037c   Code   RO         2219    i.dspJobEdit        menu.o
    0x08011e44   0x00000088   Code   RO         2220    i.dspJobEndTime     menu.o
    0x08011ecc   0x00000028   Code   RO         2221    i.dspJobRuntime     menu.o
    0x08011ef4   0x0000003c   Code   RO         2222    i.dspJobSongSet     menu.o
    0x08011f30   0x0000011c   Code   RO         2223    i.dspJobTunerSet    menu.o
    0x0801204c   0x0000008c   Code   RO         2224    i.dspMainMenu       menu.o
    0x080120d8   0x00000094   Code   RO         2225    i.dspManualFrame    menu.o
    0x0801216c   0x00000098   Code   RO         2226    i.dspMemoryStatus   menu.o
    0x08012204   0x00000094   Code   RO         2228    i.dspPasswordInput  menu.o
    0x08012298   0x000000fc   Code   RO         2229    i.dspPasswordSet    menu.o
    0x08012394   0x00000258   Code   RO         2230    i.dspPhoneTask      menu.o
    0x080125ec   0x00000040   Code   RO         2231    i.dspPlayAUX        menu.o
    0x0801262c   0x00000054   Code   RO         2232    i.dspPlayBj         menu.o
    0x08012680   0x00000074   Code   RO         2233    i.dspPlayMem        menu.o
    0x080126f4   0x0000002c   Code   RO         2234    i.dspPlayPhone      menu.o
    0x08012720   0x00000040   Code   RO         2235    i.dspPlayTime       menu.o
    0x08012760   0x000000b4   Code   RO         2236    i.dspPlayTuner      menu.o
    0x08012814   0x00000084   Code   RO         2237    i.dspPlayUSB        menu.o
    0x08012898   0x00000050   Code   RO         2238    i.dspPlayYj         menu.o
    0x080128e8   0x0000001c   Code   RO         2239    i.dspPlayerState    menu.o
    0x08012904   0x000001b0   Code   RO         2240    i.dspPortCtrl       menu.o
    0x08012ab4   0x000001cc   Code   RO         2241    i.dspPortEdit       menu.o
    0x08012c80   0x0000018c   Code   RO         2243    i.dspSongNumView    menu.o
    0x08012e0c   0x00000168   Code   RO         2244    i.dspSongView       menu.o
    0x08012f74   0x00000060   Code   RO         2245    i.dspSongViewMem    menu.o
    0x08012fd4   0x00000084   Code   RO         2246    i.dspSongViewMenu   menu.o
    0x08013058   0x00000060   Code   RO         2247    i.dspSongViewUSB    menu.o
    0x080130b8   0x00000234   Code   RO         2248    i.dspSpecialJobEdit  menu.o
    0x080132ec   0x000000c8   Code   RO         2249    i.dspSpecialMode    menu.o
    0x080133b4   0x00000084   Code   RO         2250    i.dspSysDate        menu.o
    0x08013438   0x00000034   Code   RO         2251    i.dspSysTime        menu.o
    0x0801346c   0x00000084   Code   RO         2252    i.dspSystemSet      menu.o
    0x080134f0   0x00000100   Code   RO         2253    i.dspTaskManagerMenu  menu.o
    0x080135f0   0x000000ec   Code   RO         2254    i.dspTaskView       menu.o
    0x080136dc   0x000001d4   Code   RO         2255    i.dspTaskViewList   menu.o
    0x080138b0   0x00000034   Code   RO         2256    i.dspTime           menu.o
    0x080138e4   0x000001f4   Code   RO         2257    i.dspTimeSet        menu.o
    0x08013ad8   0x00000024   Code   RO         2258    i.dspTunerFreq      menu.o
    0x08013afc   0x00000030   Code   RO         2259    i.dspTunerSingle    menu.o
    0x08013b2c   0x00000044   Code   RO         2260    i.dspUSBDiskStatus  menu.o
    0x08013b70   0x00000070   Code   RO         2261    i.dspWelcome        menu.o
    0x08013be0   0x00000258   Code   RO         2262    i.dspYkTask         menu.o
    0x08013e38   0x00000016   Code   RO         5062    i.f_close           ff.o
    0x08013e4e   0x000001ae   Code   RO         5064    i.f_lseek           ff.o
    0x08013ffc   0x0000002c   Code   RO         5066    i.f_mount           ff.o
    0x08014028   0x00000166   Code   RO         5067    i.f_open            ff.o
    0x0801418e   0x00000078   Code   RO         5068    i.f_opendir         ff.o
    0x08014206   0x000001ca   Code   RO         5069    i.f_read            ff.o
    0x080143d0   0x00000064   Code   RO         5070    i.f_readdir         ff.o
    0x08014434   0x000000b0   Code   RO         5073    i.f_sync            ff.o
    0x080144e4   0x0000020c   Code   RO         5077    i.f_write           ff.o
    0x080146f0   0x00000070   Code   RO         4975    i.ff_convert        cc936.o
    0x08014760   0x00000038   Code   RO         4976    i.ff_wtoupper       cc936.o
    0x08014798   0x0000002c   Code   RO         4685    i.fill_lcm_buffer   lcm19264.o
    0x080147c4   0x00000080   Code   RO         5078    i.fit_lfn           ff.o
    0x08014844   0x00000092   Code   RO         5079    i.follow_path       ff.o
    0x080148d6   0x00000002   PAD
    0x080148d8   0x00000034   Code   RO         3132    i.free_queue        queue.o
    0x0801490c   0x000000be   Code   RO         5080    i.gen_numname       ff.o
    0x080149ca   0x00000040   Code   RO          265    i.getSongno         player.o
    0x08014a0a   0x000000e4   Code   RO         5081    i.get_fat           ff.o
    0x08014aee   0x00000004   Code   RO         5339    i.get_fattime       msd.o
    0x08014af2   0x0000013c   Code   RO         5082    i.get_fileinfo      ff.o
    0x08014c2e   0x00000002   PAD
    0x08014c30   0x00000044   Code   RO         4686    i.getdot24index     lcm19264.o
    0x08014c74   0x0000002e   Code   RO          598    i.itAssign          task.o
    0x08014ca2   0x00000002   Code   RO          599    i.itGetDateBuffer   task.o
    0x08014ca4   0x00000004   Code   RO          600    i.itGetDateBufferSize  task.o
    0x08014ca8   0x00000002   Code   RO          601    i.itGetTaskDate     task.o
    0x08014caa   0x00000006   Code   RO          602    i.itGetTaskJob      task.o
    0x08014cb0   0x0000001a   Code   RO          603    i.itInit            task.o
    0x08014cca   0x0000000e   Code   RO          606    i.itSetTaskMyDate   task.o
    0x08014cd8   0x0000002c   Code   RO          607    i.itValidDate       task.o
    0x08014d04   0x00000018   Code   RO          609    i.itgCanAddNew      task.o
    0x08014d1c   0x0000000e   Code   RO          610    i.itgClear          task.o
    0x08014d2a   0x00000040   Code   RO          611    i.itgCompareDate    task.o
    0x08014d6a   0x00000012   Code   RO          612    i.itgDeleteIndex    task.o
    0x08014d7c   0x00000012   Code   RO          614    i.itgGetAt          task.o
    0x08014d8e   0x00000008   Code   RO          615    i.itgGetCount       task.o
    0x08014d96   0x00000002   PAD
    0x08014d98   0x00000018   Code   RO          617    i.itgInit           task.o
    0x08014db0   0x0000002c   Code   RO          618    i.itgNew            task.o
    0x08014ddc   0x00000008   Code   RO         4937    i.kb_Init           usrkey.o
    0x08014de4   0x0000000c   Code   RO         4938    i.kb_IslongPress    usrkey.o
    0x08014df0   0x000000ec   Code   RO         4939    i.kb_getKey         usrkey.o
    0x08014edc   0x00000064   Code   RO         4630    i.key_in            key.o
    0x08014f40   0x00000020   Code   RO         4631    i.key_out_all       key.o
    0x08014f60   0x00000020   Code   RO         4632    i.key_out_no        key.o
    0x08014f80   0x00000108   Code   RO         2263    i.keydo_BjSet       menu.o
    0x08015088   0x0000006c   Code   RO         2264    i.keydo_Default     menu.o
    0x080150f4   0x0000009c   Code   RO         2265    i.keydo_Desktop     menu.o
    0x08015190   0x000003c0   Code   RO         2266    i.keydo_GroupList   menu.o
    0x08015550   0x000003c0   Code   RO         2267    i.keydo_IntercutTask  menu.o
    0x08015910   0x00000730   Code   RO         2268    i.keydo_JobEdit     menu.o
    0x08016040   0x00000168   Code   RO         2269    i.keydo_JobSongSet  menu.o
    0x080161a8   0x0000035c   Code   RO         2270    i.keydo_JobTunerSet  menu.o
    0x08016504   0x000000ec   Code   RO         2271    i.keydo_MainMenu    menu.o
    0x080165f0   0x000000dc   Code   RO         2272    i.keydo_PasswordInput  menu.o
    0x080166cc   0x000000f8   Code   RO         2273    i.keydo_PasswordSet  menu.o
    0x080167c4   0x00000364   Code   RO         2274    i.keydo_PhoneTask   menu.o
    0x08016b28   0x00000094   Code   RO         2275    i.keydo_PlayAUX     menu.o
    0x08016bbc   0x000000b0   Code   RO         2276    i.keydo_PlayBj      menu.o
    0x08016c6c   0x000000d0   Code   RO         2277    i.keydo_PlayMem     menu.o
    0x08016d3c   0x0000008c   Code   RO         2278    i.keydo_PlayPhone   menu.o
    0x08016dc8   0x00000250   Code   RO         2279    i.keydo_PlayTuner   menu.o
    0x08017018   0x000000ec   Code   RO         2280    i.keydo_PlayUSB     menu.o
    0x08017104   0x00000078   Code   RO         2281    i.keydo_PlayYj      menu.o
    0x0801717c   0x00000118   Code   RO         2282    i.keydo_PortCtrl    menu.o
    0x08017294   0x0000014c   Code   RO         2283    i.keydo_PortEdit    menu.o
    0x080173e0   0x000000c4   Code   RO         2284    i.keydo_SongViewMem  menu.o
    0x080174a4   0x000000ac   Code   RO         2285    i.keydo_SongViewMenu  menu.o
    0x08017550   0x000000c4   Code   RO         2286    i.keydo_SongViewUSB  menu.o
    0x08017614   0x00000574   Code   RO         2287    i.keydo_SpecialJobEdit  menu.o
    0x08017b88   0x00000118   Code   RO         2288    i.keydo_SpecialMode  menu.o
    0x08017ca0   0x000000b4   Code   RO         2289    i.keydo_SystemSet   menu.o
    0x08017d54   0x000000e0   Code   RO         2290    i.keydo_TaskManagerMenu  menu.o
    0x08017e34   0x00000218   Code   RO         2291    i.keydo_TaskView    menu.o
    0x0801804c   0x000000f8   Code   RO         2292    i.keydo_TaskViewList  menu.o
    0x08018144   0x00000358   Code   RO         2293    i.keydo_TimeSet     menu.o
    0x0801849c   0x00000360   Code   RO         2294    i.keydo_YkTask      menu.o
    0x080187fc   0x00000010   Code   RO         4633    i.keyscan_delay     key.o
    0x0801880c   0x0000000c   Code   RO         4687    i.lcmDelay          lcm19264.o
    0x08018818   0x00000040   Code   RO         4688    i.lcmWriteData      lcm19264.o
    0x08018858   0x00000018   Code   RO         4689    i.lcm_BackLightCtrl  lcm19264.o
    0x08018870   0x0000001c   Code   RO         4690    i.lcm_Clr           lcm19264.o
    0x0801888c   0x0000007c   Code   RO         4691    i.lcm_ClrLine       lcm19264.o
    0x08018908   0x00000040   Code   RO         4692    i.lcm_Configuration  lcm19264.o
    0x08018948   0x00000018   Code   RO         4693    i.lcm_DisplayOpen   lcm19264.o
    0x08018960   0x000000c8   Code   RO         4694    i.lcm_DrawBmp       lcm19264.o
    0x08018a28   0x00000048   Code   RO         4695    i.lcm_Init          lcm19264.o
    0x08018a70   0x000000a4   Code   RO         4696    i.lcm_Linexy        lcm19264.o
    0x08018b14   0x00000040   Code   RO         4698    i.lcm_Point         lcm19264.o
    0x08018b54   0x00000034   Code   RO         4699    i.lcm_PutPlayerdot  lcm19264.o
    0x08018b88   0x00000040   Code   RO         4700    i.lcm_Putcdot       lcm19264.o
    0x08018bc8   0x00000030   Code   RO         4702    i.lcm_Putedot       lcm19264.o
    0x08018bf8   0x000000b0   Code   RO         4703    i.lcm_Putstr        lcm19264.o
    0x08018ca8   0x00000058   Code   RO         4704    i.lcm_Putstr32      lcm19264.o
    0x08018d00   0x00000132   Code   RO         4706    i.lcm_RollShowStr   lcm19264.o
    0x08018e32   0x00000002   PAD
    0x08018e34   0x00000064   Code   RO         4707    i.lcm_UpdateLCMData  lcm19264.o
    0x08018e98   0x00000010   Code   RO         4708    i.lcm_dat_in        lcm19264.o
    0x08018ea8   0x00000010   Code   RO         4709    i.lcm_dat_out       lcm19264.o
    0x08018eb8   0x00000020   Code   RO         5083    i.ld_clust          ff.o
    0x08018ed8   0x000000a2   Code   RO          620    i.mSavePhoneTaskFromFile  task.o
    0x08018f7a   0x000000a2   Code   RO          621    i.mSaveYkTaskFromFile  task.o
    0x0801901c   0x00000184   Code   RO            2    i.main              main.o
    0x080191a0   0x00000026   Code   RO         5084    i.mem_cmp           ff.o
    0x080191c6   0x0000001a   Code   RO         5085    i.mem_cpy           ff.o
    0x080191e0   0x00000014   Code   RO         5086    i.mem_set           ff.o
    0x080191f4   0x00000024   Code   RO         2295    i.menu_ClrClient    menu.o
    0x08019218   0x0000009c   Code   RO         2296    i.menu_Init         menu.o
    0x080192b4   0x00000018   Code   RO         2297    i.menu_KeyDo        menu.o
    0x080192cc   0x00000188   Code   RO         2298    i.menu_KeyPress     menu.o
    0x08019454   0x0000000c   Code   RO         2299    i.menu_KeyRelease   menu.o
    0x08019460   0x0000012c   Code   RO         2301    i.menu_OnTimer      menu.o
    0x0801958c   0x00000014   Code   RO         2302    i.menu_Repaint      menu.o
    0x080195a0   0x0000000a   Code   RO         2303    i.menu_Start        menu.o
    0x080195aa   0x00000002   PAD
    0x080195ac   0x00000018   Code   RO         2304    i.menu_StopPlay     menu.o
    0x080195c4   0x00000014   Code   RO         2305    i.menu_TimerQueueInit  menu.o
    0x080195d8   0x0000001c   Code   RO         2306    i.menu_UDiskInsert  menu.o
    0x080195f4   0x0000002c   Code   RO         2307    i.menu_UpdateTodayTask  menu.o
    0x08019620   0x0000002c   Code   RO         4527    i.meter_Configer    ampmeter.o
    0x0801964c   0x0000000e   Code   RO         4528    i.meter_Init        ampmeter.o
    0x0801965a   0x00000002   PAD
    0x0801965c   0x00000064   Code   RO         4529    i.meter_SetData     ampmeter.o
    0x080196c0   0x00000032   Code   RO         5087    i.move_window       ff.o
    0x080196f2   0x00000080   Code   RO         6390    i.mp3_GetDuration   mpegaudio.o
    0x08019772   0x00000102   Code   RO         6391    i.mp3_ReadFromFSFile  mpegaudio.o
    0x08019874   0x00000034   Code   RO         6392    i.mp3_ReadFromFile  mpegaudio.o
    0x080198a8   0x00000020   Code   RO         5340    i.msd_disk_initialize  msd.o
    0x080198c8   0x0000015c   Code   RO         5341    i.msd_disk_ioctl    msd.o
    0x08019a24   0x00000034   Code   RO         5342    i.msd_disk_read     msd.o
    0x08019a58   0x0000000c   Code   RO         5343    i.msd_disk_status   msd.o
    0x08019a64   0x00000044   Code   RO         5344    i.msd_disk_write    msd.o
    0x08019aa8   0x00000064   Code   RO          266    i.next_song         player.o
    0x08019b0c   0x00000114   Code   RO         2308    i.openRemoteTask    menu.o
    0x08019c20   0x000000ac   Code   RO         2309    i.openRemoteTaskGroup  menu.o
    0x08019ccc   0x00000074   Code   RO         5088    i.pick_lfn          ff.o
    0x08019d40   0x0000002c   Code   RO          267    i.player_AutoPlayMem  player.o
    0x08019d6c   0x00000030   Code   RO          268    i.player_AutoPlayUSB  player.o
    0x08019d9c   0x0000000c   Code   RO          269    i.player_GetCurDevice  player.o
    0x08019da8   0x00000074   Code   RO          270    i.player_Init       player.o
    0x08019e1c   0x00000024   Code   RO          271    i.player_Next       player.o
    0x08019e40   0x00000104   Code   RO          272    i.player_OpenFile   player.o
    0x08019f44   0x00000050   Code   RO          273    i.player_Pause      player.o
    0x08019f94   0x0000001c   Code   RO          274    i.player_Play       player.o
    0x08019fb0   0x000000f0   Code   RO          275    i.player_PlayDo     player.o
    0x0801a0a0   0x0000002c   Code   RO          276    i.player_PlayMem    player.o
    0x0801a0cc   0x0000002c   Code   RO          277    i.player_PlayMemBj  player.o
    0x0801a0f8   0x00000020   Code   RO          278    i.player_PlayUSB    player.o
    0x0801a118   0x00000010   Code   RO          279    i.player_Prev       player.o
    0x0801a128   0x00000054   Code   RO          280    i.player_ReadData   player.o
    0x0801a17c   0x00000030   Code   RO          281    i.player_RemoveSongDir  player.o
    0x0801a1ac   0x0000001c   Code   RO          282    i.player_Stop       player.o
    0x0801a1c8   0x00000048   Code   RO          283    i.player_UpdateSongDir  player.o
    0x0801a210   0x00000010   Code   RO          285    i.player_getState   player.o
    0x0801a220   0x00000136   Code   RO         5089    i.put_fat           ff.o
    0x0801a356   0x00000018   Code   RO         3133    i.queue_do          queue.o
    0x0801a36e   0x00000002   PAD
    0x0801a370   0x00000024   Code   RO          286    i.random            player.o
    0x0801a394   0x0000003e   Code   RO         5981    i.rd_usb_data       ch375.o
    0x0801a3d2   0x00000068   Code   RO         5090    i.remove_chain      ff.o
    0x0801a43a   0x0000002c   Code   RO         3135    i.remove_queue      queue.o
    0x0801a466   0x00000028   Code   RO          622    i.rtAssign          task.o
    0x0801a48e   0x00000006   Code   RO          623    i.rtGetTaskFuncValue  task.o
    0x0801a494   0x00000008   Code   RO          624    i.rtGetTaskJob      task.o
    0x0801a49c   0x00000006   Code   RO          625    i.rtGetTaskKey      task.o
    0x0801a4a2   0x00000010   Code   RO          626    i.rtGetTaskType     task.o
    0x0801a4b2   0x0000001e   Code   RO          627    i.rtInit            task.o
    0x0801a4d0   0x00000004   Code   RO          628    i.rtSetTaskFuncValue  task.o
    0x0801a4d4   0x0000005e   Code   RO         5633    i.rtc_GetDate       ds3231.o
    0x0801a532   0x00000094   Code   RO         5634    i.rtc_GetDateTime   ds3231.o
    0x0801a5c6   0x0000003c   Code   RO         5635    i.rtc_GetTime       ds3231.o
    0x0801a602   0x00000002   PAD
    0x0801a604   0x00000048   Code   RO         5636    i.rtc_Init          ds3231.o
    0x0801a64c   0x000000c0   Code   RO         5637    i.rtc_SetDateTime   ds3231.o
    0x0801a70c   0x00000018   Code   RO          632    i.rtgCanAddNew      task.o
    0x0801a724   0x0000000e   Code   RO          633    i.rtgClear          task.o
    0x0801a732   0x00000030   Code   RO          634    i.rtgCompareDate    task.o
    0x0801a762   0x00000012   Code   RO          635    i.rtgDeleteIndex    task.o
    0x0801a774   0x00000012   Code   RO          637    i.rtgGetAt          task.o
    0x0801a786   0x0000000a   Code   RO          638    i.rtgGetCount       task.o
    0x0801a790   0x00000018   Code   RO          640    i.rtgInit           task.o
    0x0801a7a8   0x0000002e   Code   RO          641    i.rtgNew            task.o
    0x0801a7d6   0x00000002   PAD
    0x0801a7d8   0x0000011c   Code   RO         5345    i.sd_Config         msd.o
    0x0801a8f4   0x00000116   Code   RO          287    i.sd_FindSongIndex  player.o
    0x0801aa0a   0x00000002   PAD
    0x0801aa0c   0x00000018   Code   RO         5346    i.sd_IsInserted     msd.o
    0x0801aa24   0x0000001c   Code   RO         2310    i.sd_IsValid        menu.o
    0x0801aa40   0x00000030   Code   RO         5347    i.sd_ReadWriteByte  msd.o
    0x0801aa70   0x0000003c   Code   RO         5348    i.sd_spi_SetSpeed   msd.o
    0x0801aaac   0x00000030   Code   RO         2311    i.show_curSongName  menu.o
    0x0801aadc   0x0000002c   Code   RO         5695    i.si47xx_Configuration  si47xx.o
    0x0801ab08   0x0000000a   Code   RO          644    i.smInit            task.o
    0x0801ab12   0x00000046   Code   RO          647    i.smValidDate       task.o
    0x0801ab58   0x00000010   Code   RO         5091    i.st_clust          ff.o
    0x0801ab68   0x0000001e   Code   RO         4570    i.strfmt            hal.o
    0x0801ab86   0x00000020   Code   RO         5092    i.sum_sfn           ff.o
    0x0801aba6   0x000000c8   Code   RO         5093    i.sync_fs           ff.o
    0x0801ac6e   0x00000052   Code   RO         5094    i.sync_window       ff.o
    0x0801acc0   0x00000030   Code   RO          648    i.tgAssign          task.o
    0x0801acf0   0x00000006   Code   RO          649    i.tgGetEndDate      task.o
    0x0801acf6   0x00000002   Code   RO          652    i.tgGetHeadBuffer   task.o
    0x0801acf8   0x00000004   Code   RO          653    i.tgGetHeadBufferSize  task.o
    0x0801acfc   0x00000002   Code   RO          655    i.tgGetStartDate    task.o
    0x0801acfe   0x00000030   Code   RO          656    i.tgInit            task.o
    0x0801ad2e   0x00000006   Code   RO          657    i.tgSetEndDate      task.o
    0x0801ad34   0x00000006   Code   RO          661    i.tgSetStartDate    task.o
    0x0801ad3a   0x0000003e   Code   RO          663    i.tgValidDate       task.o
    0x0801ad78   0x00000018   Code   RO          665    i.tglCanAddNew      task.o
    0x0801ad90   0x0000000e   Code   RO          666    i.tglClear          task.o
    0x0801ad9e   0x00000040   Code   RO          667    i.tglCompareDate    task.o
    0x0801adde   0x00000012   Code   RO          669    i.tglDeleteIndex    task.o
    0x0801adf0   0x00000012   Code   RO          670    i.tglGetAt          task.o
    0x0801ae02   0x00000008   Code   RO          671    i.tglGetCount       task.o
    0x0801ae0a   0x00000036   Code   RO          673    i.tglGetTaskGroup   task.o
    0x0801ae40   0x00000018   Code   RO          675    i.tglInit           task.o
    0x0801ae58   0x0000002a   Code   RO          676    i.tglNew            task.o
    0x0801ae82   0x0000002e   Code   RO          678    i.tjAssign          task.o
    0x0801aeb0   0x00000014   Code   RO          680    i.tjGetEndTime      task.o
    0x0801aec4   0x00000002   Code   RO          681    i.tjGetHeadBuffer   task.o
    0x0801aec6   0x00000004   Code   RO          682    i.tjGetHeadBufferSize  task.o
    0x0801aeca   0x00000006   Code   RO          684    i.tjGetPlayLength   task.o
    0x0801aed0   0x00000006   Code   RO          688    i.tjGetSongID       task.o
    0x0801aed6   0x00000006   Code   RO          692    i.tjGetSourceType   task.o
    0x0801aedc   0x00000006   Code   RO          693    i.tjGetStartTime    task.o
    0x0801aee2   0x00000006   Code   RO          694    i.tjGetTimeType     task.o
    0x0801aee8   0x00000006   Code   RO          695    i.tjGetTunerBand    task.o
    0x0801aeee   0x00000006   Code   RO          696    i.tjGetTunerFreq    task.o
    0x0801aef4   0x00000054   Code   RO          699    i.tjInit            task.o
    0x0801af48   0x00000004   Code   RO          702    i.tjSetPlayLength   task.o
    0x0801af4c   0x0000000a   Code   RO          704    i.tjSetRandomMode   task.o
    0x0801af56   0x00000004   Code   RO          706    i.tjSetSongID       task.o
    0x0801af5a   0x00000004   Code   RO          707    i.tjSetSongType     task.o
    0x0801af5e   0x00000004   Code   RO          708    i.tjSetSourceType   task.o
    0x0801af62   0x0000000e   Code   RO          709    i.tjSetStartMyTime  task.o
    0x0801af70   0x00000004   Code   RO          712    i.tjSetTunerBand    task.o
    0x0801af74   0x00000004   Code   RO          713    i.tjSetTunerFreq    task.o
    0x0801af78   0x00000010   Code   RO          714    i.tjSetVolume       task.o
    0x0801af88   0x0000004a   Code   RO          716    i.tjgAssign         task.o
    0x0801afd2   0x00000018   Code   RO          717    i.tjgCanAddNew      task.o
    0x0801afea   0x0000000e   Code   RO          718    i.tjgClear          task.o
    0x0801aff8   0x00000062   Code   RO          719    i.tjgCompareStartTime  task.o
    0x0801b05a   0x00000012   Code   RO          720    i.tjgDeleteIndex    task.o
    0x0801b06c   0x00000012   Code   RO          722    i.tjgGetAt          task.o
    0x0801b07e   0x00000008   Code   RO          723    i.tjgGetCount       task.o
    0x0801b086   0x00000006   Code   RO          724    i.tjgGetIndex       task.o
    0x0801b08c   0x0000004c   Code   RO          726    i.tjgGetNewTaskStartTime  task.o
    0x0801b0d8   0x00000018   Code   RO          729    i.tjgInit           task.o
    0x0801b0f0   0x0000002e   Code   RO          730    i.tjgNew            task.o
    0x0801b11e   0x00000004   Code   RO          731    i.tjgSetIndex       task.o
    0x0801b122   0x0000000e   Code   RO          732    i.tjgSort           task.o
    0x0801b130   0x00000010   Code   RO          735    i.tjglClear         task.o
    0x0801b140   0x00000006   Code   RO          736    i.tjglCompare       task.o
    0x0801b146   0x00000014   Code   RO          739    i.tjglGetAt         task.o
    0x0801b15a   0x0000000e   Code   RO          740    i.tjglGetCount      task.o
    0x0801b168   0x00000036   Code   RO          741    i.tjglGetJobGroup   task.o
    0x0801b19e   0x00000002   PAD
    0x0801b1a0   0x00000050   Code   RO          744    i.tjglInit          task.o
    0x0801b1f0   0x00000026   Code   RO          746    i.tmGetGroupOfDate  task.o
    0x0801b216   0x00000012   Code   RO          748    i.tmGetSpecialGroup  task.o
    0x0801b228   0x000000a8   Code   RO          749    i.tmGetTodayTaskGroup  task.o
    0x0801b2d0   0x0000005a   Code   RO          750    i.tmInit            task.o
    0x0801b32a   0x00000014   Code   RO          751    i.tmIsSpecialDate   task.o
    0x0801b33e   0x00000064   Code   RO          752    i.tmLoadFromFile    task.o
    0x0801b3a2   0x00000002   PAD
    0x0801b3a4   0x00000044   Code   RO          753    i.tmLoadHeaderFromFile  task.o
    0x0801b3e8   0x0000006c   Code   RO          754    i.tmLoadIntercutTaskFromFile  task.o
    0x0801b454   0x00000036   Code   RO          755    i.tmLoadJobFromFile  task.o
    0x0801b48a   0x00000084   Code   RO          756    i.tmLoadJobTaskFromFile  task.o
    0x0801b50e   0x00000070   Code   RO          757    i.tmLoadPhoneTaskFromFile  task.o
    0x0801b57e   0x00000032   Code   RO          758    i.tmLoadSpecModeFromFile  task.o
    0x0801b5b0   0x00000028   Code   RO          759    i.tmLoadTaskGroupFromFile  task.o
    0x0801b5d8   0x0000004a   Code   RO          760    i.tmLoadTaskGroupsFromFile  task.o
    0x0801b622   0x00000070   Code   RO          761    i.tmLoadYkTaskFromFile  task.o
    0x0801b692   0x0000004e   Code   RO          762    i.tmResetTaskData   task.o
    0x0801b6e0   0x00000030   Code   RO          763    i.tmSaveHeaderToFile  task.o
    0x0801b710   0x00000090   Code   RO          764    i.tmSaveIntercutTaskFromFile  task.o
    0x0801b7a0   0x000000bc   Code   RO          765    i.tmSaveJobTaskToFile  task.o
    0x0801b85c   0x0000003e   Code   RO          766    i.tmSaveJobToFile   task.o
    0x0801b89a   0x00000020   Code   RO          767    i.tmSaveSpecModeFromFile  task.o
    0x0801b8ba   0x00000030   Code   RO          768    i.tmSaveTaskGroupToFile  task.o
    0x0801b8ea   0x00000064   Code   RO          769    i.tmSaveTaskGroupsToFile  task.o
    0x0801b94e   0x00000078   Code   RO          770    i.tmSaveToFile      task.o
    0x0801b9c6   0x00000016   Code   RO          771    i.tmUpdateTodayTask  task.o
    0x0801b9dc   0x0000000c   Code   RO          772    i.ttClear           task.o
    0x0801b9e8   0x0000000c   Code   RO          773    i.ttGetCount        task.o
    0x0801b9f4   0x0000002a   Code   RO          775    i.ttGetNextTask     task.o
    0x0801ba1e   0x00000026   Code   RO          776    i.ttGetNextTaskID   task.o
    0x0801ba44   0x0000001a   Code   RO          779    i.ttInit            task.o
    0x0801ba5e   0x000000f2   Code   RO          780    i.ttTaskState       task.o
    0x0801bb50   0x00000080   Code   RO          781    i.ttUpdateTaskState  task.o
    0x0801bbd0   0x00000068   Code   RO         1871    i.tuner_FreqDec     tuner.o
    0x0801bc38   0x00000068   Code   RO         1872    i.tuner_FreqInc     tuner.o
    0x0801bca0   0x000000b8   Code   RO         1873    i.tuner_Init        tuner.o
    0x0801bd58   0x00000010   Code   RO         1874    i.tuner_IsSearching  tuner.o
    0x0801bd68   0x00000044   Code   RO         1875    i.tuner_LoadParam   tuner.o
    0x0801bdac   0x00000008   Code   RO         1876    i.tuner_SaveAll     tuner.o
    0x0801bdb4   0x0000002c   Code   RO         1877    i.tuner_SaveParam   tuner.o
    0x0801bde0   0x000000dc   Code   RO         1878    i.tuner_SearchDo    tuner.o
    0x0801bebc   0x00000050   Code   RO         1879    i.tuner_SearchStart  tuner.o
    0x0801bf0c   0x00000034   Code   RO         1880    i.tuner_SearchStop  tuner.o
    0x0801bf40   0x0000000c   Code   RO         1882    i.tuner_getBand     tuner.o
    0x0801bf4c   0x0000001c   Code   RO         1883    i.tuner_getBandName  tuner.o
    0x0801bf68   0x00000018   Code   RO         1884    i.tuner_getCurrentFreq  tuner.o
    0x0801bf80   0x00000088   Code   RO         1885    i.tuner_getFreqString  tuner.o
    0x0801c008   0x0000001c   Code   RO         1886    i.tuner_getMaxFreq  tuner.o
    0x0801c024   0x0000001c   Code   RO         1887    i.tuner_getMinFreq  tuner.o
    0x0801c040   0x00000018   Code   RO         1888    i.tuner_getStationCount  tuner.o
    0x0801c058   0x00000038   Code   RO         1889    i.tuner_getStationFreq  tuner.o
    0x0801c090   0x00000050   Code   RO         1890    i.tuner_getStatus   tuner.o
    0x0801c0e0   0x00000018   Code   RO         1891    i.tuner_getStepFreq  tuner.o
    0x0801c0f8   0x00000018   Code   RO         1892    i.tuner_getValidSingle  tuner.o
    0x0801c110   0x00000044   Code   RO         1894    i.tuner_saveFreq    tuner.o
    0x0801c154   0x00000020   Code   RO         1895    i.tuner_setBand     tuner.o
    0x0801c174   0x0000003c   Code   RO         1896    i.tuner_setCurrentFreq  tuner.o
    0x0801c1b0   0x0000003c   Code   RO         1897    i.tuner_setFreq     tuner.o
    0x0801c1ec   0x0000001a   Code   RO         1898    i.tuner_setMute     tuner.o
    0x0801c206   0x00000002   PAD
    0x0801c208   0x0000007c   Code   RO         1899    i.tuner_setStationFreq  tuner.o
    0x0801c284   0x00000038   Code   RO         5982    i.usb_disk_initialize  ch375.o
    0x0801c2bc   0x000000a4   Code   RO         5983    i.usb_disk_ioctl    ch375.o
    0x0801c360   0x00000044   Code   RO         5984    i.usb_disk_read     ch375.o
    0x0801c3a4   0x00000014   Code   RO         5985    i.usb_disk_status   ch375.o
    0x0801c3b8   0x00000050   Code   RO         5986    i.usb_disk_write    ch375.o
    0x0801c408   0x00000036   Code   RO         5095    i.validate          ff.o
    0x0801c43e   0x00000002   PAD
    0x0801c440   0x00000068   Code   RO         5486    i.vs1003_CMDWrite   vs1003x.o
    0x0801c4a8   0x00000054   Code   RO         5487    i.vs1003_ClearDataBuf  vs1003x.o
    0x0801c4fc   0x0000000a   Code   RO         5490    i.vs1003_GetDecodeTime  vs1003x.o
    0x0801c506   0x00000002   PAD
    0x0801c508   0x000000b4   Code   RO         5493    i.vs1003_Init       vs1003x.o
    0x0801c5bc   0x00000078   Code   RO         5494    i.vs1003_REGRead    vs1003x.o
    0x0801c634   0x0000004c   Code   RO         5496    i.vs1003_Reset      vs1003x.o
    0x0801c680   0x00000014   Code   RO         5497    i.vs1003_ResetDecodeTime  vs1003x.o
    0x0801c694   0x0000000e   Code   RO         5499    i.vs1003_SetVolume  vs1003x.o
    0x0801c6a2   0x00000002   PAD
    0x0801c6a4   0x0000014c   Code   RO         5500    i.vs1003_SineTest   vs1003x.o
    0x0801c7f0   0x00000088   Code   RO         5501    i.vs1003_SoftReset  vs1003x.o
    0x0801c878   0x0000002c   Code   RO         5502    i.vs1003_WriteData  vs1003x.o
    0x0801c8a4   0x00000032   Code   RO         6527    i.wav_GetDuration   wavfile.o
    0x0801c8d6   0x0000004e   Code   RO         6528    i.wav_ReadFromFSFile  wavfile.o
    0x0801c924   0x00000032   Code   RO         6529    i.wav_ReadFromFile  wavfile.o
    0x0801c956   0x0000000c   Code   RO         6530    i.wav_ResetData     wavfile.o
    0x0801c962   0x00000060   Code   RO         6585    i.wma_ReadFromFSFile  wmafile.o
    0x0801c9c2   0x00000032   Code   RO         6586    i.wma_ReadFromFile  wmafile.o
    0x0801c9f4   0x0000000e   Code   RO         6587    i.wma_ResetData     wmafile.o
    0x0801ca02   0x0000002e   Code   RO         5987    i.wr_usb_data       ch375.o
    0x0801ca30   0x0000004c   Code   RO         4710    i.wtcom             lcm19264.o
    0x0801ca7c   0x0000000a   Code   RO         5988    i.xDelay100uS       ch375.o
    0x0801ca86   0x0000000e   Code   RO         5989    i.xDelayAfterWrite  ch375.o
    0x0801ca94   0x00000002   Code   RO         5990    i.xFileNameEnumer   ch375.o
    0x0801ca96   0x00000002   PAD
    0x0801ca98   0x0000004c   Code   RO         5991    i.xQueryInterrupt   ch375.o
    0x0801cae4   0x00000054   Code   RO         5993    i.xReadCH375Data    ch375.o
    0x0801cb38   0x00000054   Code   RO         5995    i.xWriteCH375Cmd    ch375.o
    0x0801cb8c   0x00000054   Code   RO         5996    i.xWriteCH375Data   ch375.o
    0x0801cbe0   0x0000002c   Code   RO         6929    locale$$code        c_w.l(lc_ctype_c.o)
    0x0801cc0c   0x0000002c   Code   RO         6932    locale$$code        c_w.l(lc_numeric_c.o)
    0x0801cc38   0x00000004   Code   RO         6854    x$fpl$printf1       fz_ws.l(printf1.o)
    0x0801cc3c   0x00000000   Code   RO         6948    x$fpl$usenofp       fz_ws.l(usenofp.o)
    0x0801cc3c   0x00000044   Data   RO          782    .constdata          task.o
    0x0801cc80   0x00000014   Data   RO         1901    .constdata          tuner.o
    0x0801cc94   0x0000045f   Data   RO         2070    .constdata          stringconst.o
    0x0801d0f3   0x00000001   PAD
    0x0801d0f4   0x0000043d   Data   RO         2313    .constdata          menu.o
    0x0801d531   0x00000003   PAD
    0x0801d534   0x00000014   Data   RO         3246    .constdata          system_stm32f10x.o
    0x0801d548   0x000006d2   Data   RO         4712    .constdata          lcm19264.o
    0x0801dc1a   0x00000011   Data   RO         4940    .constdata          usrkey.o
    0x0801dc2b   0x00000001   PAD
    0x0801dc2c   0x00015844   Data   RO         4977    .constdata          cc936.o
    0x08033470   0x0000000d   Data   RO         5096    .constdata          ff.o
    0x0803347d   0x00000003   PAD
    0x08033480   0x00000024   Data   RO         5780    .constdata          audio.o
    0x080334a4   0x00000333   Data   RO         6393    .constdata          mpegaudio.o
    0x080337d7   0x00000122   Data   RO         6588    .constdata          wmafile.o
    0x080338f9   0x00000011   Data   RO         6694    .constdata          c_w.l(__printf_flags_ss_wp.o)
    0x0803390a   0x00000002   PAD
    0x0803390c   0x00000008   Data   RO         6755    .constdata          c_w.l(_printf_wctomb.o)
    0x08033914   0x00000028   Data   RO         6784    .constdata          c_w.l(_printf_hex_int_ll_ptr.o)
    0x0803393c   0x00000094   Data   RO         6904    .constdata          c_w.l(bigflt0.o)
    0x080339d0   0x0000008d   Data   RO            4    .conststring        main.o
    0x08033a5d   0x00000003   PAD
    0x08033a60   0x0000002d   Data   RO         2314    .conststring        menu.o
    0x08033a8d   0x00000003   PAD
    0x08033a90   0x00000020   Data   RO         7021    Region$$Table       anon$$obj.o
    0x08033ab0   0x00000110   Data   RO         6928    locale$$data        c_w.l(lc_ctype_c.o)
    0x08033bc0   0x0000001c   Data   RO         6931    locale$$data        c_w.l(lc_numeric_c.o)


    Execution Region RW_IRAM1 (Base: 0x20000000, Size: 0x0000ef70, Max: 0x00020000, ABSOLUTE, COMPRESSED[0x00000080])

    Base Addr    Size         Type   Attr      Idx    E Section Name        Object

    0x20000000   0x0000003c   Data   RW            5    .data               main.o
    0x2000003c   0x0000000d   Data   RW          143    .data               stm32f10x_it.o
    0x20000049   0x00000010   Data   RW          289    .data               player.o
    0x20000059   0x0000000c   Data   RW          783    .data               task.o
    0x20000065   0x00000001   PAD
    0x20000066   0x00000004   Data   RW         1902    .data               tuner.o
    0x2000006a   0x00000002   PAD
    0x2000006c   0x00000008   Data   RW         2071    .data               stringconst.o
    0x20000074   0x0000006c   Data   RW         2315    .data               menu.o
    0x200000e0   0x00000009   Data   RW         3191    .data               log.o
    0x200000e9   0x00000014   Data   RW         3650    .data               stm32f10x_rcc.o
    0x200000fd   0x00000001   PAD
    0x200000fe   0x00000017   Data   RW         4572    .data               hal.o
    0x20000115   0x00000002   Data   RW         4713    .data               lcm19264.o
    0x20000117   0x00000001   PAD
    0x20000118   0x00000011   Data   RW         4941    .data               usrkey.o
    0x20000129   0x00000003   PAD
    0x2000012c   0x0000000a   Data   RW         5097    .data               ff.o
    0x20000136   0x00000005   Data   RW         5349    .data               msd.o
    0x2000013b   0x00000001   PAD
    0x2000013c   0x00000008   Data   RW         5504    .data               vs1003x.o
    0x20000144   0x0000000c   Data   RW         5696    .data               si47xx.o
    0x20000150   0x00000006   Data   RW         5781    .data               audio.o
    0x20000156   0x00000003   Data   RW         5999    .data               ch375.o
    0x20000159   0x00000003   PAD
    0x2000015c   0x00000061   Data   RW         6656    .data               CH375HFM.LIB(CH375MAI.O)
    0x200001bd   0x00000003   PAD
    0x200001c0   0x00000018   Zero   RW            3    .bss                main.o
    0x200001d8   0x00001280   Zero   RW          288    .bss                player.o
    0x20001458   0x000000b1   Zero   RW         1900    .bss                tuner.o
    0x20001509   0x00000003   PAD
    0x2000150c   0x0000a9cc   Zero   RW         2312    .bss                menu.o
    0x2000bed8   0x0000003c   Zero   RW         3136    .bss                queue.o
    0x2000bf14   0x00000624   Zero   RW         3190    .bss                log.o
    0x2000c538   0x0000047c   Zero   RW         4571    .bss                hal.o
    0x2000c9b4   0x00000c22   Zero   RW         4711    .bss                lcm19264.o
    0x2000d5d6   0x00000002   PAD
    0x2000d5d8   0x00001054   Zero   RW         5998    .bss                ch375.o
    0x2000e62c   0x000000e4   Zero   RW         6703    .bss                c_w.l(rand.o)
    0x2000e710   0x00000060   Zero   RW         6857    .bss                c_w.l(libspace.o)
    0x2000e770   0x00000000   Zero   RW         4515    HEAP                startup_stm32f10x_hd.o
    0x2000e770   0x00000800   Zero   RW         4514    STACK               startup_stm32f10x_hd.o


==============================================================================

Image component sizes


      Code (inc. data)   RO Data    RW Data    ZI Data      Debug   Object Name

       158         10          0          0          0       1490   ampmeter.o
       236          0          0          0          0      12836   arraylist.o
      1036        112         36          6          0       8068   audio.o
       168         16      88132          0          0       5419   cc936.o
      1826        136          0          3       4180      24248   ch375.o
       372         16          0          0          0       4265   com.o
         0          0          0          0          0         32   core_cm3.o
       196          0          0          0          0       4318   diskio.o
       622         14          0          0          0       4711   ds3231.o
      7374         62         13         10          0      35654   ff.o
       130         10          0         23       1148      11752   hal.o
       952         52          0          0          0       6965   i2c_ee.o
       246          4          0          0          0      13463   id3v1.o
       180          6          0          0          0       3297   id3v2.o
       488         64          0          0          0       3302   key.o
      2446        184       1746          2       3106      22670   lcm19264.o
       348        138          0          9       1572       8691   log.o
       422         76        141         60         24     229357   main.o
     31510       3658       1130        108      43468     112501   menu.o
       152         30          0          0          0       2037   misc.o
      1550         48        819          0          0      12672   mpegaudio.o
      2470        130          0          5          0      15388   msd.o
      2972        198          0         16       4736     246413   player.o
       228          8          0          0         60       3897   queue.o
       128         16          0          0          0       5387   rcc.o
       768         74          0         12          0       6431   si47xx.o
        72         26        304          0       2048        900   startup_stm32f10x_hd.o
       236         22          0          0          0       2004   stm32f10x_exti.o
       312         30          0          0          0       5133   stm32f10x_flash.o
       380          4          0          0          0       5104   stm32f10x_gpio.o
       512         80          0         13          0      16624   stm32f10x_it.o
        68         30          0          0          0       2450   stm32f10x_iwdg.o
       276         32          0         20          0       4414   stm32f10x_rcc.o
        84          0          0          0          0       1941   stm32f10x_spi.o
       348          6          0          0          0       5380   stm32f10x_usart.o
       314          6          0          0          0       3066   stmflash.o
         0          0       1119          8          0     225007   stringconst.o
       316         20         20          0          0     238801   system_stm32f10x.o
      5452         48         68         12          0      83130   task.o
      1714        264         20          4        177      15305   tuner.o
       312         34         17         17          0       3225   usrkey.o
      1232        112          0          8          0       8211   vs1003x.o
       330         26          0          0          0       4888   wavfile.o
       868         30        290          0          0       7309   wmafile.o

    ----------------------------------------------------------------------
     69872       5832      93901        348      60524    1438156   Object Totals
         0          0         32          0          0          0   (incl. Generated)
        68          0         14         12          5          0   (incl. Padding)

    ----------------------------------------------------------------------

      Code (inc. data)   RO Data    RW Data    ZI Data      Debug   Library Member Name

      7788        530          0         97          0       1189   CH375MAI.O
        44          6          0          0          0         84   __2sprintf.o
        90          0          0          0          0          0   __dczerorl2.o
         8          0          0          0          0         68   __main.o
       392          4         17          0          0         92   __printf_flags_ss_wp.o
        14          0          0          0          0         68   __printf_wp.o
        52          8          0          0          0          0   __scatter.o
        28          0          0          0          0          0   __scatter_zi.o
         6          0          0          0          0          0   _printf_a.o
         6          0          0          0          0          0   _printf_c.o
        44          0          0          0          0        108   _printf_char.o
        48          6          0          0          0         96   _printf_char_common.o
        40          0          0          0          0         68   _printf_charcount.o
         6          0          0          0          0          0   _printf_d.o
       116         16          0          0          0         92   _printf_dec.o
         6          0          0          0          0          0   _printf_e.o
         6          0          0          0          0          0   _printf_f.o
      1046          0          0          0          0        216   _printf_fp_dec.o
       128         16          0          0          0         84   _printf_fp_infnan.o
         6          0          0          0          0          0   _printf_g.o
       148          4         40          0          0        160   _printf_hex_int_ll_ptr.o
         6          0          0          0          0          0   _printf_i.o
       178          0          0          0          0         88   _printf_intcommon.o
        10          0          0          0          0          0   _printf_l.o
         6          0          0          0          0          0   _printf_lc.o
        10          0          0          0          0          0   _printf_ll.o
         6          0          0          0          0          0   _printf_lld.o
         6          0          0          0          0          0   _printf_lli.o
         6          0          0          0          0          0   _printf_llo.o
         6          0          0          0          0          0   _printf_llu.o
         6          0          0          0          0          0   _printf_llx.o
       120         16          0          0          0         92   _printf_longlong_dec.o
         6          0          0          0          0          0   _printf_ls.o
         6          0          0          0          0          0   _printf_n.o
         6          0          0          0          0          0   _printf_o.o
       112          8          0          0          0        124   _printf_oct_int_ll.o
         6          0          0          0          0          0   _printf_p.o
        78          0          0          0          0        108   _printf_pad.o
         0          0          0          0          0          0   _printf_percent.o
         4          0          0          0          0          0   _printf_percent_end.o
         6          0          0          0          0          0   _printf_s.o
        82          0          0          0          0         80   _printf_str.o
        36          0          0          0          0         84   _printf_truncate.o
         6          0          0          0          0          0   _printf_u.o
        44          0          0          0          0        108   _printf_wchar.o
       188          6          8          0          0         92   _printf_wctomb.o
         6          0          0          0          0          0   _printf_x.o
        10          0          0          0          0         68   _sputc.o
        64          0          0          0          0         92   _wcrtomb.o
        16          0          0          0          0         68   aeabi_memset.o
       216          4        148          0          0         96   bigflt0.o
      1910        128          0          0          0        672   btod.o
        36          4          0          0          0         76   c89vsprintf.o
        12          0          0          0          0         72   exit.o
         6          0          0          0          0        152   heapauxi.o
         0          0          0          0          0          0   indicate_semi.o
        44         10        272          0          0         76   lc_ctype_c.o
        44         10         28          0          0         76   lc_numeric_c.o
         2          0          0          0          0          0   libinit.o
        34          0          0          0          0          0   libinit2.o
         2          0          0          0          0          0   libshutdown.o
         2          0          0          0          0          0   libshutdown2.o
         8          4          0          0         96         68   libspace.o
       138          0          0          0          0         80   lludiv10.o
        88          0          0          0          0         76   memcmp.o
       112         18          0          0        228        160   rand.o
        16          4          0          0          0         76   rt_ctype_table.o
         8          4          0          0          0         68   rt_locale_intlibspace.o
        68          0          0          0          0         68   rt_memclr.o
        78          0          0          0          0         80   rt_memclr_w.o
       138          0          0          0          0         68   rt_memcpy_v6.o
       100          0          0          0          0         80   rt_memcpy_w.o
         0          0          0          0          0          0   rtentry.o
        12          0          0          0          0          0   rtentry2.o
         6          0          0          0          0          0   rtentry4.o
         2          0          0          0          0          0   rtexit.o
        10          0          0          0          0          0   rtexit2.o
        24          0          0          0          0         68   strcat.o
       128          0          0          0          0         68   strcmpv7m.o
        72          0          0          0          0         80   strcpy.o
        62          0          0          0          0         76   strlen.o
        36          0          0          0          0         76   strncat.o
       150          0          0          0          0         80   strncmp.o
        86          0          0          0          0         76   strncpy.o
        22          0          0          0          0         68   strrchr.o
        12          4          0          0          0         68   sys_exit.o
        74          0          0          0          0         80   sys_stackheap_outer.o
         2          0          0          0          0         68   use_no_semi.o
         4          0          0          0          0         68   printf1.o
         0          0          0          0          0          0   usenofp.o
        40          0          0          0          0         68   fpclassify.o

    ----------------------------------------------------------------------
     14876        810        515        100        324       6317   Library Totals
        14          0          2          3          0          0   (incl. Padding)

    ----------------------------------------------------------------------

      Code (inc. data)   RO Data    RW Data    ZI Data      Debug   Library Name

      7788        530          0         97          0       1189   CH375HFM.LIB
      7030        280        513          0        324       4992   c_w.l
         4          0          0          0          0         68   fz_ws.l
        40          0          0          0          0         68   m_ws.l

    ----------------------------------------------------------------------
     14876        810        515        100        324       6317   Library Totals

    ----------------------------------------------------------------------

==============================================================================


      Code (inc. data)   RO Data    RW Data    ZI Data      Debug   

     84748       6642      94416        448      60848    1406873   Grand Totals
     84748       6642      94416        128      60848    1406873   ELF Image Totals (compressed)
     84748       6642      94416        128          0          0   ROM Totals

==============================================================================

    Total RO  Size (Code + RO Data)               179164 ( 174.96kB)
    Total RW  Size (RW Data + ZI Data)             61296 (  59.86kB)
    Total ROM Size (Code + RO Data + RW Data)     179292 ( 175.09kB)

==============================================================================

