Product: MDK-ARM Professional 5.10
Component: ARM Compiler 5.04 update 1 (build 49)
Tool: armlink [5040049]

==============================================================================

Section Cross References

    hal.o(i.ChipHalInit) refers to rcc.o(i.RCC_Configuration) for RCC_Configuration
    hal.o(i.ChipHalInit) refers to ch375.o(i.CH375_Configuration) for CH375_Configuration
    hal.o(i.ChipHalInit) refers to lcm19264.o(i.lcm_Configuration) for lcm_Configuration
    hal.o(i.ChipOutHalInit) refers to usrkey.o(i.kb_Init) for kb_Init
    main.o(i.UpdateFirmware) refers to stm32f10x_flash.o(i.FLASH_Unlock) for FLASH_Unlock
    main.o(i.UpdateFirmware) refers to stm32f10x_flash.o(i.FLASH_ErasePage) for FLASH_ErasePage
    main.o(i.UpdateFirmware) refers to stm32f10x_flash.o(i.FLASH_ProgramHalfWord) for FLASH_ProgramHalfWord
    main.o(i.UpdateFirmware) refers to stm32f10x_flash.o(i.FLASH_Lock) for FLASH_Lock
    main.o(i.UpdateFirmware) refers to ch375.o(i.ReadFile) for ReadFile
    main.o(i.UpdateFirmware) refers to main.o(.bss) for buf
    main.o(i.iap_load_app) refers to main.o(.emb_text) for MSR_MSP
    main.o(i.main) refers to misc.o(i.NVIC_SetVectorTable) for NVIC_SetVectorTable
    main.o(i.main) refers to hal.o(i.ChipHalInit) for ChipHalInit
    main.o(i.main) refers to hal.o(i.ChipOutHalInit) for ChipOutHalInit
    main.o(i.main) refers to lcm19264.o(i.lcm_Init) for lcm_Init
    main.o(i.main) refers to ch375.o(i.InitUDisk) for InitUDisk
    main.o(i.main) refers to rcc.o(i.delay_ms) for delay_ms
    main.o(i.main) refers to ch375.o(i.OpenFile) for OpenFile
    main.o(i.main) refers to lcm19264.o(i.lcm_Putstr) for lcm_Putstr
    main.o(i.main) refers to lcm19264.o(i.lcm_BackLightCtrl) for lcm_BackLightCtrl
    main.o(i.main) refers to lcm19264.o(i.lcm_DisplayOpen) for lcm_DisplayOpen
    main.o(i.main) refers to usrkey.o(i.kb_GetKey) for kb_GetKey
    main.o(i.main) refers to lcm19264.o(i.lcm_Clr) for lcm_Clr
    main.o(i.main) refers to main.o(i.UpdateFirmware) for UpdateFirmware
    main.o(i.main) refers to ch375.o(i.CloseFile) for CloseFile
    main.o(i.main) refers to main.o(i.iap_load_app) for iap_load_app
    rcc.o(i.RCC_Configuration) refers to system_stm32f10x.o(i.SystemInit) for SystemInit
    rcc.o(i.RCC_Configuration) refers to stm32f10x_rcc.o(i.RCC_GetClocksFreq) for RCC_GetClocksFreq
    rcc.o(i.RCC_Configuration) refers to rcc.o(.bss) for RCC_ClockFreq
    rcc.o(i.SysTickDelay) refers to rcc.o(i.delay_ms) for delay_ms
    ch375.o(i.CH375FileRead) refers to CH375SEC.O(.text) for CH375FileReadX
    ch375.o(i.CH375FileRead) refers to ch375.o(.bss) for FILE_DATA_BUF
    ch375.o(i.CH375FileWrite) refers to CH375SEC.O(.text) for CH375FileWriteX
    ch375.o(i.CH375FileWrite) refers to ch375.o(.bss) for FILE_DATA_BUF
    ch375.o(i.CH375LibInit) refers to CH375MAI.O(.text) for CH375GetVer
    ch375.o(i.CH375LibInit) refers to CH375MAI.O(.data) for CH375LibConfig
    ch375.o(i.CH375LibInit) refers to ch375.o(.bss) for DISK_BASE_BUF
    ch375.o(i.CH375_Configuration) refers to stm32f10x_rcc.o(i.RCC_APB2PeriphClockCmd) for RCC_APB2PeriphClockCmd
    ch375.o(i.CH375_Configuration) refers to stm32f10x_gpio.o(i.GPIO_Init) for GPIO_Init
    ch375.o(i.CloseFile) refers to CH375MAI.O(.text) for CH375FileClose
    ch375.o(i.CloseFile) refers to ch375.o(.bss) for c375_FileState
    ch375.o(i.CreateFile) refers to strcpy.o(.text) for strcpy
    ch375.o(i.CreateFile) refers to CH375MAI.O(.text) for CH375FileCreate
    ch375.o(i.CreateFile) refers to ch375.o(.bss) for mCmdParam
    ch375.o(i.CreateFile) refers to ch375.o(.data) for File_Size
    ch375.o(i.Init375) refers to rcc.o(i.SysTickDelay) for SysTickDelay
    ch375.o(i.Init375) refers to ch375.o(i.xWriteCH375Cmd) for xWriteCH375Cmd
    ch375.o(i.Init375) refers to ch375.o(i.xWriteCH375Data) for xWriteCH375Data
    ch375.o(i.Init375) refers to ch375.o(i.xReadCH375Data) for xReadCH375Data
    ch375.o(i.InitUDisk) refers to ch375.o(i.Init375) for Init375
    ch375.o(i.InitUDisk) refers to ch375.o(i.CH375LibInit) for CH375LibInit
    ch375.o(i.InitUDisk) refers to CH375MAI.O(.text) for CH375DiskConnect
    ch375.o(i.InitUDisk) refers to rcc.o(i.SysTickDelay) for SysTickDelay
    ch375.o(i.InitUDisk) refers to ch375.o(.bss) for c375_FileState
    ch375.o(i.LocatFile) refers to CH375SEC.O(.text) for CH375FileLocate
    ch375.o(i.LocatFile) refers to ch375.o(.bss) for mCmdParam
    ch375.o(i.OpenFile) refers to ch375.o(i.CloseFile) for CloseFile
    ch375.o(i.OpenFile) refers to strcpy.o(.text) for strcpy
    ch375.o(i.OpenFile) refers to CH375MAI.O(.text) for CH375FileOpen
    ch375.o(i.OpenFile) refers to ch375.o(.bss) for c375_FileState
    ch375.o(i.OpenFile) refers to CH375MAI.O(.data) for CH375vFileSize
    ch375.o(i.OpenFile) refers to ch375.o(.data) for File_Size
    ch375.o(i.ReadBuffer) refers to ch375.o(.bss) for c375_FileState
    ch375.o(i.ReadFile) refers to ch375.o(i.ReadBuffer) for ReadBuffer
[...]
    CH375SEC.O(.text) refers to ch375.o(i.xWriteToExtBuf) for xWriteToExtBuf
    CH375SEC.O(.text) refers to ch375.o(i.xReadFromExtBuf) for xReadFromExtBuf
    CH375SEC.O(.text) refers to ch375.o(i.xDelayAfterWrite) for xDelayAfterWrite
    CH375SEC.O(.text) refers to ch375.o(.bss) for mCmdParam
    CH375SEC.O(.text) refers to CH375MAI.O(.data) for CH375v26
    __main.o(!!!main) refers to rtentry.o(.ARM.Collect$$rtentry$$00000000) for __rt_entry
    rtentry.o(.ARM.Collect$$rtentry$$00000000) refers (Special) to rtentry2.o(.ARM.Collect$$rtentry$$0000000A) for __rt_entry_li
    rtentry.o(.ARM.Collect$$rtentry$$00000000) refers (Special) to rtentry2.o(.ARM.Collect$$rtentry$$0000000D) for __rt_entry_main
    rtentry.o(.ARM.Collect$$rtentry$$00000000) refers (Special) to rtentry2.o(.ARM.Collect$$rtentry$$0000000C) for __rt_entry_postli_1
    rtentry.o(.ARM.Collect$$rtentry$$00000000) refers (Special) to rtentry2.o(.ARM.Collect$$rtentry$$00000009) for __rt_entry_postsh_1
    rtentry.o(.ARM.Collect$$rtentry$$00000000) refers (Special) to rtentry2.o(.ARM.Collect$$rtentry$$00000002) for __rt_entry_presh_1
    rtentry.o(.ARM.Collect$$rtentry$$00000000) refers (Special) to rtentry4.o(.ARM.Collect$$rtentry$$00000004) for __rt_entry_sh
    rtentry2.o(.ARM.Collect$$rtentry$$00000008) refers to boardinit2.o(.text) for _platform_post_stackheap_init
    rtentry2.o(.ARM.Collect$$rtentry$$0000000A) refers to libinit.o(.ARM.Collect$$libinit$$00000000) for __rt_lib_init
    rtentry2.o(.ARM.Collect$$rtentry$$0000000B) refers to boardinit3.o(.text) for _platform_post_lib_init
    rtentry2.o(.ARM.Collect$$rtentry$$0000000D) refers to main.o(i.main) for main
    rtentry2.o(.ARM.Collect$$rtentry$$0000000D) refers to exit.o(.text) for exit
    rtentry2.o(.ARM.exidx) refers to rtentry2.o(.ARM.Collect$$rtentry$$00000001) for .ARM.Collect$$rtentry$$00000001
    rtentry2.o(.ARM.exidx) refers to rtentry2.o(.ARM.Collect$$rtentry$$00000008) for .ARM.Collect$$rtentry$$00000008
    rtentry2.o(.ARM.exidx) refers to rtentry2.o(.ARM.Collect$$rtentry$$0000000A) for .ARM.Collect$$rtentry$$0000000A
    rtentry2.o(.ARM.exidx) refers to rtentry2.o(.ARM.Collect$$rtentry$$0000000B) for .ARM.Collect$$rtentry$$0000000B
    rtentry2.o(.ARM.exidx) refers to rtentry2.o(.ARM.Collect$$rtentry$$0000000D) for .ARM.Collect$$rtentry$$0000000D
    rtentry4.o(.ARM.Collect$$rtentry$$00000004) refers to sys_stackheap_outer.o(.text) for __user_setup_stackheap
    rtentry4.o(.ARM.exidx) refers to rtentry4.o(.ARM.Collect$$rtentry$$00000004) for .ARM.Collect$$rtentry$$00000004
    sys_stackheap_outer.o(.text) refers to libspace.o(.text) for __user_perproc_libspace
    sys_stackheap_outer.o(.text) refers to startup_stm32f10x_hd.o(.text) for __user_initial_stackheap
    exit.o(.text) refers to rtexit.o(.ARM.Collect$$rtexit$$00000000) for __rt_exit
    libinit.o(.ARM.Collect$$libinit$$00000000) refers (Special) to libinit2.o(.ARM.Collect$$libinit$$0000002C) for __rt_lib_init_alloca_1
    libinit.o(.ARM.Collect$$libinit$$00000000) refers (Special) to libinit2.o(.ARM.Collect$$libinit$$0000002A) for __rt_lib_init_argv_1
    libinit.o(.ARM.Collect$$libinit$$00000000) refers (Special) to libinit2.o(.ARM.Collect$$libinit$$00000019) for __rt_lib_init_atexit_1
    libinit.o(.ARM.Collect$$libinit$$00000000) refers (Special) to libinit2.o(.ARM.Collect$$libinit$$0000001F) for __rt_lib_init_clock_1
    libinit.o(.ARM.Collect$$libinit$$00000000) refers (Special) to libinit2.o(.ARM.Collect$$libinit$$00000030) for __rt_lib_init_cpp_1
    libinit.o(.ARM.Collect$$libinit$$00000000) refers (Special) to libinit2.o(.ARM.Collect$$libinit$$0000002E) for __rt_lib_init_exceptions_1
    libinit.o(.ARM.Collect$$libinit$$00000000) refers (Special) to libinit2.o(.ARM.Collect$$libinit$$00000002) for __rt_lib_init_fp_1
    libinit.o(.ARM.Collect$$libinit$$00000000) refers (Special) to libinit2.o(.ARM.Collect$$libinit$$0000001D) for __rt_lib_init_fp_trap_1
    libinit.o(.ARM.Collect$$libinit$$00000000) refers (Special) to libinit2.o(.ARM.Collect$$libinit$$00000021) for __rt_lib_init_getenv_1
    libinit.o(.ARM.Collect$$libinit$$00000000) refers (Special) to libinit2.o(.ARM.Collect$$libinit$$00000008) for __rt_lib_init_heap_1
    libinit.o(.ARM.Collect$$libinit$$00000000) refers (Special) to libinit2.o(.ARM.Collect$$libinit$$0000000F) for __rt_lib_init_lc_collate_1
    libinit.o(.ARM.Collect$$libinit$$00000000) refers (Special) to libinit2.o(.ARM.Collect$$libinit$$00000011) for __rt_lib_init_lc_ctype_1
    libinit.o(.ARM.Collect$$libinit$$00000000) refers (Special) to libinit2.o(.ARM.Collect$$libinit$$00000013) for __rt_lib_init_lc_monetary_1
    libinit.o(.ARM.Collect$$libinit$$00000000) refers (Special) to libinit2.o(.ARM.Collect$$libinit$$00000015) for __rt_lib_init_lc_numeric_1
    libinit.o(.ARM.Collect$$libinit$$00000000) refers (Special) to libinit2.o(.ARM.Collect$$libinit$$00000017) for __rt_lib_init_lc_time_1
    libinit.o(.ARM.Collect$$libinit$$00000000) refers (Special) to libinit2.o(.ARM.Collect$$libinit$$0000000C) for __rt_lib_init_rand_1
    libinit.o(.ARM.Collect$$libinit$$00000000) refers (Special) to libinit2.o(.ARM.Collect$$libinit$$00000031) for __rt_lib_init_return
    libinit.o(.ARM.Collect$$libinit$$00000000) refers (Special) to libinit2.o(.ARM.Collect$$libinit$$0000001B) for __rt_lib_init_signal_1
    libinit.o(.ARM.Collect$$libinit$$00000000) refers (Special) to libinit2.o(.ARM.Collect$$libinit$$00000023) for __rt_lib_init_stdio_1
    libinit.o(.ARM.Collect$$libinit$$00000000) refers (Special) to libinit2.o(.ARM.Collect$$libinit$$0000000A) for __rt_lib_init_user_alloc_1
    libspace.o(.text) refers to libspace.o(.bss) for __libspace_start
    rtexit.o(.ARM.Collect$$rtexit$$00000000) refers (Special) to rtexit2.o(.ARM.Collect$$rtexit$$00000004) for __rt_exit_exit
    rtexit.o(.ARM.Collect$$rtexit$$00000000) refers (Special) to rtexit2.o(.ARM.Collect$$rtexit$$00000003) for __rt_exit_ls
    rtexit.o(.ARM.Collect$$rtexit$$00000000) refers (Special) to rtexit2.o(.ARM.Collect$$rtexit$$00000002) for __rt_exit_prels_1
    rtexit.o(.ARM.exidx) refers (Special) to rtexit2.o(.ARM.Collect$$rtexit$$00000004) for __rt_exit_exit
    rtexit.o(.ARM.exidx) refers (Special) to rtexit2.o(.ARM.Collect$$rtexit$$00000003) for __rt_exit_ls
    rtexit.o(.ARM.exidx) refers (Special) to rtexit2.o(.ARM.Collect$$rtexit$$00000002) for __rt_exit_prels_1
    rtexit.o(.ARM.exidx) refers to rtexit.o(.ARM.Collect$$rtexit$$00000000) for .ARM.Collect$$rtexit$$00000000
    libinit2.o(.ARM.Collect$$libinit$$0000000E) refers to libinit2.o(.ARM.Collect$$libinit$$0000000D) for .ARM.Collect$$libinit$$0000000D
    libinit2.o(.ARM.Collect$$libinit$$00000010) refers to libinit2.o(.ARM.Collect$$libinit$$0000000D) for .ARM.Collect$$libinit$$0000000D
    libinit2.o(.ARM.Collect$$libinit$$00000012) refers to libinit2.o(.ARM.Collect$$libinit$$0000000D) for .ARM.Collect$$libinit$$0000000D
    libinit2.o(.ARM.Collect$$libinit$$00000014) refers to libinit2.o(.ARM.Collect$$libinit$$0000000D) for .ARM.Collect$$libinit$$0000000D
    libinit2.o(.ARM.Collect$$libinit$$00000016) refers to libinit2.o(.ARM.Collect$$libinit$$0000000D) for .ARM.Collect$$libinit$$0000000D
    libinit2.o(.ARM.Collect$$libinit$$00000024) refers to argv_veneer.o(.emb_text) for __ARM_argv_veneer
    libinit2.o(.ARM.Collect$$libinit$$00000025) refers to argv_veneer.o(.emb_text) for __ARM_argv_veneer
    rtexit2.o(.ARM.Collect$$rtexit$$00000003) refers to libshutdown.o(.ARM.Collect$$libshutdown$$00000000) for __rt_lib_shutdown
    rtexit2.o(.ARM.Collect$$rtexit$$00000004) refers to sys_exit.o(.text) for _sys_exit
    rtexit2.o(.ARM.exidx) refers to rtexit2.o(.ARM.Collect$$rtexit$$00000001) for .ARM.Collect$$rtexit$$00000001
    rtexit2.o(.ARM.exidx) refers to rtexit2.o(.ARM.Collect$$rtexit$$00000003) for .ARM.Collect$$rtexit$$00000003
    rtexit2.o(.ARM.exidx) refers to rtexit2.o(.ARM.Collect$$rtexit$$00000004) for .ARM.Collect$$rtexit$$00000004
    argv_veneer.o(.emb_text) refers to no_argv.o(.text) for __ARM_get_argv
    sys_exit.o(.text) refers (Special) to use_no_semi.o(.text) for __I$use$semihosting
    sys_exit.o(.text) refers (Special) to indicate_semi.o(.text) for __semihosting_library_function
    _get_argv_nomalloc.o(.text) refers (Special) to hrguard.o(.text) for __heap_region$guard
    _get_argv_nomalloc.o(.text) refers to defsig_rtmem_outer.o(.text) for __rt_SIGRTMEM
    _get_argv_nomalloc.o(.text) refers to sys_command.o(.text) for _sys_command_string
    libshutdown.o(.ARM.Collect$$libshutdown$$00000000) refers (Special) to libshutdown2.o(.ARM.Collect$$libshutdown$$00000006) for __rt_lib_shutdown_fp_trap_1
    libshutdown.o(.ARM.Collect$$libshutdown$$00000000) refers (Special) to libshutdown2.o(.ARM.Collect$$libshutdown$$0000000E) for __rt_lib_shutdown_heap_1
    libshutdown.o(.ARM.Collect$$libshutdown$$00000000) refers (Special) to libshutdown2.o(.ARM.Collect$$libshutdown$$0000000F) for __rt_lib_shutdown_return
    libshutdown.o(.ARM.Collect$$libshutdown$$00000000) refers (Special) to libshutdown2.o(.ARM.Collect$$libshutdown$$00000009) for __rt_lib_shutdown_signal_1
    libshutdown.o(.ARM.Collect$$libshutdown$$00000000) refers (Special) to libshutdown2.o(.ARM.Collect$$libshutdown$$00000003) for __rt_lib_shutdown_stdio_1
    libshutdown.o(.ARM.Collect$$libshutdown$$00000000) refers (Special) to libshutdown2.o(.ARM.Collect$$libshutdown$$0000000B) for __rt_lib_shutdown_user_alloc_1
    sys_command.o(.text) refers (Special) to use_no_semi.o(.text) for __I$use$semihosting
    sys_command.o(.text) refers (Special) to indicate_semi.o(.text) for __semihosting_library_function
    defsig_rtmem_outer.o(.text) refers to defsig_rtmem_inner.o(.text) for __rt_SIGRTMEM_inner
    defsig_rtmem_outer.o(.text) refers to defsig_exit.o(.text) for __sig_exit
    defsig_rtmem_formal.o(.text) refers to rt_raise.o(.text) for __rt_raise
    rt_raise.o(.text) refers to __raise.o(.text) for __raise
    rt_raise.o(.text) refers to sys_exit.o(.text) for _sys_exit
    defsig_exit.o(.text) refers to sys_exit.o(.text) for _sys_exit
    defsig_rtmem_inner.o(.text) refers to defsig_general.o(.text) for __default_signal_display
    __raise.o(.text) refers to defsig.o(CL$$defsig) for __default_signal_handler
    defsig_general.o(.text) refers to sys_wrch.o(.text) for _ttywrch
    sys_wrch.o(.text) refers (Special) to use_no_semi.o(.text) for __I$use$semihosting
    sys_wrch.o(.text) refers (Special) to indicate_semi.o(.text) for __semihosting_library_function
    defsig.o(CL$$defsig) refers to defsig_rtmem_inner.o(.text) for __rt_SIGRTMEM_inner
    defsig_abrt_inner.o(.text) refers to defsig_general.o(.text) for __default_signal_display
    defsig_fpe_inner.o(.text) refers to defsig_general.o(.text) for __default_signal_display
    defsig_rtred_inner.o(.text) refers to defsig_general.o(.text) for __default_signal_display
    defsig_stak_inner.o(.text) refers to defsig_general.o(.text) for __default_signal_display
    defsig_pvfn_inner.o(.text) refers to defsig_general.o(.text) for __default_signal_display
    defsig_cppl_inner.o(.text) refers to defsig_general.o(.text) for __default_signal_display
    defsig_segv_inner.o(.text) refers to defsig_general.o(.text) for __default_signal_display
    defsig_other.o(.text) refers to defsig_general.o(.text) for __default_signal_display


==============================================================================

Removing Unused input sections from the image.

    Removing ch375.o(i.CH375FileRead), (24 bytes).
    Removing ch375.o(i.CH375FileWrite), (24 bytes).
    Removing ch375.o(i.CreateFile), (36 bytes).
    Removing ch375.o(i.GetLocat), (4 bytes).
    Removing ch375.o(i.LocatFile), (20 bytes).
    Removing ch375.o(i.WriteFile), (176 bytes).
    Removing ch375.o(i.xReadCH375Cmd), (88 bytes).
    Removing stmflash.o(i.STMFLASH_Read), (34 bytes).
    Removing stmflash.o(i.STMFLASH_ReadHalfWord), (6 bytes).
    Removing stmflash.o(i.STMFLASH_Write), (164 bytes).
    Removing stmflash.o(i.STMFLASH_Write_NoCheck), (38 bytes).
    Removing stmflash.o(i.Test_Write), (16 bytes).
    Removing stmflash.o(.bss), (2048 bytes).
    Removing lcm19264.o(i.lcm_DisplayNoFont), (128 bytes).
    Removing lcm19264.o(.constdata), (776 bytes).
    Removing system_stm32f10x.o(.constdata), (20 bytes).
    Removing core_cm3.o(.emb_text), (32 bytes).
    Removing misc.o(i.NVIC_Init), (112 bytes).
    Removing misc.o(i.NVIC_PriorityGroupConfig), (20 bytes).
    Removing misc.o(i.NVIC_SystemLPConfig), (32 bytes).
    Removing misc.o(i.SysTick_CLKSourceConfig), (40 bytes).
    Removing stm32f10x_flash.o(i.FLASH_ClearFlag), (12 bytes).
    Removing stm32f10x_flash.o(i.FLASH_EnableWriteProtection), (196 bytes).
    Removing stm32f10x_flash.o(i.FLASH_EraseAllPages), (76 bytes).
    Removing stm32f10x_flash.o(i.FLASH_EraseOptionBytes), (160 bytes).
    Removing stm32f10x_flash.o(i.FLASH_GetFlagStatus), (48 bytes).
    Removing stm32f10x_flash.o(i.FLASH_GetPrefetchBufferStatus), (24 bytes).
    Removing stm32f10x_flash.o(i.FLASH_GetReadOutProtectionStatus), (24 bytes).
    Removing stm32f10x_flash.o(i.FLASH_GetUserOptionByte), (12 bytes).
    Removing stm32f10x_flash.o(i.FLASH_GetWriteProtectionOptionByte), (12 bytes).
    Removing stm32f10x_flash.o(i.FLASH_HalfCycleAccessCmd), (28 bytes).
    Removing stm32f10x_flash.o(i.FLASH_ITConfig), (32 bytes).
    Removing stm32f10x_flash.o(i.FLASH_PrefetchBufferCmd), (28 bytes).
    Removing stm32f10x_flash.o(i.FLASH_ProgramOptionByteData), (84 bytes).
    Removing stm32f10x_flash.o(i.FLASH_ProgramWord), (104 bytes).
    Removing stm32f10x_flash.o(i.FLASH_ReadOutProtection), (172 bytes).
    Removing stm32f10x_flash.o(i.FLASH_SetLatency), (24 bytes).
    Removing stm32f10x_flash.o(i.FLASH_UserOptionByteConfig), (108 bytes).
    Removing stm32f10x_gpio.o(i.GPIO_AFIODeInit), (20 bytes).
    Removing stm32f10x_gpio.o(i.GPIO_DeInit), (196 bytes).
    Removing stm32f10x_gpio.o(i.GPIO_EXTILineConfig), (64 bytes).
    Removing stm32f10x_gpio.o(i.GPIO_EventOutputCmd), (12 bytes).
    Removing stm32f10x_gpio.o(i.GPIO_EventOutputConfig), (32 bytes).
    Removing stm32f10x_gpio.o(i.GPIO_PinLockConfig), (18 bytes).
    Removing stm32f10x_gpio.o(i.GPIO_PinRemapConfig), (112 bytes).
    Removing stm32f10x_gpio.o(i.GPIO_ReadOutputData), (8 bytes).
    Removing stm32f10x_gpio.o(i.GPIO_ReadOutputDataBit), (18 bytes).
    Removing stm32f10x_gpio.o(i.GPIO_StructInit), (16 bytes).
    Removing stm32f10x_gpio.o(i.GPIO_WriteBit), (10 bytes).
    Removing stm32f10x_rcc.o(i.RCC_ADCCLKConfig), (24 bytes).
    Removing stm32f10x_rcc.o(i.RCC_AHBPeriphClockCmd), (32 bytes).
    Removing stm32f10x_rcc.o(i.RCC_APB1PeriphClockCmd), (32 bytes).
    Removing stm32f10x_rcc.o(i.RCC_APB1PeriphResetCmd), (32 bytes).
    Removing stm32f10x_rcc.o(i.RCC_APB2PeriphResetCmd), (32 bytes).
    Removing stm32f10x_rcc.o(i.RCC_AdjustHSICalibrationValue), (24 bytes).
    Removing stm32f10x_rcc.o(i.RCC_BackupResetCmd), (12 bytes).
    Removing stm32f10x_rcc.o(i.RCC_ClearFlag), (20 bytes).
    Removing stm32f10x_rcc.o(i.RCC_ClearITPendingBit), (12 bytes).
    Removing stm32f10x_rcc.o(i.RCC_ClockSecuritySystemCmd), (12 bytes).
    Removing stm32f10x_rcc.o(i.RCC_DeInit), (76 bytes).
    Removing stm32f10x_rcc.o(i.RCC_GetFlagStatus), (60 bytes).
    Removing stm32f10x_rcc.o(i.RCC_GetITStatus), (24 bytes).
    Removing stm32f10x_rcc.o(i.RCC_GetSYSCLKSource), (16 bytes).
    Removing stm32f10x_rcc.o(i.RCC_HCLKConfig), (24 bytes).
    Removing stm32f10x_rcc.o(i.RCC_HSEConfig), (76 bytes).
    Removing stm32f10x_rcc.o(i.RCC_HSICmd), (12 bytes).
    Removing stm32f10x_rcc.o(i.RCC_ITConfig), (32 bytes).
    Removing stm32f10x_rcc.o(i.RCC_LSEConfig), (52 bytes).
    Removing stm32f10x_rcc.o(i.RCC_LSICmd), (12 bytes).
    Removing stm32f10x_rcc.o(i.RCC_MCOConfig), (12 bytes).
    Removing stm32f10x_rcc.o(i.RCC_PCLK1Config), (24 bytes).
    Removing stm32f10x_rcc.o(i.RCC_PCLK2Config), (24 bytes).
    Removing stm32f10x_rcc.o(i.RCC_PLLCmd), (12 bytes).
    Removing stm32f10x_rcc.o(i.RCC_PLLConfig), (28 bytes).
    Removing stm32f10x_rcc.o(i.RCC_RTCCLKCmd), (12 bytes).
    Removing stm32f10x_rcc.o(i.RCC_RTCCLKConfig), (16 bytes).
    Removing stm32f10x_rcc.o(i.RCC_SYSCLKConfig), (24 bytes).
    Removing stm32f10x_rcc.o(i.RCC_USBCLKConfig), (12 bytes).
    Removing stm32f10x_rcc.o(i.RCC_WaitForHSEStartUp), (54 bytes).
    Removing stm32f10x_spi.o(i.I2S_Cmd), (24 bytes).
    Removing stm32f10x_spi.o(i.I2S_Init), (210 bytes).
    Removing stm32f10x_spi.o(i.I2S_StructInit), (20 bytes).
    Removing stm32f10x_spi.o(i.SPI_BiDirectionalLineConfig), (28 bytes).
    Removing stm32f10x_spi.o(i.SPI_CalculateCRC), (24 bytes).
    Removing stm32f10x_spi.o(i.SPI_Cmd), (24 bytes).
    Removing stm32f10x_spi.o(i.SPI_DataSizeConfig), (18 bytes).
    Removing stm32f10x_spi.o(i.SPI_GetCRC), (16 bytes).
    Removing stm32f10x_spi.o(i.SPI_GetCRCPolynomial), (6 bytes).
    Removing stm32f10x_spi.o(i.SPI_I2S_ClearFlag), (6 bytes).
    Removing stm32f10x_spi.o(i.SPI_I2S_ClearITPendingBit), (20 bytes).
    Removing stm32f10x_spi.o(i.SPI_I2S_DMACmd), (18 bytes).
    Removing stm32f10x_spi.o(i.SPI_I2S_DeInit), (92 bytes).
    Removing stm32f10x_spi.o(i.SPI_I2S_GetFlagStatus), (18 bytes).
    Removing stm32f10x_spi.o(i.SPI_I2S_GetITStatus), (52 bytes).
    Removing stm32f10x_spi.o(i.SPI_I2S_ITConfig), (32 bytes).
    Removing stm32f10x_spi.o(i.SPI_I2S_ReceiveData), (6 bytes).
    Removing stm32f10x_spi.o(i.SPI_I2S_SendData), (4 bytes).
    Removing stm32f10x_spi.o(i.SPI_Init), (60 bytes).
    Removing stm32f10x_spi.o(i.SPI_NSSInternalSoftwareConfig), (30 bytes).
    Removing stm32f10x_spi.o(i.SPI_SSOutputCmd), (24 bytes).
    Removing stm32f10x_spi.o(i.SPI_StructInit), (24 bytes).
    Removing stm32f10x_spi.o(i.SPI_TransmitCRC), (10 bytes).

102 unused section(s) (total 7088 bytes) removed from the image.

==============================================================================

Image Symbol Table

    Local Symbols

    Symbol Name                              Value     Ov Type        Size  Object(Section)

    ../clib/angel/boardlib.s                 0x00000000   Number         0  boardinit3.o ABSOLUTE
    ../clib/angel/boardlib.s                 0x00000000   Number         0  boardinit2.o ABSOLUTE
    ../clib/angel/boardlib.s                 0x00000000   Number         0  boardinit1.o ABSOLUTE
    ../clib/angel/boardlib.s                 0x00000000   Number         0  boardshut.o ABSOLUTE
    ../clib/angel/handlers.s                 0x00000000   Number         0  __scatter_zi.o ABSOLUTE
    ../clib/angel/handlers.s                 0x00000000   Number         0  __scatter_copy.o ABSOLUTE
    ../clib/angel/kernel.s                   0x00000000   Number         0  rtentry4.o ABSOLUTE
    ../clib/angel/kernel.s                   0x00000000   Number         0  rtentry2.o ABSOLUTE
    ../clib/angel/kernel.s                   0x00000000   Number         0  rtentry.o ABSOLUTE
    ../clib/angel/kernel.s                   0x00000000   Number         0  rtexit2.o ABSOLUTE
    ../clib/angel/kernel.s                   0x00000000   Number         0  rtexit.o ABSOLUTE
    ../clib/angel/rt.s                       0x00000000   Number         0  rt_raise.o ABSOLUTE
    ../clib/angel/scatter.s                  0x00000000   Number         0  __scatter.o ABSOLUTE
    ../clib/angel/startup.s                  0x00000000   Number         0  __main.o ABSOLUTE
    ../clib/angel/sys.s                      0x00000000   Number         0  use_no_semi.o ABSOLUTE
    ../clib/angel/sys.s                      0x00000000   Number         0  sys_stackheap_outer.o ABSOLUTE
    ../clib/angel/sys.s                      0x00000000   Number         0  indicate_semi.o ABSOLUTE
    ../clib/angel/sys.s                      0x00000000   Number         0  libspace.o ABSOLUTE
    ../clib/angel/sysapp.c                   0x00000000   Number         0  sys_command.o ABSOLUTE
    ../clib/angel/sysapp.c                   0x00000000   Number         0  sys_exit.o ABSOLUTE
    ../clib/angel/sysapp.c                   0x00000000   Number         0  sys_wrch.o ABSOLUTE
    ../clib/armsys.c                         0x00000000   Number         0  _get_argv_nomalloc.o ABSOLUTE
    ../clib/armsys.c                         0x00000000   Number         0  no_argv.o ABSOLUTE
    ../clib/armsys.c                         0x00000000   Number         0  argv_veneer.o ABSOLUTE
    ../clib/armsys.c                         0x00000000   Number         0  argv_veneer.o ABSOLUTE
    ../clib/heapalloc.c                      0x00000000   Number         0  hrguard.o ABSOLUTE
    ../clib/heapaux.c                        0x00000000   Number         0  heapauxi.o ABSOLUTE
    ../clib/libinit.s                        0x00000000   Number         0  libshutdown.o ABSOLUTE
    ../clib/libinit.s                        0x00000000   Number         0  libinit.o ABSOLUTE
    ../clib/libinit.s                        0x00000000   Number         0  libinit2.o ABSOLUTE
    ../clib/libinit.s                        0x00000000   Number         0  libshutdown2.o ABSOLUTE
    ../clib/signal.c                         0x00000000   Number         0  defsig_fpe_inner.o ABSOLUTE
    ../clib/signal.c                         0x00000000   Number         0  defsig_rtmem_outer.o ABSOLUTE
    ../clib/signal.c                         0x00000000   Number         0  defsig_rtmem_inner.o ABSOLUTE
    ../clib/signal.c                         0x00000000   Number         0  defsig_other.o ABSOLUTE
    ../clib/signal.c                         0x00000000   Number         0  defsig_segv_inner.o ABSOLUTE
    ../clib/signal.c                         0x00000000   Number         0  defsig_general.o ABSOLUTE
    ../clib/signal.c                         0x00000000   Number         0  __raise.o ABSOLUTE
    ../clib/signal.c                         0x00000000   Number         0  defsig_abrt_inner.o ABSOLUTE
    ../clib/signal.c                         0x00000000   Number         0  defsig_cppl_inner.o ABSOLUTE
    ../clib/signal.c                         0x00000000   Number         0  defsig_pvfn_inner.o ABSOLUTE
    ../clib/signal.c                         0x00000000   Number         0  defsig_rtmem_formal.o ABSOLUTE
    ../clib/signal.c                         0x00000000   Number         0  defsig_stak_inner.o ABSOLUTE
    ../clib/signal.c                         0x00000000   Number         0  defsig_rtred_inner.o ABSOLUTE
    ../clib/signal.c                         0x00000000   Number         0  defsig_exit.o ABSOLUTE
    ../clib/signal.s                         0x00000000   Number         0  defsig.o ABSOLUTE
    ../clib/stdlib.c                         0x00000000   Number         0  exit.o ABSOLUTE
    ../clib/string.c                         0x00000000   Number         0  strcpy.o ABSOLUTE
    ../fplib/fpinit.s                        0x00000000   Number         0  fpinit.o ABSOLUTE
    ..\..\Lib\STM32Lib\StartUp\startup_stm32f10x_hd.s 0x00000000   Number         0  startup_stm32f10x_hd.o ABSOLUTE
    ..\..\Lib\STM32Lib\core_cm3.c            0x00000000   Number         0  core_cm3.o ABSOLUTE
    ..\..\Lib\STM32Lib\misc.c                0x00000000   Number         0  misc.o ABSOLUTE
    ..\..\Lib\STM32Lib\stm32f10x_flash.c     0x00000000   Number         0  stm32f10x_flash.o ABSOLUTE
    ..\..\Lib\STM32Lib\stm32f10x_gpio.c      0x00000000   Number         0  stm32f10x_gpio.o ABSOLUTE
    ..\..\Lib\STM32Lib\stm32f10x_rcc.c       0x00000000   Number         0  stm32f10x_rcc.o ABSOLUTE
    ..\..\Lib\STM32Lib\stm32f10x_spi.c       0x00000000   Number         0  stm32f10x_spi.o ABSOLUTE
    ..\..\Lib\STM32Lib\system_stm32f10x.c    0x00000000   Number         0  system_stm32f10x.o ABSOLUTE
    ..\\..\\Lib\\STM32Lib\\core_cm3.c        0x00000000   Number         0  core_cm3.o ABSOLUTE
    ..\\src\\main.c                          0x00000000   Number         0  main.o ABSOLUTE
    ..\src\RCC.c                             0x00000000   Number         0  rcc.o ABSOLUTE
    ..\src\ch375.c                           0x00000000   Number         0  ch375.o ABSOLUTE
    ..\src\hal.c                             0x00000000   Number         0  hal.o ABSOLUTE
    ..\src\key.c                             0x00000000   Number         0  key.o ABSOLUTE
    ..\src\lcm19264.c                        0x00000000   Number         0  lcm19264.o ABSOLUTE
    ..\src\main.c                            0x00000000   Number         0  main.o ABSOLUTE
    ..\src\stmflash.c                        0x00000000   Number         0  stmflash.o ABSOLUTE
    ..\src\usrkey.c                          0x00000000   Number         0  usrkey.o ABSOLUTE
    CH375MAI.C                               0x00000000   Number         0  CH375MAI.O ABSOLUTE
    CH375SEC.C                               0x00000000   Number         0  CH375SEC.O ABSOLUTE
    dc.s                                     0x00000000   Number         0  dc.o ABSOLUTE
    RESET                                    0x08000000   Section      304  startup_stm32f10x_hd.o(RESET)
    !!!main                                  0x08000130   Section        8  __main.o(!!!main)
    !!!scatter                               0x08000138   Section       52  __scatter.o(!!!scatter)
    !!handler_copy                           0x0800016c   Section       26  __scatter_copy.o(!!handler_copy)
    !!handler_zi                             0x08000188   Section       28  __scatter_zi.o(!!handler_zi)
    .ARM.Collect$$libinit$$00000000          0x080001a4   Section        2  libinit.o(.ARM.Collect$$libinit$$00000000)
    .ARM.Collect$$libinit$$00000002          0x080001a6   Section        0  libinit2.o(.ARM.Collect$$libinit$$00000002)
    .ARM.Collect$$libinit$$00000008          0x080001a6   Section        0  libinit2.o(.ARM.Collect$$libinit$$00000008)
    .ARM.Collect$$libinit$$0000000A          0x080001a6   Section        0  libinit2.o(.ARM.Collect$$libinit$$0000000A)
    .ARM.Collect$$libinit$$0000000C          0x080001a6   Section        0  libinit2.o(.ARM.Collect$$libinit$$0000000C)
    .ARM.Collect$$libinit$$0000000F          0x080001a6   Section        0  libinit2.o(.ARM.Collect$$libinit$$0000000F)
    .ARM.Collect$$libinit$$00000011          0x080001a6   Section        0  libinit2.o(.ARM.Collect$$libinit$$00000011)
    .ARM.Collect$$libinit$$00000013          0x080001a6   Section        0  libinit2.o(.ARM.Collect$$libinit$$00000013)
    .ARM.Collect$$libinit$$00000015          0x080001a6   Section        0  libinit2.o(.ARM.Collect$$libinit$$00000015)
    .ARM.Collect$$libinit$$00000017          0x080001a6   Section        0  libinit2.o(.ARM.Collect$$libinit$$00000017)
    .ARM.Collect$$libinit$$00000019          0x080001a6   Section        0  libinit2.o(.ARM.Collect$$libinit$$00000019)
    .ARM.Collect$$libinit$$0000001B          0x080001a6   Section        0  libinit2.o(.ARM.Collect$$libinit$$0000001B)
    .ARM.Collect$$libinit$$0000001D          0x080001a6   Section        0  libinit2.o(.ARM.Collect$$libinit$$0000001D)
    .ARM.Collect$$libinit$$0000001F          0x080001a6   Section        0  libinit2.o(.ARM.Collect$$libinit$$0000001F)
    .ARM.Collect$$libinit$$00000021          0x080001a6   Section        0  libinit2.o(.ARM.Collect$$libinit$$00000021)
    .ARM.Collect$$libinit$$00000023          0x080001a6   Section        0  libinit2.o(.ARM.Collect$$libinit$$00000023)
    .ARM.Collect$$libinit$$0000002A          0x080001a6   Section        0  libinit2.o(.ARM.Collect$$libinit$$0000002A)
    .ARM.Collect$$libinit$$0000002C          0x080001a6   Section        0  libinit2.o(.ARM.Collect$$libinit$$0000002C)
    .ARM.Collect$$libinit$$0000002E          0x080001a6   Section        0  libinit2.o(.ARM.Collect$$libinit$$0000002E)
    .ARM.Collect$$libinit$$00000030          0x080001a6   Section        0  libinit2.o(.ARM.Collect$$libinit$$00000030)
    .ARM.Collect$$libinit$$00000031          0x080001a6   Section        2  libinit2.o(.ARM.Collect$$libinit$$00000031)
    .ARM.Collect$$libshutdown$$00000000      0x080001a8   Section        2  libshutdown.o(.ARM.Collect$$libshutdown$$00000000)
    .ARM.Collect$$libshutdown$$00000003      0x080001aa   Section        0  libshutdown2.o(.ARM.Collect$$libshutdown$$00000003)
    .ARM.Collect$$libshutdown$$00000006      0x080001aa   Section        0  libshutdown2.o(.ARM.Collect$$libshutdown$$00000006)
    .ARM.Collect$$libshutdown$$00000009      0x080001aa   Section        0  libshutdown2.o(.ARM.Collect$$libshutdown$$00000009)
    .ARM.Collect$$libshutdown$$0000000B      0x080001aa   Section        0  libshutdown2.o(.ARM.Collect$$libshutdown$$0000000B)
    .ARM.Collect$$libshutdown$$0000000E      0x080001aa   Section        0  libshutdown2.o(.ARM.Collect$$libshutdown$$0000000E)
    .ARM.Collect$$libshutdown$$0000000F      0x080001aa   Section        2  libshutdown2.o(.ARM.Collect$$libshutdown$$0000000F)
    .ARM.Collect$$rtentry$$00000000          0x080001ac   Section        0  rtentry.o(.ARM.Collect$$rtentry$$00000000)
    .ARM.Collect$$rtentry$$00000002          0x080001ac   Section        0  rtentry2.o(.ARM.Collect$$rtentry$$00000002)
    .ARM.Collect$$rtentry$$00000004          0x080001ac   Section        6  rtentry4.o(.ARM.Collect$$rtentry$$00000004)
    .ARM.Collect$$rtentry$$00000009          0x080001b2   Section        0  rtentry2.o(.ARM.Collect$$rtentry$$00000009)
    .ARM.Collect$$rtentry$$0000000A          0x080001b2   Section        4  rtentry2.o(.ARM.Collect$$rtentry$$0000000A)
    .ARM.Collect$$rtentry$$0000000C          0x080001b6   Section        0  rtentry2.o(.ARM.Collect$$rtentry$$0000000C)
    .ARM.Collect$$rtentry$$0000000D          0x080001b6   Section        8  rtentry2.o(.ARM.Collect$$rtentry$$0000000D)
    .ARM.Collect$$rtexit$$00000000           0x080001be   Section        2  rtexit.o(.ARM.Collect$$rtexit$$00000000)
    .ARM.Collect$$rtexit$$00000002           0x080001c0   Section        0  rtexit2.o(.ARM.Collect$$rtexit$$00000002)
    .ARM.Collect$$rtexit$$00000003           0x080001c0   Section        4  rtexit2.o(.ARM.Collect$$rtexit$$00000003)
    .ARM.Collect$$rtexit$$00000004           0x080001c4   Section        6  rtexit2.o(.ARM.Collect$$rtexit$$00000004)
    .emb_text                                0x080001cc   Section        6  main.o(.emb_text)
    .text                                    0x080001d4   Section       72  startup_stm32f10x_hd.o(.text)
    .text                                    0x0800021c   Section        0  CH375MAI.O(.text)
    CH375s02                                 0x08000241   Thumb Code    20  CH375MAI.O(.text)
    CH375s45                                 0x080005f5   Thumb Code   100  CH375MAI.O(.text)
    .text                                    0x08002088   Section        0  CH375SEC.O(.text)
    CH375s28                                 0x08002089   Thumb Code    52  CH375SEC.O(.text)
    .text                                    0x08002834   Section        0  strcpy.o(.text)
    .text                                    0x0800287c   Section        0  heapauxi.o(.text)
    .text                                    0x08002882   Section       74  sys_stackheap_outer.o(.text)
    .text                                    0x080028cc   Section        0  exit.o(.text)
    .text                                    0x080028d8   Section        8  libspace.o(.text)
    .text                                    0x080028e0   Section        0  sys_exit.o(.text)
    .text                                    0x080028ec   Section        2  use_no_semi.o(.text)
    .text                                    0x080028ee   Section        0  indicate_semi.o(.text)
    i.CH375LibInit                           0x080028f0   Section        0  ch375.o(i.CH375LibInit)
    i.CH375_Configuration                    0x0800291c   Section        0  ch375.o(i.CH375_Configuration)
    i.ChipHalInit                            0x08002974   Section        0  hal.o(i.ChipHalInit)
    i.ChipOutHalInit                         0x08002984   Section        0  hal.o(i.ChipOutHalInit)
    i.CloseFile                              0x0800298c   Section        0  ch375.o(i.CloseFile)
    i.FLASH_ErasePage                        0x080029a0   Section        0  stm32f10x_flash.o(i.FLASH_ErasePage)
    i.FLASH_GetStatus                        0x080029f0   Section        0  stm32f10x_flash.o(i.FLASH_GetStatus)
    i.FLASH_Lock                             0x08002a24   Section        0  stm32f10x_flash.o(i.FLASH_Lock)
    i.FLASH_ProgramHalfWord                  0x08002a38   Section        0  stm32f10x_flash.o(i.FLASH_ProgramHalfWord)
    i.FLASH_Unlock                           0x08002a7c   Section        0  stm32f10x_flash.o(i.FLASH_Unlock)
    i.FLASH_WaitForLastOperation             0x08002a94   Section        0  stm32f10x_flash.o(i.FLASH_WaitForLastOperation)
    i.GPIO_Init                              0x08002abe   Section        0  stm32f10x_gpio.o(i.GPIO_Init)
    i.GPIO_ReadInputData                     0x08002bd4   Section        0  stm32f10x_gpio.o(i.GPIO_ReadInputData)
    i.GPIO_ReadInputDataBit                  0x08002bdc   Section        0  stm32f10x_gpio.o(i.GPIO_ReadInputDataBit)
    i.GPIO_ResetBits                         0x08002bee   Section        0  stm32f10x_gpio.o(i.GPIO_ResetBits)
    i.GPIO_SetBits                           0x08002bf2   Section        0  stm32f10x_gpio.o(i.GPIO_SetBits)
    i.GPIO_Write                             0x08002bf6   Section        0  stm32f10x_gpio.o(i.GPIO_Write)
    i.GetKeyPressed                          0x08002bfa   Section        0  usrkey.o(i.GetKeyPressed)
    i.Init375                                0x08002c24   Section        0  ch375.o(i.Init375)
    i.InitUDisk                              0x08002c78   Section        0  ch375.o(i.InitUDisk)
    i.Key_Configuration                      0x08002cc4   Section        0  key.o(i.Key_Configuration)
    i.LCM_GET_DATA                           0x08002d50   Section        0  lcm19264.o(i.LCM_GET_DATA)
    i.LCM_SET_DATA                           0x08002d64   Section        0  lcm19264.o(i.LCM_SET_DATA)
    i.LcdSelectL                             0x08002d88   Section        0  lcm19264.o(i.LcdSelectL)
    i.LcdSelectM                             0x08002d9c   Section        0  lcm19264.o(i.LcdSelectM)
    i.LcdSelectR                             0x08002db0   Section        0  lcm19264.o(i.LcdSelectR)
    i.Locatexy                               0x08002dc4   Section        0  lcm19264.o(i.Locatexy)
    i.NVIC_SetVectorTable                    0x08002e08   Section        0  misc.o(i.NVIC_SetVectorTable)
    i.OpenFile                               0x08002e1c   Section        0  ch375.o(i.OpenFile)
    i.PollingKey                             0x08002e7c   Section        0  key.o(i.PollingKey)
    i.RCC_APB2PeriphClockCmd                 0x08002ef0   Section        0  stm32f10x_rcc.o(i.RCC_APB2PeriphClockCmd)
    i.RCC_Configuration                      0x08002f10   Section        0  rcc.o(i.RCC_Configuration)
    i.RCC_GetClocksFreq                      0x08002f24   Section        0  stm32f10x_rcc.o(i.RCC_GetClocksFreq)
    i.ReadBuffer                             0x08002ff8   Section        0  ch375.o(i.ReadBuffer)
    i.ReadFile                               0x08003070   Section        0  ch375.o(i.ReadFile)
    i.ReadSector                             0x08003140   Section        0  ch375.o(i.ReadSector)
    i.SetSysClock                            0x0800316c   Section        0  system_stm32f10x.o(i.SetSysClock)
    SetSysClock                              0x0800316d   Thumb Code     8  system_stm32f10x.o(i.SetSysClock)
    i.SetSysClockTo72                        0x08003174   Section        0  system_stm32f10x.o(i.SetSysClockTo72)
    SetSysClockTo72                          0x08003175   Thumb Code   220  system_stm32f10x.o(i.SetSysClockTo72)
    i.SysTickDelay                           0x08003258   Section        0  rcc.o(i.SysTickDelay)
    i.SystemInit                             0x08003264   Section        0  system_stm32f10x.o(i.SystemInit)
    i.UpdateFirmware                         0x080032b4   Section        0  main.o(i.UpdateFirmware)
    i.Wrcmd                                  0x08003304   Section        0  lcm19264.o(i.Wrcmd)
    i.WrcmdL                                 0x08003344   Section        0  lcm19264.o(i.WrcmdL)
    i.WrcmdM                                 0x08003354   Section        0  lcm19264.o(i.WrcmdM)
    i.WrcmdR                                 0x08003364   Section        0  lcm19264.o(i.WrcmdR)
    i.Wrdat                                  0x08003374   Section        0  lcm19264.o(i.Wrdat)
    i.delay                                  0x080033b4   Section        0  ch375.o(i.delay)
    i.delay                                  0x080033d0   Section        0  stm32f10x_flash.o(i.delay)
    delay                                    0x080033d1   Thumb Code    26  stm32f10x_flash.o(i.delay)
    i.delay_ms                               0x080033ea   Section        0  rcc.o(i.delay_ms)
    i.delay_us                               0x08003422   Section        0  rcc.o(i.delay_us)
    i.iap_load_app                           0x08003458   Section        0  main.o(i.iap_load_app)
    i.kb_GetKey                              0x08003478   Section        0  usrkey.o(i.kb_GetKey)
    i.kb_Init                                0x08003554   Section        0  usrkey.o(i.kb_Init)
    i.key_in                                 0x0800355c   Section        0  key.o(i.key_in)
    i.key_out_all                            0x080035c0   Section        0  key.o(i.key_out_all)
    i.key_out_no                             0x080035e0   Section        0  key.o(i.key_out_no)
    i.keyscan_delay                          0x08003600   Section        0  key.o(i.keyscan_delay)
    keyscan_delay                            0x08003601   Thumb Code    16  key.o(i.keyscan_delay)
    i.lcmDelay                               0x08003610   Section        0  lcm19264.o(i.lcmDelay)
    i.lcm_BackLightCtrl                      0x0800361c   Section        0  lcm19264.o(i.lcm_BackLightCtrl)
    i.lcm_Clr                                0x08003634   Section        0  lcm19264.o(i.lcm_Clr)
    i.lcm_Configuration                      0x08003664   Section        0  lcm19264.o(i.lcm_Configuration)
    i.lcm_DisplayOpen                        0x080036a4   Section        0  lcm19264.o(i.lcm_DisplayOpen)
    i.lcm_Init                               0x080036c8   Section        0  lcm19264.o(i.lcm_Init)
    i.lcm_Putcdot                            0x08003708   Section        0  lcm19264.o(i.lcm_Putcdot)
    i.lcm_Putedot                            0x080037d0   Section        0  lcm19264.o(i.lcm_Putedot)
    i.lcm_Putstr                             0x08003888   Section        0  lcm19264.o(i.lcm_Putstr)
    i.lcm_dat_in                             0x0800392c   Section        0  lcm19264.o(i.lcm_dat_in)
    i.lcm_dat_out                            0x0800393c   Section        0  lcm19264.o(i.lcm_dat_out)
    i.main                                   0x0800394c   Section        0  main.o(i.main)
    i.wtcom                                  0x08003a9c   Section        0  lcm19264.o(i.wtcom)
    i.xDelay100uS                            0x08003ae8   Section        0  ch375.o(i.xDelay100uS)
    i.xDelayAfterWrite                       0x08003af2   Section        0  ch375.o(i.xDelayAfterWrite)
    i.xFileNameEnumer                        0x08003b00   Section        0  ch375.o(i.xFileNameEnumer)
    i.xQueryInterrupt                        0x08003b04   Section        0  ch375.o(i.xQueryInterrupt)
    i.xReadCH375Data                         0x08003b50   Section        0  ch375.o(i.xReadCH375Data)
    i.xReadFromExtBuf                        0x08003ba4   Section        0  ch375.o(i.xReadFromExtBuf)
    i.xWriteCH375Cmd                         0x08003bac   Section        0  ch375.o(i.xWriteCH375Cmd)
    i.xWriteCH375Data                        0x08003c00   Section        0  ch375.o(i.xWriteCH375Data)
    i.xWriteToExtBuf                         0x08003c54   Section        0  ch375.o(i.xWriteToExtBuf)
    .constdata                               0x08003c5a   Section       17  usrkey.o(.constdata)
    .data                                    0x20000000   Section        4  ch375.o(.data)
    File_Size                                0x20000000   Data           4  ch375.o(.data)
    .data                                    0x20000004   Section        9  usrkey.o(.data)
    New_Key                                  0x20000004   Data           2  usrkey.o(.data)
    Old_Key                                  0x20000006   Data           2  usrkey.o(.data)
    dwKeyPressCount                          0x20000008   Data           4  usrkey.o(.data)
    byKeyPressed                             0x2000000c   Data           1  usrkey.o(.data)
    .data                                    0x2000000d   Section       20  stm32f10x_rcc.o(.data)
    APBAHBPrescTable                         0x2000000d   Data          16  stm32f10x_rcc.o(.data)
    ADCPrescTable                            0x2000001d   Data           4  stm32f10x_rcc.o(.data)
    .data                                    0x20000024   Section       97  CH375MAI.O(.data)
    .bss                                     0x20000088   Section     2048  main.o(.bss)
    .bss                                     0x20000888   Section       20  rcc.o(.bss)
    .bss                                     0x200008a0   Section     4148  ch375.o(.bss)
    .bss                                     0x200018d4   Section       96  libspace.o(.bss)
    HEAP                                     0x20001938   Section        0  startup_stm32f10x_hd.o(HEAP)
    STACK                                    0x20001938   Section     2048  startup_stm32f10x_hd.o(STACK)
    Heap_Mem                                 0x20001938   Data           0  startup_stm32f10x_hd.o(HEAP)
    Stack_Mem                                0x20001938   Data        2048  startup_stm32f10x_hd.o(STACK)
    __initial_sp                             0x20002138   Data           0  startup_stm32f10x_hd.o(STACK)

    Global Symbols

    Symbol Name                              Value     Ov Type        Size  Object(Section)

    BuildAttributes$$THM_ISAv4$P$D$K$B$S$PE$A:L22UL41UL21$X:L11$S22US41US21$IEEE1$IW$USESV6$~STKCKD$USESV7$~SHL$OSPACE$ROPI$EBA8$UX$STANDARDLIB$REQ8$PRES8$EABIv2 0x00000000   Number         0  anon$$obj.o ABSOLUTE
    __ARM_use_no_argv                        0x00000000   Number         0  main.o ABSOLUTE
    __ARM_exceptions_init                     - Undefined Weak Reference
    __alloca_initialize                       - Undefined Weak Reference
    __cpp_initialize__aeabi_                  - Undefined Weak Reference
    __cxa_finalize                            - Undefined Weak Reference
    __rt_locale                               - Undefined Weak Reference
    __sigvec_lookup                           - Undefined Weak Reference
    _atexit_init                              - Undefined Weak Reference
    _call_atexit_fns                          - Undefined Weak Reference
    _clock_init                               - Undefined Weak Reference
    _fp_trap_init                             - Undefined Weak Reference
    _fp_trap_shutdown                         - Undefined Weak Reference
    _get_lc_collate                           - Undefined Weak Reference
    _get_lc_ctype                             - Undefined Weak Reference
    _get_lc_monetary                          - Undefined Weak Reference
    _get_lc_numeric                           - Undefined Weak Reference
    _get_lc_time                              - Undefined Weak Reference
    _getenv_init                              - Undefined Weak Reference
    _handle_redirection                       - Undefined Weak Reference
    _init_alloc                               - Undefined Weak Reference
    _init_user_alloc                          - Undefined Weak Reference
    _initio                                   - Undefined Weak Reference
    _rand_init                                - Undefined Weak Reference
    _signal_finish                            - Undefined Weak Reference
    _signal_init                              - Undefined Weak Reference
    _terminate_alloc                          - Undefined Weak Reference
    _terminate_user_alloc                     - Undefined Weak Reference
    _terminateio                              - Undefined Weak Reference
    __Vectors_Size                           0x00000130   Number         0  startup_stm32f10x_hd.o ABSOLUTE
    __Vectors                                0x08000000   Data           4  startup_stm32f10x_hd.o(RESET)
    __Vectors_End                            0x08000130   Data           0  startup_stm32f10x_hd.o(RESET)
    __main                                   0x08000131   Thumb Code     8  __main.o(!!!main)
    __scatterload                            0x08000139   Thumb Code     0  __scatter.o(!!!scatter)
    __scatterload_rt2                        0x08000139   Thumb Code    44  __scatter.o(!!!scatter)
    __scatterload_rt2_thumb_only             0x08000139   Thumb Code     0  __scatter.o(!!!scatter)
    __scatterload_null                       0x08000147   Thumb Code     0  __scatter.o(!!!scatter)
    __scatterload_copy                       0x0800016d   Thumb Code    26  __scatter_copy.o(!!handler_copy)
    __scatterload_zeroinit                   0x08000189   Thumb Code    28  __scatter_zi.o(!!handler_zi)
    __rt_lib_init                            0x080001a5   Thumb Code     0  libinit.o(.ARM.Collect$$libinit$$00000000)
    __rt_lib_init_alloca_1                   0x080001a7   Thumb Code     0  libinit2.o(.ARM.Collect$$libinit$$0000002C)
    __rt_lib_init_argv_1                     0x080001a7   Thumb Code     0  libinit2.o(.ARM.Collect$$libinit$$0000002A)
    __rt_lib_init_atexit_1                   0x080001a7   Thumb Code     0  libinit2.o(.ARM.Collect$$libinit$$00000019)
    __rt_lib_init_clock_1                    0x080001a7   Thumb Code     0  libinit2.o(.ARM.Collect$$libinit$$0000001F)
    __rt_lib_init_cpp_1                      0x080001a7   Thumb Code     0  libinit2.o(.ARM.Collect$$libinit$$00000030)
    __rt_lib_init_exceptions_1               0x080001a7   Thumb Code     0  libinit2.o(.ARM.Collect$$libinit$$0000002E)
    __rt_lib_init_fp_1                       0x080001a7   Thumb Code     0  libinit2.o(.ARM.Collect$$libinit$$00000002)
    __rt_lib_init_fp_trap_1                  0x080001a7   Thumb Code     0  libinit2.o(.ARM.Collect$$libinit$$0000001D)
    __rt_lib_init_getenv_1                   0x080001a7   Thumb Code     0  libinit2.o(.ARM.Collect$$libinit$$00000021)
    __rt_lib_init_heap_1                     0x080001a7   Thumb Code     0  libinit2.o(.ARM.Collect$$libinit$$00000008)
    __rt_lib_init_lc_collate_1               0x080001a7   Thumb Code     0  libinit2.o(.ARM.Collect$$libinit$$0000000F)
    __rt_lib_init_lc_ctype_1                 0x080001a7   Thumb Code     0  libinit2.o(.ARM.Collect$$libinit$$00000011)
    __rt_lib_init_lc_monetary_1              0x080001a7   Thumb Code     0  libinit2.o(.ARM.Collect$$libinit$$00000013)
    __rt_lib_init_lc_numeric_1               0x080001a7   Thumb Code     0  libinit2.o(.ARM.Collect$$libinit$$00000015)
    __rt_lib_init_lc_time_1                  0x080001a7   Thumb Code     0  libinit2.o(.ARM.Collect$$libinit$$00000017)
    __rt_lib_init_rand_1                     0x080001a7   Thumb Code     0  libinit2.o(.ARM.Collect$$libinit$$0000000C)
    __rt_lib_init_return                     0x080001a7   Thumb Code     0  libinit2.o(.ARM.Collect$$libinit$$00000031)
    __rt_lib_init_signal_1                   0x080001a7   Thumb Code     0  libinit2.o(.ARM.Collect$$libinit$$0000001B)
    __rt_lib_init_stdio_1                    0x080001a7   Thumb Code     0  libinit2.o(.ARM.Collect$$libinit$$00000023)
    __rt_lib_init_user_alloc_1               0x080001a7   Thumb Code     0  libinit2.o(.ARM.Collect$$libinit$$0000000A)
    __rt_lib_shutdown                        0x080001a9   Thumb Code     0  libshutdown.o(.ARM.Collect$$libshutdown$$00000000)
    __rt_lib_shutdown_fp_trap_1              0x080001ab   Thumb Code     0  libshutdown2.o(.ARM.Collect$$libshutdown$$00000006)
    __rt_lib_shutdown_heap_1                 0x080001ab   Thumb Code     0  libshutdown2.o(.ARM.Collect$$libshutdown$$0000000E)
    __rt_lib_shutdown_return                 0x080001ab   Thumb Code     0  libshutdown2.o(.ARM.Collect$$libshutdown$$0000000F)
    __rt_lib_shutdown_signal_1               0x080001ab   Thumb Code     0  libshutdown2.o(.ARM.Collect$$libshutdown$$00000009)
    __rt_lib_shutdown_stdio_1                0x080001ab   Thumb Code     0  libshutdown2.o(.ARM.Collect$$libshutdown$$00000003)
    __rt_lib_shutdown_user_alloc_1           0x080001ab   Thumb Code     0  libshutdown2.o(.ARM.Collect$$libshutdown$$0000000B)
    __rt_entry                               0x080001ad   Thumb Code     0  rtentry.o(.ARM.Collect$$rtentry$$00000000)
    __rt_entry_presh_1                       0x080001ad   Thumb Code     0  rtentry2.o(.ARM.Collect$$rtentry$$00000002)
    __rt_entry_sh                            0x080001ad   Thumb Code     0  rtentry4.o(.ARM.Collect$$rtentry$$00000004)
    __rt_entry_li                            0x080001b3   Thumb Code     0  rtentry2.o(.ARM.Collect$$rtentry$$0000000A)
    __rt_entry_postsh_1                      0x080001b3   Thumb Code     0  rtentry2.o(.ARM.Collect$$rtentry$$00000009)
    __rt_entry_main                          0x080001b7   Thumb Code     0  rtentry2.o(.ARM.Collect$$rtentry$$0000000D)
    __rt_entry_postli_1                      0x080001b7   Thumb Code     0  rtentry2.o(.ARM.Collect$$rtentry$$0000000C)
    __rt_exit                                0x080001bf   Thumb Code     0  rtexit.o(.ARM.Collect$$rtexit$$00000000)
    __rt_exit_ls                             0x080001c1   Thumb Code     0  rtexit2.o(.ARM.Collect$$rtexit$$00000003)
    __rt_exit_prels_1                        0x080001c1   Thumb Code     0  rtexit2.o(.ARM.Collect$$rtexit$$00000002)
    __rt_exit_exit                           0x080001c5   Thumb Code     0  rtexit2.o(.ARM.Collect$$rtexit$$00000004)
    MSR_MSP                                  0x080001cd   Thumb Code     6  main.o(.emb_text)
    SystemInit_ExtMemCtl                     0x080001d5   Thumb Code     2  startup_stm32f10x_hd.o(.text)
    Reset_Handler                            0x080001d7   Thumb Code    14  startup_stm32f10x_hd.o(.text)
    NMI_Handler                              0x080001e5   Thumb Code     2  startup_stm32f10x_hd.o(.text)
    HardFault_Handler                        0x080001e7   Thumb Code     2  startup_stm32f10x_hd.o(.text)
    MemManage_Handler                        0x080001e9   Thumb Code     2  startup_stm32f10x_hd.o(.text)
    BusFault_Handler                         0x080001eb   Thumb Code     2  startup_stm32f10x_hd.o(.text)
    UsageFault_Handler                       0x080001ed   Thumb Code     2  startup_stm32f10x_hd.o(.text)
    SVC_Handler                              0x080001ef   Thumb Code     2  startup_stm32f10x_hd.o(.text)
    DebugMon_Handler                         0x080001f1   Thumb Code     2  startup_stm32f10x_hd.o(.text)
    PendSV_Handler                           0x080001f3   Thumb Code     2  startup_stm32f10x_hd.o(.text)
    SysTick_Handler                          0x080001f5   Thumb Code     2  startup_stm32f10x_hd.o(.text)
    ADC1_2_IRQHandler                        0x080001f7   Thumb Code     0  startup_stm32f10x_hd.o(.text)
    ADC3_IRQHandler                          0x080001f7   Thumb Code     0  startup_stm32f10x_hd.o(.text)
    CAN1_RX1_IRQHandler                      0x080001f7   Thumb Code     0  startup_stm32f10x_hd.o(.text)
    CAN1_SCE_IRQHandler                      0x080001f7   Thumb Code     0  startup_stm32f10x_hd.o(.text)
    DMA1_Channel1_IRQHandler                 0x080001f7   Thumb Code     0  startup_stm32f10x_hd.o(.text)
    DMA1_Channel2_IRQHandler                 0x080001f7   Thumb Code     0  startup_stm32f10x_hd.o(.text)
    DMA1_Channel3_IRQHandler                 0x080001f7   Thumb Code     0  startup_stm32f10x_hd.o(.text)
    DMA1_Channel4_IRQHandler                 0x080001f7   Thumb Code     0  startup_stm32f10x_hd.o(.text)
    DMA1_Channel5_IRQHandler                 0x080001f7   Thumb Code     0  startup_stm32f10x_hd.o(.text)
    DMA1_Channel6_IRQHandler                 0x080001f7   Thumb Code     0  startup_stm32f10x_hd.o(.text)
    DMA1_Channel7_IRQHandler                 0x080001f7   Thumb Code     0  startup_stm32f10x_hd.o(.text)
    DMA2_Channel1_IRQHandler                 0x080001f7   Thumb Code     0  startup_stm32f10x_hd.o(.text)
    DMA2_Channel2_IRQHandler                 0x080001f7   Thumb Code     0  startup_stm32f10x_hd.o(.text)
    DMA2_Channel3_IRQHandler                 0x080001f7   Thumb Code     0  startup_stm32f10x_hd.o(.text)
    DMA2_Channel4_5_IRQHandler               0x080001f7   Thumb Code     0  startup_stm32f10x_hd.o(.text)
    EXTI0_IRQHandler                         0x080001f7   Thumb Code     0  startup_stm32f10x_hd.o(.text)
    EXTI15_10_IRQHandler                     0x080001f7   Thumb Code     0  startup_stm32f10x_hd.o(.text)
    EXTI1_IRQHandler                         0x080001f7   Thumb Code     0  startup_stm32f10x_hd.o(.text)
    EXTI2_IRQHandler                         0x080001f7   Thumb Code     0  startup_stm32f10x_hd.o(.text)
    EXTI3_IRQHandler                         0x080001f7   Thumb Code     0  startup_stm32f10x_hd.o(.text)
    EXTI4_IRQHandler                         0x080001f7   Thumb Code     0  startup_stm32f10x_hd.o(.text)
    EXTI9_5_IRQHandler                       0x080001f7   Thumb Code     0  startup_stm32f10x_hd.o(.text)
    FLASH_IRQHandler                         0x080001f7   Thumb Code     0  startup_stm32f10x_hd.o(.text)
    FSMC_IRQHandler                          0x080001f7   Thumb Code     0  startup_stm32f10x_hd.o(.text)
    I2C1_ER_IRQHandler                       0x080001f7   Thumb Code     0  startup_stm32f10x_hd.o(.text)
    I2C1_EV_IRQHandler                       0x080001f7   Thumb Code     0  startup_stm32f10x_hd.o(.text)
    I2C2_ER_IRQHandler                       0x080001f7   Thumb Code     0  startup_stm32f10x_hd.o(.text)
    I2C2_EV_IRQHandler                       0x080001f7   Thumb Code     0  startup_stm32f10x_hd.o(.text)
    PVD_IRQHandler                           0x080001f7   Thumb Code     0  startup_stm32f10x_hd.o(.text)
    RCC_IRQHandler                           0x080001f7   Thumb Code     0  startup_stm32f10x_hd.o(.text)
    RTCAlarm_IRQHandler                      0x080001f7   Thumb Code     0  startup_stm32f10x_hd.o(.text)
    RTC_IRQHandler                           0x080001f7   Thumb Code     0  startup_stm32f10x_hd.o(.text)
    SDIO_IRQHandler                          0x080001f7   Thumb Code     0  startup_stm32f10x_hd.o(.text)
    SPI1_IRQHandler                          0x080001f7   Thumb Code     0  startup_stm32f10x_hd.o(.text)
    SPI2_IRQHandler                          0x080001f7   Thumb Code     0  startup_stm32f10x_hd.o(.text)
    SPI3_IRQHandler                          0x080001f7   Thumb Code     0  startup_stm32f10x_hd.o(.text)
    TAMPER_IRQHandler                        0x080001f7   Thumb Code     0  startup_stm32f10x_hd.o(.text)
    TIM1_BRK_IRQHandler                      0x080001f7   Thumb Code     0  startup_stm32f10x_hd.o(.text)
    TIM1_CC_IRQHandler                       0x080001f7   Thumb Code     0  startup_stm32f10x_hd.o(.text)
    TIM1_TRG_COM_IRQHandler                  0x080001f7   Thumb Code     0  startup_stm32f10x_hd.o(.text)
    TIM1_UP_IRQHandler                       0x080001f7   Thumb Code     0  startup_stm32f10x_hd.o(.text)
    TIM2_IRQHandler                          0x080001f7   Thumb Code     0  startup_stm32f10x_hd.o(.text)
    TIM3_IRQHandler                          0x080001f7   Thumb Code     0  startup_stm32f10x_hd.o(.text)
    TIM4_IRQHandler                          0x080001f7   Thumb Code     0  startup_stm32f10x_hd.o(.text)
    TIM5_IRQHandler                          0x080001f7   Thumb Code     0  startup_stm32f10x_hd.o(.text)
    TIM6_IRQHandler                          0x080001f7   Thumb Code     0  startup_stm32f10x_hd.o(.text)
    TIM7_IRQHandler                          0x080001f7   Thumb Code     0  startup_stm32f10x_hd.o(.text)
    TIM8_BRK_IRQHandler                      0x080001f7   Thumb Code     0  startup_stm32f10x_hd.o(.text)
    TIM8_CC_IRQHandler                       0x080001f7   Thumb Code     0  startup_stm32f10x_hd.o(.text)
    TIM8_TRG_COM_IRQHandler                  0x080001f7   Thumb Code     0  startup_stm32f10x_hd.o(.text)
    TIM8_UP_IRQHandler                       0x080001f7   Thumb Code     0  startup_stm32f10x_hd.o(.text)
    UART4_IRQHandler                         0x080001f7   Thumb Code     0  startup_stm32f10x_hd.o(.text)
    UART5_IRQHandler                         0x080001f7   Thumb Code     0  startup_stm32f10x_hd.o(.text)
    USART1_IRQHandler                        0x080001f7   Thumb Code     0  startup_stm32f10x_hd.o(.text)
    USART2_IRQHandler                        0x080001f7   Thumb Code     0  startup_stm32f10x_hd.o(.text)
    USART3_IRQHandler                        0x080001f7   Thumb Code     0  startup_stm32f10x_hd.o(.text)
    USBWakeUp_IRQHandler                     0x080001f7   Thumb Code     0  startup_stm32f10x_hd.o(.text)
    USB_HP_CAN1_TX_IRQHandler                0x080001f7   Thumb Code     0  startup_stm32f10x_hd.o(.text)
    USB_LP_CAN1_RX0_IRQHandler               0x080001f7   Thumb Code     0  startup_stm32f10x_hd.o(.text)
    WWDG_IRQHandler                          0x080001f7   Thumb Code     0  startup_stm32f10x_hd.o(.text)
    __user_initial_stackheap                 0x080001f9   Thumb Code     0  startup_stm32f10x_hd.o(.text)
    CH375GetVer                              0x0800021d   Thumb Code     4  CH375MAI.O(.text)
    CH375s01                                 0x08000221   Thumb Code    32  CH375MAI.O(.text)
    CH375s17                                 0x08000255   Thumb Code    44  CH375MAI.O(.text)
    CH375s18                                 0x08000281   Thumb Code    46  CH375MAI.O(.text)
    CH375DirtyBuffer                         0x080002af   Thumb Code    16  CH375MAI.O(.text)
    CH375s42                                 0x080002bf   Thumb Code    16  CH375MAI.O(.text)
    CH375s49                                 0x080002cf   Thumb Code    42  CH375MAI.O(.text)
    CH375s40                                 0x080002f9   Thumb Code    28  CH375MAI.O(.text)
    CH375DiskConnect                         0x08000315   Thumb Code    70  CH375MAI.O(.text)
    CH375s05                                 0x0800035b   Thumb Code    50  CH375MAI.O(.text)
    CH375Reset                               0x0800038d   Thumb Code    52  CH375MAI.O(.text)
    CH375s43                                 0x080003c1   Thumb Code    26  CH375MAI.O(.text)
    CH375Init                                0x080003db   Thumb Code   186  CH375MAI.O(.text)
    CH375s13                                 0x08000495   Thumb Code   142  CH375MAI.O(.text)
    CH375s44                                 0x08000523   Thumb Code    50  CH375MAI.O(.text)
    CH375s41                                 0x08000555   Thumb Code    26  CH375MAI.O(.text)
    CH375s23                                 0x0800056f   Thumb Code   102  CH375MAI.O(.text)
    CH375s24                                 0x080005d5   Thumb Code    32  CH375MAI.O(.text)
    CH375s47                                 0x08000659   Thumb Code   552  CH375MAI.O(.text)
    CH375s06                                 0x08000881   Thumb Code   280  CH375MAI.O(.text)
    CH375s07                                 0x08000999   Thumb Code   332  CH375MAI.O(.text)
    CH375s25                                 0x08000ae5   Thumb Code   208  CH375MAI.O(.text)
    CH375s08                                 0x08000bb5   Thumb Code   740  CH375MAI.O(.text)
    CH375s09                                 0x08000e99   Thumb Code    84  CH375MAI.O(.text)
    CH375s10                                 0x08000eed   Thumb Code   694  CH375MAI.O(.text)
    CH375s48                                 0x080011a3   Thumb Code   426  CH375MAI.O(.text)
    CH375s11                                 0x0800134d   Thumb Code    28  CH375MAI.O(.text)
    CH375s12                                 0x08001369   Thumb Code    74  CH375MAI.O(.text)
    CH375FileOpen                            0x080013b3   Thumb Code  1358  CH375MAI.O(.text)
    CH375s15                                 0x08001901   Thumb Code    70  CH375MAI.O(.text)
    CH375FileClose                           0x08001947   Thumb Code   124  CH375MAI.O(.text)
    CH375FileErase                           0x080019c3   Thumb Code   184  CH375MAI.O(.text)
    CH375s14                                 0x08001a7b   Thumb Code    30  CH375MAI.O(.text)
    CH375FileCreate                          0x08001a99   Thumb Code   834  CH375MAI.O(.text)
    CH375FileModify                          0x08001ddb   Thumb Code   214  CH375MAI.O(.text)
    CH375DiskReady                           0x08001eb1   Thumb Code   110  CH375MAI.O(.text)
    CH375s19                                 0x08001f1f   Thumb Code   212  CH375MAI.O(.text)
    CH375s20                                 0x08001ff3   Thumb Code   118  CH375MAI.O(.text)
    CH375ReadBlock                           0x080020bd   Thumb Code   368  CH375SEC.O(.text)
    CH375WriteBlock                          0x0800222d   Thumb Code   426  CH375SEC.O(.text)
    CH375FileLocate                          0x080023d7   Thumb Code    64  CH375SEC.O(.text)
    CH375FileReadX                           0x08002417   Thumb Code   432  CH375SEC.O(.text)
    CH375FileWriteX                          0x080025c7   Thumb Code   552  CH375SEC.O(.text)
    strcpy                                   0x08002835   Thumb Code    72  strcpy.o(.text)
    __use_two_region_memory                  0x0800287d   Thumb Code     2  heapauxi.o(.text)
    __rt_heap_escrow$2region                 0x0800287f   Thumb Code     2  heapauxi.o(.text)
    __rt_heap_expand$2region                 0x08002881   Thumb Code     2  heapauxi.o(.text)
    __user_setup_stackheap                   0x08002883   Thumb Code    74  sys_stackheap_outer.o(.text)
    exit                                     0x080028cd   Thumb Code    12  exit.o(.text)
    __user_libspace                          0x080028d9   Thumb Code     8  libspace.o(.text)
    __user_perproc_libspace                  0x080028d9   Thumb Code     0  libspace.o(.text)
    __user_perthread_libspace                0x080028d9   Thumb Code     0  libspace.o(.text)
    _sys_exit                                0x080028e1   Thumb Code     8  sys_exit.o(.text)
    __I$use$semihosting                      0x080028ed   Thumb Code     0  use_no_semi.o(.text)
    __use_no_semihosting_swi                 0x080028ed   Thumb Code     2  use_no_semi.o(.text)
    __semihosting_library_function           0x080028ef   Thumb Code     0  indicate_semi.o(.text)
    CH375LibInit                             0x080028f1   Thumb Code    32  ch375.o(i.CH375LibInit)
    CH375_Configuration                      0x0800291d   Thumb Code    78  ch375.o(i.CH375_Configuration)
    ChipHalInit                              0x08002975   Thumb Code    16  hal.o(i.ChipHalInit)
    ChipOutHalInit                           0x08002985   Thumb Code     8  hal.o(i.ChipOutHalInit)
    CloseFile                                0x0800298d   Thumb Code    14  ch375.o(i.CloseFile)
    FLASH_ErasePage                          0x080029a1   Thumb Code    76  stm32f10x_flash.o(i.FLASH_ErasePage)
    FLASH_GetStatus                          0x080029f1   Thumb Code    48  stm32f10x_flash.o(i.FLASH_GetStatus)
    FLASH_Lock                               0x08002a25   Thumb Code    14  stm32f10x_flash.o(i.FLASH_Lock)
    FLASH_ProgramHalfWord                    0x08002a39   Thumb Code    64  stm32f10x_flash.o(i.FLASH_ProgramHalfWord)
    FLASH_Unlock                             0x08002a7d   Thumb Code    12  stm32f10x_flash.o(i.FLASH_Unlock)
    FLASH_WaitForLastOperation               0x08002a95   Thumb Code    42  stm32f10x_flash.o(i.FLASH_WaitForLastOperation)
    GPIO_Init                                0x08002abf   Thumb Code   278  stm32f10x_gpio.o(i.GPIO_Init)
    GPIO_ReadInputData                       0x08002bd5   Thumb Code     8  stm32f10x_gpio.o(i.GPIO_ReadInputData)
    GPIO_ReadInputDataBit                    0x08002bdd   Thumb Code    18  stm32f10x_gpio.o(i.GPIO_ReadInputDataBit)
    GPIO_ResetBits                           0x08002bef   Thumb Code     4  stm32f10x_gpio.o(i.GPIO_ResetBits)
    GPIO_SetBits                             0x08002bf3   Thumb Code     4  stm32f10x_gpio.o(i.GPIO_SetBits)
    GPIO_Write                               0x08002bf7   Thumb Code     4  stm32f10x_gpio.o(i.GPIO_Write)
    GetKeyPressed                            0x08002bfb   Thumb Code    40  usrkey.o(i.GetKeyPressed)
    Init375                                  0x08002c25   Thumb Code    76  ch375.o(i.Init375)
    InitUDisk                                0x08002c79   Thumb Code    72  ch375.o(i.InitUDisk)
    Key_Configuration                        0x08002cc5   Thumb Code   126  key.o(i.Key_Configuration)
    LCM_GET_DATA                             0x08002d51   Thumb Code    14  lcm19264.o(i.LCM_GET_DATA)
    LCM_SET_DATA                             0x08002d65   Thumb Code    30  lcm19264.o(i.LCM_SET_DATA)
    LcdSelectL                               0x08002d89   Thumb Code    14  lcm19264.o(i.LcdSelectL)
    LcdSelectM                               0x08002d9d   Thumb Code    16  lcm19264.o(i.LcdSelectM)
    LcdSelectR                               0x08002db1   Thumb Code    16  lcm19264.o(i.LcdSelectR)
    Locatexy                                 0x08002dc5   Thumb Code    66  lcm19264.o(i.Locatexy)
    NVIC_SetVectorTable                      0x08002e09   Thumb Code    12  misc.o(i.NVIC_SetVectorTable)
    OpenFile                                 0x08002e1d   Thumb Code    74  ch375.o(i.OpenFile)
    PollingKey                               0x08002e7d   Thumb Code   106  key.o(i.PollingKey)
    RCC_APB2PeriphClockCmd                   0x08002ef1   Thumb Code    26  stm32f10x_rcc.o(i.RCC_APB2PeriphClockCmd)
    RCC_Configuration                        0x08002f11   Thumb Code    14  rcc.o(i.RCC_Configuration)
    RCC_GetClocksFreq                        0x08002f25   Thumb Code   192  stm32f10x_rcc.o(i.RCC_GetClocksFreq)
    ReadBuffer                               0x08002ff9   Thumb Code   110  ch375.o(i.ReadBuffer)
    ReadFile                                 0x08003071   Thumb Code   190  ch375.o(i.ReadFile)
    ReadSector                               0x08003141   Thumb Code    38  ch375.o(i.ReadSector)
    SysTickDelay                             0x08003259   Thumb Code    12  rcc.o(i.SysTickDelay)
    SystemInit                               0x08003265   Thumb Code    68  system_stm32f10x.o(i.SystemInit)
    UpdateFirmware                           0x080032b5   Thumb Code    70  main.o(i.UpdateFirmware)
    Wrcmd                                    0x08003305   Thumb Code    58  lcm19264.o(i.Wrcmd)
    WrcmdL                                   0x08003345   Thumb Code    16  lcm19264.o(i.WrcmdL)
    WrcmdM                                   0x08003355   Thumb Code    16  lcm19264.o(i.WrcmdM)
    WrcmdR                                   0x08003365   Thumb Code    16  lcm19264.o(i.WrcmdR)
    Wrdat                                    0x08003375   Thumb Code    60  lcm19264.o(i.Wrdat)
    delay                                    0x080033b5   Thumb Code    28  ch375.o(i.delay)
    delay_ms                                 0x080033eb   Thumb Code    56  rcc.o(i.delay_ms)
    delay_us                                 0x08003423   Thumb Code    54  rcc.o(i.delay_us)
    iap_load_app                             0x08003459   Thumb Code    28  main.o(i.iap_load_app)
    kb_GetKey                                0x08003479   Thumb Code   200  usrkey.o(i.kb_GetKey)
    kb_Init                                  0x08003555   Thumb Code     8  usrkey.o(i.kb_Init)
    key_in                                   0x0800355d   Thumb Code    92  key.o(i.key_in)
    key_out_all                              0x080035c1   Thumb Code    22  key.o(i.key_out_all)
    key_out_no                               0x080035e1   Thumb Code    22  key.o(i.key_out_no)
    lcmDelay                                 0x08003611   Thumb Code    12  lcm19264.o(i.lcmDelay)
    lcm_BackLightCtrl                        0x0800361d   Thumb Code    20  lcm19264.o(i.lcm_BackLightCtrl)
    lcm_Clr                                  0x08003635   Thumb Code    48  lcm19264.o(i.lcm_Clr)
    lcm_Configuration                        0x08003665   Thumb Code    54  lcm19264.o(i.lcm_Configuration)
    lcm_DisplayOpen                          0x080036a5   Thumb Code    34  lcm19264.o(i.lcm_DisplayOpen)
    lcm_Init                                 0x080036c9   Thumb Code    58  lcm19264.o(i.lcm_Init)
    lcm_Putcdot                              0x08003709   Thumb Code   194  lcm19264.o(i.lcm_Putcdot)
    lcm_Putedot                              0x080037d1   Thumb Code   178  lcm19264.o(i.lcm_Putedot)
    lcm_Putstr                               0x08003889   Thumb Code   164  lcm19264.o(i.lcm_Putstr)
    lcm_dat_in                               0x0800392d   Thumb Code    10  lcm19264.o(i.lcm_dat_in)
    lcm_dat_out                              0x0800393d   Thumb Code    10  lcm19264.o(i.lcm_dat_out)
    main                                     0x0800394d   Thumb Code   202  main.o(i.main)
    wtcom                                    0x08003a9d   Thumb Code    70  lcm19264.o(i.wtcom)
    xDelay100uS                              0x08003ae9   Thumb Code    10  ch375.o(i.xDelay100uS)
    xDelayAfterWrite                         0x08003af3   Thumb Code    14  ch375.o(i.xDelayAfterWrite)
    xFileNameEnumer                          0x08003b01   Thumb Code     2  ch375.o(i.xFileNameEnumer)
    xQueryInterrupt                          0x08003b05   Thumb Code    62  ch375.o(i.xQueryInterrupt)
    xReadCH375Data                           0x08003b51   Thumb Code    70  ch375.o(i.xReadCH375Data)
    xReadFromExtBuf                          0x08003ba5   Thumb Code     6  ch375.o(i.xReadFromExtBuf)
    xWriteCH375Cmd                           0x08003bad   Thumb Code    72  ch375.o(i.xWriteCH375Cmd)
    xWriteCH375Data                          0x08003c01   Thumb Code    72  ch375.o(i.xWriteCH375Data)
    xWriteToExtBuf                           0x08003c55   Thumb Code     6  ch375.o(i.xWriteToExtBuf)
    Key_tran                                 0x08003c5a   Data          17  usrkey.o(.constdata)
    Region$$Table$$Base                      0x08003c6c   Number         0  anon$$obj.o(Region$$Table)
    Region$$Table$$Limit                     0x08003c8c   Number         0  anon$$obj.o(Region$$Table)
    CH375IntStatus                           0x20000024   Data           1  CH375MAI.O(.data)
    CH375DiskStatus                          0x20000025   Data           1  CH375MAI.O(.data)
    CH375LibConfig                           0x20000026   Data           1  CH375MAI.O(.data)
    CH375vDiskFat                            0x20000027   Data           1  CH375MAI.O(.data)
    CH375vSecPerClus                         0x20000028   Data           1  CH375MAI.O(.data)
    CH375vStartCluster                       0x2000002c   Data           4  CH375MAI.O(.data)
    CH375vFileSize                           0x20000030   Data           4  CH375MAI.O(.data)
    CH375vCurrentOffset                      0x20000034   Data           4  CH375MAI.O(.data)
    CH375vDiskRoot                           0x20000038   Data           4  CH375MAI.O(.data)
    CH375vDataStart                          0x2000003c   Data           4  CH375MAI.O(.data)
    CH375vFdtLba                             0x20000040   Data           4  CH375MAI.O(.data)
    CH375vFdtOffset                          0x20000044   Data           2  CH375MAI.O(.data)
    CH375Version2                            0x20000046   Data           1  CH375MAI.O(.data)
    CH375vSectorSize                         0x20000048   Data           2  CH375MAI.O(.data)
    pDISK_BASE_BUF                           0x2000004c   Data           4  CH375MAI.O(.data)
    CH375v01                                 0x20000050   Data           4  CH375MAI.O(.data)
    CH375v02                                 0x20000054   Data           4  CH375MAI.O(.data)
    CH375v03                                 0x20000058   Data           4  CH375MAI.O(.data)
    CH375v04                                 0x2000005c   Data           2  CH375MAI.O(.data)
    CH375v06                                 0x2000005e   Data           2  CH375MAI.O(.data)
    CH375v07                                 0x20000060   Data           1  CH375MAI.O(.data)
    CH375v08                                 0x20000064   Data           4  CH375MAI.O(.data)
    CH375v09                                 0x20000068   Data           4  CH375MAI.O(.data)
    CH375v11                                 0x2000006c   Data           1  CH375MAI.O(.data)
    CH375v12                                 0x2000006d   Data           1  CH375MAI.O(.data)
    CH375v13                                 0x2000006e   Data           1  CH375MAI.O(.data)
    CH375v14                                 0x20000070   Data           4  CH375MAI.O(.data)
    CH375v17                                 0x20000074   Data           4  CH375MAI.O(.data)
    CH375v18                                 0x20000078   Data           1  CH375MAI.O(.data)
    CH375v19                                 0x2000007c   Data           4  CH375MAI.O(.data)
    CH375v25                                 0x20000080   Data           4  CH375MAI.O(.data)
    CH375v26                                 0x20000084   Data           1  CH375MAI.O(.data)
    buf                                      0x20000088   Data        2048  main.o(.bss)
    RCC_ClockFreq                            0x20000888   Data          20  rcc.o(.bss)
    DISK_BASE_BUF                            0x200008a0   Data        2048  ch375.o(.bss)
    FILE_DATA_BUF                            0x200010a0   Data        2048  ch375.o(.bss)
    mCmdParam                                0x200018a0   Data          32  ch375.o(.bss)
    c375_FileState                           0x200018c0   Data          20  ch375.o(.bss)
    __libspace_start                         0x200018d4   Data          96  libspace.o(.bss)
    __temporary_stack_top$libspace           0x20001934   Data           0  libspace.o(.bss)



==============================================================================

Memory Map of the image

  Image Entry point : 0x08000131

  Load Region LR_IROM1 (Base: 0x08000000, Size: 0x00003d14, Max: 0x00008000, ABSOLUTE)

    Execution Region ER_IROM1 (Base: 0x08000000, Size: 0x00003c8c, Max: 0x00008000, ABSOLUTE)

    Base Addr    Size         Type   Attr      Idx    E Section Name        Object

    0x08000000   0x00000130   Data   RO         1262    RESET               startup_stm32f10x_hd.o
    0x08000130   0x00000008   Code   RO         1278  * !!!main             c_w.l(__main.o)
    0x08000138   0x00000034   Code   RO         1432    !!!scatter          c_w.l(__scatter.o)
    0x0800016c   0x0000001a   Code   RO         1434    !!handler_copy      c_w.l(__scatter_copy.o)
    0x08000186   0x00000002   PAD
    0x08000188   0x0000001c   Code   RO         1436    !!handler_zi        c_w.l(__scatter_zi.o)
    0x080001a4   0x00000002   Code   RO         1305    .ARM.Collect$$libinit$$00000000  c_w.l(libinit.o)
    0x080001a6   0x00000000   Code   RO         1312    .ARM.Collect$$libinit$$00000002  c_w.l(libinit2.o)
    0x080001a6   0x00000000   Code   RO         1315    .ARM.Collect$$libinit$$00000008  c_w.l(libinit2.o)
    0x080001a6   0x00000000   Code   RO         1317    .ARM.Collect$$libinit$$0000000A  c_w.l(libinit2.o)
    0x080001a6   0x00000000   Code   RO         1319    .ARM.Collect$$libinit$$0000000C  c_w.l(libinit2.o)
    0x080001a6   0x00000000   Code   RO         1322    .ARM.Collect$$libinit$$0000000F  c_w.l(libinit2.o)
    0x080001a6   0x00000000   Code   RO         1324    .ARM.Collect$$libinit$$00000011  c_w.l(libinit2.o)
    0x080001a6   0x00000000   Code   RO         1326    .ARM.Collect$$libinit$$00000013  c_w.l(libinit2.o)
    0x080001a6   0x00000000   Code   RO         1328    .ARM.Collect$$libinit$$00000015  c_w.l(libinit2.o)
    0x080001a6   0x00000000   Code   RO         1330    .ARM.Collect$$libinit$$00000017  c_w.l(libinit2.o)
    0x080001a6   0x00000000   Code   RO         1332    .ARM.Collect$$libinit$$00000019  c_w.l(libinit2.o)
    0x080001a6   0x00000000   Code   RO         1334    .ARM.Collect$$libinit$$0000001B  c_w.l(libinit2.o)
    0x080001a6   0x00000000   Code   RO         1336    .ARM.Collect$$libinit$$0000001D  c_w.l(libinit2.o)
    0x080001a6   0x00000000   Code   RO         1338    .ARM.Collect$$libinit$$0000001F  c_w.l(libinit2.o)
    0x080001a6   0x00000000   Code   RO         1340    .ARM.Collect$$libinit$$00000021  c_w.l(libinit2.o)
    0x080001a6   0x00000000   Code   RO         1342    .ARM.Collect$$libinit$$00000023  c_w.l(libinit2.o)
    0x080001a6   0x00000000   Code   RO         1346    .ARM.Collect$$libinit$$0000002A  c_w.l(libinit2.o)
    0x080001a6   0x00000000   Code   RO         1348    .ARM.Collect$$libinit$$0000002C  c_w.l(libinit2.o)
    0x080001a6   0x00000000   Code   RO         1350    .ARM.Collect$$libinit$$0000002E  c_w.l(libinit2.o)
    0x080001a6   0x00000000   Code   RO         1352    .ARM.Collect$$libinit$$00000030  c_w.l(libinit2.o)
    0x080001a6   0x00000002   Code   RO         1353    .ARM.Collect$$libinit$$00000031  c_w.l(libinit2.o)
    0x080001a8   0x00000002   Code   RO         1373    .ARM.Collect$$libshutdown$$00000000  c_w.l(libshutdown.o)
    0x080001aa   0x00000000   Code   RO         1387    .ARM.Collect$$libshutdown$$00000003  c_w.l(libshutdown2.o)
    0x080001aa   0x00000000   Code   RO         1390    .ARM.Collect$$libshutdown$$00000006  c_w.l(libshutdown2.o)
    0x080001aa   0x00000000   Code   RO         1393    .ARM.Collect$$libshutdown$$00000009  c_w.l(libshutdown2.o)
    0x080001aa   0x00000000   Code   RO         1395    .ARM.Collect$$libshutdown$$0000000B  c_w.l(libshutdown2.o)
    0x080001aa   0x00000000   Code   RO         1398    .ARM.Collect$$libshutdown$$0000000E  c_w.l(libshutdown2.o)
    0x080001aa   0x00000002   Code   RO         1399    .ARM.Collect$$libshutdown$$0000000F  c_w.l(libshutdown2.o)
    0x080001ac   0x00000000   Code   RO         1280    .ARM.Collect$$rtentry$$00000000  c_w.l(rtentry.o)
    0x080001ac   0x00000000   Code   RO         1282    .ARM.Collect$$rtentry$$00000002  c_w.l(rtentry2.o)
    0x080001ac   0x00000006   Code   RO         1294    .ARM.Collect$$rtentry$$00000004  c_w.l(rtentry4.o)
    0x080001b2   0x00000000   Code   RO         1284    .ARM.Collect$$rtentry$$00000009  c_w.l(rtentry2.o)
    0x080001b2   0x00000004   Code   RO         1285    .ARM.Collect$$rtentry$$0000000A  c_w.l(rtentry2.o)
    0x080001b6   0x00000000   Code   RO         1287    .ARM.Collect$$rtentry$$0000000C  c_w.l(rtentry2.o)
    0x080001b6   0x00000008   Code   RO         1288    .ARM.Collect$$rtentry$$0000000D  c_w.l(rtentry2.o)
    0x080001be   0x00000002   Code   RO         1309    .ARM.Collect$$rtexit$$00000000  c_w.l(rtexit.o)
    0x080001c0   0x00000000   Code   RO         1355    .ARM.Collect$$rtexit$$00000002  c_w.l(rtexit2.o)
    0x080001c0   0x00000004   Code   RO         1356    .ARM.Collect$$rtexit$$00000003  c_w.l(rtexit2.o)
    0x080001c4   0x00000006   Code   RO         1357    .ARM.Collect$$rtexit$$00000004  c_w.l(rtexit2.o)
    0x080001ca   0x00000002   PAD
    0x080001cc   0x00000006   Code   RO           70    .emb_text           main.o
    0x080001d2   0x00000002   PAD
    0x080001d4   0x00000048   Code   RO         1263    .text               startup_stm32f10x_hd.o
    0x0800021c   0x00001e6c   Code   RO         1267    .text               CH375HFM.LIB(CH375MAI.O)
    0x08002088   0x000007ac   Code   RO         1270    .text               CH375HFM.LIB(CH375SEC.O)
    0x08002834   0x00000048   Code   RO         1274    .text               c_w.l(strcpy.o)
    0x0800287c   0x00000006   Code   RO         1276    .text               c_w.l(heapauxi.o)
    0x08002882   0x0000004a   Code   RO         1296    .text               c_w.l(sys_stackheap_outer.o)
    0x080028cc   0x0000000c   Code   RO         1298    .text               c_w.l(exit.o)
    0x080028d8   0x00000008   Code   RO         1306    .text               c_w.l(libspace.o)
    0x080028e0   0x0000000c   Code   RO         1365    .text               c_w.l(sys_exit.o)
    0x080028ec   0x00000002   Code   RO         1376    .text               c_w.l(use_no_semi.o)
    0x080028ee   0x00000000   Code   RO         1378    .text               c_w.l(indicate_semi.o)
    0x080028ee   0x00000002   PAD
    0x080028f0   0x0000002c   Code   RO          149    i.CH375LibInit      ch375.o
    0x0800291c   0x00000058   Code   RO          150    i.CH375_Configuration  ch375.o
    0x08002974   0x00000010   Code   RO            1    i.ChipHalInit       hal.o
    0x08002984   0x00000008   Code   RO            2    i.ChipOutHalInit    hal.o
    0x0800298c   0x00000014   Code   RO          151    i.CloseFile         ch375.o
    0x080029a0   0x00000050   Code   RO          663    i.FLASH_ErasePage   stm32f10x_flash.o
    0x080029f0   0x00000034   Code   RO          667    i.FLASH_GetStatus   stm32f10x_flash.o
    0x08002a24   0x00000014   Code   RO          672    i.FLASH_Lock        stm32f10x_flash.o
    0x08002a38   0x00000044   Code   RO          674    i.FLASH_ProgramHalfWord  stm32f10x_flash.o
    0x08002a7c   0x00000018   Code   RO          679    i.FLASH_Unlock      stm32f10x_flash.o
    0x08002a94   0x0000002a   Code   RO          681    i.FLASH_WaitForLastOperation  stm32f10x_flash.o
    0x08002abe   0x00000116   Code   RO          813    i.GPIO_Init         stm32f10x_gpio.o
    0x08002bd4   0x00000008   Code   RO          816    i.GPIO_ReadInputData  stm32f10x_gpio.o
    0x08002bdc   0x00000012   Code   RO          817    i.GPIO_ReadInputDataBit  stm32f10x_gpio.o
    0x08002bee   0x00000004   Code   RO          820    i.GPIO_ResetBits    stm32f10x_gpio.o
    0x08002bf2   0x00000004   Code   RO          821    i.GPIO_SetBits      stm32f10x_gpio.o
    0x08002bf6   0x00000004   Code   RO          823    i.GPIO_Write        stm32f10x_gpio.o
    0x08002bfa   0x00000028   Code   RO          516    i.GetKeyPressed     usrkey.o
    0x08002c22   0x00000002   PAD
    0x08002c24   0x00000054   Code   RO          154    i.Init375           ch375.o
    0x08002c78   0x0000004c   Code   RO          155    i.InitUDisk         ch375.o
    0x08002cc4   0x0000008c   Code   RO          544    i.Key_Configuration  key.o
    0x08002d50   0x00000014   Code   RO          363    i.LCM_GET_DATA      lcm19264.o
    0x08002d64   0x00000024   Code   RO          364    i.LCM_SET_DATA      lcm19264.o
    0x08002d88   0x00000014   Code   RO          365    i.LcdSelectL        lcm19264.o
    0x08002d9c   0x00000014   Code   RO          366    i.LcdSelectM        lcm19264.o
    0x08002db0   0x00000014   Code   RO          367    i.LcdSelectR        lcm19264.o
    0x08002dc4   0x00000042   Code   RO          368    i.Locatexy          lcm19264.o
    0x08002e06   0x00000002   PAD
    0x08002e08   0x00000014   Code   RO          625    i.NVIC_SetVectorTable  misc.o
    0x08002e1c   0x00000060   Code   RO          157    i.OpenFile          ch375.o
    0x08002e7c   0x00000074   Code   RO          545    i.PollingKey        key.o
    0x08002ef0   0x00000020   Code   RO          920    i.RCC_APB2PeriphClockCmd  stm32f10x_rcc.o
    0x08002f10   0x00000014   Code   RO          114    i.RCC_Configuration  rcc.o
    0x08002f24   0x000000d4   Code   RO          928    i.RCC_GetClocksFreq  stm32f10x_rcc.o
    0x08002ff8   0x00000078   Code   RO          158    i.ReadBuffer        ch375.o
    0x08003070   0x000000d0   Code   RO          159    i.ReadFile          ch375.o
    0x08003140   0x0000002c   Code   RO          160    i.ReadSector        ch375.o
    0x0800316c   0x00000008   Code   RO          585    i.SetSysClock       system_stm32f10x.o
    0x08003174   0x000000e4   Code   RO          586    i.SetSysClockTo72   system_stm32f10x.o
    0x08003258   0x0000000c   Code   RO          115    i.SysTickDelay      rcc.o
    0x08003264   0x00000050   Code   RO          587    i.SystemInit        system_stm32f10x.o
    0x080032b4   0x00000050   Code   RO           71    i.UpdateFirmware    main.o
    0x08003304   0x00000040   Code   RO          369    i.Wrcmd             lcm19264.o
    0x08003344   0x00000010   Code   RO          370    i.WrcmdL            lcm19264.o
    0x08003354   0x00000010   Code   RO          371    i.WrcmdM            lcm19264.o
    0x08003364   0x00000010   Code   RO          372    i.WrcmdR            lcm19264.o
    0x08003374   0x00000040   Code   RO          373    i.Wrdat             lcm19264.o
    0x080033b4   0x0000001c   Code   RO          162    i.delay             ch375.o
    0x080033d0   0x0000001a   Code   RO          682    i.delay             stm32f10x_flash.o
    0x080033ea   0x00000038   Code   RO          116    i.delay_ms          rcc.o
    0x08003422   0x00000036   Code   RO          117    i.delay_us          rcc.o
    0x08003458   0x00000020   Code   RO           72    i.iap_load_app      main.o
    0x08003478   0x000000dc   Code   RO          517    i.kb_GetKey         usrkey.o
    0x08003554   0x00000008   Code   RO          518    i.kb_Init           usrkey.o
    0x0800355c   0x00000064   Code   RO          546    i.key_in            key.o
    0x080035c0   0x00000020   Code   RO          547    i.key_out_all       key.o
    0x080035e0   0x00000020   Code   RO          548    i.key_out_no        key.o
    0x08003600   0x00000010   Code   RO          549    i.keyscan_delay     key.o
    0x08003610   0x0000000c   Code   RO          374    i.lcmDelay          lcm19264.o
    0x0800361c   0x00000018   Code   RO          375    i.lcm_BackLightCtrl  lcm19264.o
    0x08003634   0x00000030   Code   RO          376    i.lcm_Clr           lcm19264.o
    0x08003664   0x00000040   Code   RO          377    i.lcm_Configuration  lcm19264.o
    0x080036a4   0x00000022   Code   RO          379    i.lcm_DisplayOpen   lcm19264.o
    0x080036c6   0x00000002   PAD
    0x080036c8   0x00000040   Code   RO          380    i.lcm_Init          lcm19264.o
    0x08003708   0x000000c8   Code   RO          381    i.lcm_Putcdot       lcm19264.o
    0x080037d0   0x000000b8   Code   RO          382    i.lcm_Putedot       lcm19264.o
    0x08003888   0x000000a4   Code   RO          383    i.lcm_Putstr        lcm19264.o
    0x0800392c   0x00000010   Code   RO          384    i.lcm_dat_in        lcm19264.o
    0x0800393c   0x00000010   Code   RO          385    i.lcm_dat_out       lcm19264.o
    0x0800394c   0x00000150   Code   RO           73    i.main              main.o
    0x08003a9c   0x0000004c   Code   RO          386    i.wtcom             lcm19264.o
    0x08003ae8   0x0000000a   Code   RO          163    i.xDelay100uS       ch375.o
    0x08003af2   0x0000000e   Code   RO          164    i.xDelayAfterWrite  ch375.o
    0x08003b00   0x00000002   Code   RO          165    i.xFileNameEnumer   ch375.o
    0x08003b02   0x00000002   PAD
    0x08003b04   0x0000004c   Code   RO          166    i.xQueryInterrupt   ch375.o
    0x08003b50   0x00000054   Code   RO          168    i.xReadCH375Data    ch375.o
    0x08003ba4   0x00000006   Code   RO          169    i.xReadFromExtBuf   ch375.o
    0x08003baa   0x00000002   PAD
    0x08003bac   0x00000054   Code   RO          170    i.xWriteCH375Cmd    ch375.o
    0x08003c00   0x00000054   Code   RO          171    i.xWriteCH375Data   ch375.o
    0x08003c54   0x00000006   Code   RO          172    i.xWriteToExtBuf    ch375.o
    0x08003c5a   0x00000011   Data   RO          519    .constdata          usrkey.o
    0x08003c6b   0x00000001   PAD
    0x08003c6c   0x00000020   Data   RO         1430    Region$$Table       anon$$obj.o


    Execution Region RW_IRAM1 (Base: 0x20000000, Size: 0x00002138, Max: 0x00010000, ABSOLUTE)

    Base Addr    Size         Type   Attr      Idx    E Section Name        Object

    0x20000000   0x00000004   Data   RW          174    .data               ch375.o
    0x20000004   0x00000009   Data   RW          520    .data               usrkey.o
    0x2000000d   0x00000014   Data   RW          948    .data               stm32f10x_rcc.o
    0x20000021   0x00000003   PAD
    0x20000024   0x00000061   Data   RW         1268    .data               CH375HFM.LIB(CH375MAI.O)
    0x20000085   0x00000003   PAD
    0x20000088   0x00000800   Zero   RW           74    .bss                main.o
    0x20000888   0x00000014   Zero   RW          118    .bss                rcc.o
    0x2000089c   0x00000004   PAD
    0x200008a0   0x00001034   Zero   RW          173    .bss                ch375.o
    0x200018d4   0x00000060   Zero   RW         1307    .bss                c_w.l(libspace.o)
    0x20001934   0x00000004   PAD
    0x20001938   0x00000000   Zero   RW         1261    HEAP                startup_stm32f10x_hd.o
    0x20001938   0x00000800   Zero   RW         1260    STACK               startup_stm32f10x_hd.o


==============================================================================

Image component sizes


      Code (inc. data)   RO Data    RW Data    ZI Data      Debug   Object Name

      1174        148          0          4       4148      18565   ch375.o
        24          0          0          0          0     223955   hal.o
       436         52          0          0          0       2781   key.o
      1260         86          0          0          0      13373   lcm19264.o
       454        148          0          0       2048       2769   main.o
        20          8          0          0          0        522   misc.o
       142          6          0          0         20       2085   rcc.o
        72         26        304          0       2048        888   startup_stm32f10x_hd.o
       312         30          0          0          0       5081   stm32f10x_flash.o
       316          0          0          0          0       4462   stm32f10x_gpio.o
       244         26          0         20          0       3821   stm32f10x_rcc.o
       316         20          0          0          0       1909   system_stm32f10x.o
       268         20         17          9          0       2281   usrkey.o

    ----------------------------------------------------------------------
      5050        570        354         36       8268     282492   Object Totals
         0          0         32          0          0          0   (incl. Generated)
        12          0          1          3          4          0   (incl. Padding)

    ----------------------------------------------------------------------

      Code (inc. data)   RO Data    RW Data    ZI Data      Debug   Library Member Name

      7788        530          0         97          0       1189   CH375MAI.O
      1964        102          0          0          0        249   CH375SEC.O
         8          0          0          0          0         68   __main.o
        52          8          0          0          0          0   __scatter.o
        26          0          0          0          0          0   __scatter_copy.o
        28          0          0          0          0          0   __scatter_zi.o
        12          0          0          0          0         72   exit.o
         6          0          0          0          0        152   heapauxi.o
         0          0          0          0          0          0   indicate_semi.o
         2          0          0          0          0          0   libinit.o
         2          0          0          0          0          0   libinit2.o
         2          0          0          0          0          0   libshutdown.o
         2          0          0          0          0          0   libshutdown2.o
         8          4          0          0         96         68   libspace.o
         0          0          0          0          0          0   rtentry.o
        12          0          0          0          0          0   rtentry2.o
         6          0          0          0          0          0   rtentry4.o
         2          0          0          0          0          0   rtexit.o
        10          0          0          0          0          0   rtexit2.o
        72          0          0          0          0         80   strcpy.o
        12          4          0          0          0         68   sys_exit.o
        74          0          0          0          0         80   sys_stackheap_outer.o
         2          0          0          0          0         68   use_no_semi.o

    ----------------------------------------------------------------------
     10096        648          0        100        100       2094   Library Totals
         6          0          0          3          4          0   (incl. Padding)

    ----------------------------------------------------------------------

      Code (inc. data)   RO Data    RW Data    ZI Data      Debug   Library Name

      9752        632          0         97          0       1438   CH375HFM.LIB
       338         16          0          0         96        656   c_w.l

    ----------------------------------------------------------------------
     10096        648          0        100        100       2094   Library Totals

    ----------------------------------------------------------------------

==============================================================================


      Code (inc. data)   RO Data    RW Data    ZI Data      Debug   

     15146       1218        354        136       8368     280322   Grand Totals
     15146       1218        354        136       8368     280322   ELF Image Totals
     15146       1218        354        136          0          0   ROM Totals

==============================================================================

    Total RO  Size (Code + RO Data)                15500 (  15.14kB)
    Total RW  Size (RW Data + ZI Data)              8504 (   8.30kB)
    Total ROM Size (Code + RO Data + RW Data)      15636 (  15.27kB)

==============================================================================

